D:/edgedownload/STM32F407VGT6_TensorFlow-Lite-Micro/stm32f4_tflm_project/tensorflow/lite/micro/memory_planner/greedy_memory_planner.h:113:8:virtual bool tflite::GreedyMemoryPlanner::preserves_all_tensors() const	0	static
D:/edgedownload/STM32F407VGT6_TensorFlow-Lite-Micro/stm32f4_tflm_project/tensorflow/lite/micro/memory_planner/greedy_memory_planner.cpp:62:14:virtual TfLiteStatus tflite::GreedyMemoryPlanner::Init(unsigned char*, int)	0	static
D:/edgedownload/STM32F407VGT6_TensorFlow-Lite-Micro/stm32f4_tflm_project/tensorflow/lite/micro/memory_planner/greedy_memory_planner.cpp:88:1:tflite::GreedyMemoryPlanner::~GreedyMemoryPlanner()	0	static
D:/edgedownload/STM32F407VGT6_TensorFlow-Lite-Micro/stm32f4_tflm_project/tensorflow/lite/micro/memory_planner/greedy_memory_planner.cpp:92:14:virtual TfLiteStatus tflite::GreedyMemoryPlanner::AddBuffer(int, int, int)	8	static
D:/edgedownload/STM32F407VGT6_TensorFlow-Lite-Micro/stm32f4_tflm_project/tensorflow/lite/micro/memory_planner/greedy_memory_planner.cpp:405:5:virtual int tflite::GreedyMemoryPlanner::GetBufferCount()	0	static
D:/edgedownload/STM32F407VGT6_TensorFlow-Lite-Micro/stm32f4_tflm_project/tensorflow/lite/micro/memory_planner/greedy_memory_planner.cpp:88:1:virtual tflite::GreedyMemoryPlanner::~GreedyMemoryPlanner()	16	static
D:/edgedownload/STM32F407VGT6_TensorFlow-Lite-Micro/stm32f4_tflm_project/tensorflow/lite/micro/memory_planner/greedy_memory_planner.cpp:108:14:virtual TfLiteStatus tflite::GreedyMemoryPlanner::AddBuffer(int, int, int, int)	24	static
D:/edgedownload/STM32F407VGT6_TensorFlow-Lite-Micro/stm32f4_tflm_project/tensorflow/lite/micro/memory_planner/greedy_memory_planner.cpp:42:6:void tflite::ReverseSortInPlace(int*, int*, int)	12	static
D:/edgedownload/STM32F407VGT6_TensorFlow-Lite-Micro/stm32f4_tflm_project/tensorflow/lite/micro/memory_planner/greedy_memory_planner.cpp:60:1:tflite::GreedyMemoryPlanner::GreedyMemoryPlanner()	0	static
D:/edgedownload/STM32F407VGT6_TensorFlow-Lite-Micro/stm32f4_tflm_project/tensorflow/lite/micro/memory_planner/greedy_memory_planner.cpp:119:6:bool tflite::GreedyMemoryPlanner::DoesEntryOverlapInTime(const ListEntry*, int, int) const	0	static
D:/edgedownload/STM32F407VGT6_TensorFlow-Lite-Micro/stm32f4_tflm_project/tensorflow/lite/micro/memory_planner/greedy_memory_planner.cpp:134:1:tflite::GreedyMemoryPlanner::ListEntry* tflite::GreedyMemoryPlanner::NextSimultaneouslyActiveBuffer(const ListEntry*, int, int)	8	static
D:/edgedownload/STM32F407VGT6_TensorFlow-Lite-Micro/stm32f4_tflm_project/tensorflow/lite/micro/memory_planner/greedy_memory_planner.cpp:162:6:void tflite::GreedyMemoryPlanner::CalculateOffsetsIfNeeded()	72	static
D:/edgedownload/STM32F407VGT6_TensorFlow-Lite-Micro/stm32f4_tflm_project/tensorflow/lite/micro/memory_planner/greedy_memory_planner.cpp:312:8:virtual size_t tflite::GreedyMemoryPlanner::GetMaximumMemorySize()	8	static
D:/edgedownload/STM32F407VGT6_TensorFlow-Lite-Micro/stm32f4_tflm_project/tensorflow/lite/micro/memory_planner/greedy_memory_planner.cpp:334:6:virtual void tflite::GreedyMemoryPlanner::PrintMemoryPlan()	0	static
D:/edgedownload/STM32F407VGT6_TensorFlow-Lite-Micro/stm32f4_tflm_project/tensorflow/lite/micro/memory_planner/greedy_memory_planner.cpp:407:14:virtual TfLiteStatus tflite::GreedyMemoryPlanner::GetOffsetForBuffer(int, int*)	16	static
D:/edgedownload/STM32F407VGT6_TensorFlow-Lite-Micro/stm32f4_tflm_project/tensorflow/lite/micro/memory_planner/greedy_memory_planner.cpp:419:6:bool tflite::GreedyMemoryPlanner::DoAnyBuffersOverlap()	56	static
