D:/edgedownload/STM32F407VGT6_TensorFlow-Lite-Micro/stm32f4_tflm_project/tensorflow/lite/micro/kernels/activations.cpp:33:7:void* tflite::{anonymous}::ReluInit(TfLiteContext*, const char*, size_t)	8	static
D:/edgedownload/STM32F407VGT6_TensorFlow-Lite-Micro/stm32f4_tflm_project/tensorflow/lite/micro/kernels/activations.cpp:80:7:void* tflite::{anonymous}::Relu6Init(TfLiteContext*, const char*, size_t)	8	static
D:/edgedownload/STM32F407VGT6_TensorFlow-Lite-Micro/stm32f4_tflm_project/tensorflow/lite/micro/kernels/activations.cpp:38:14:TfLiteStatus tflite::{anonymous}::ReluEval(TfLiteContext*, TfLiteNode*)	208	static
D:/edgedownload/STM32F407VGT6_TensorFlow-Lite-Micro/stm32f4_tflm_project/tensorflow/lite/micro/kernels/activations.cpp:85:14:TfLiteStatus tflite::{anonymous}::Relu6Eval(TfLiteContext*, TfLiteNode*)	200	static
D:/edgedownload/STM32F407VGT6_TensorFlow-Lite-Micro/stm32f4_tflm_project/tensorflow/lite/micro/kernels/activations.cpp:130:18:TFLMRegistration tflite::Register_RELU()	24	static
D:/edgedownload/STM32F407VGT6_TensorFlow-Lite-Micro/stm32f4_tflm_project/tensorflow/lite/micro/kernels/activations.cpp:134:18:TFLMRegistration tflite::Register_RELU6()	24	static
