D:/edgedownload/STM32F407VGT6_TensorFlow-Lite-Micro/stm32f4_tflm_project/tensorflow/lite/micro/kernels/call_once.cpp:44:14:TfLiteStatus tflite::{anonymous}::CallOncePrepare(TfLiteContext*, TfLiteNode*)	16	static
D:/edgedownload/STM32F407VGT6_TensorFlow-Lite-Micro/stm32f4_tflm_project/tensorflow/lite/micro/kernels/call_once.cpp:63:14:TfLiteStatus tflite::{anonymous}::CallOnceEval(TfLiteContext*, TfLiteNode*)	8	static
D:/edgedownload/STM32F407VGT6_TensorFlow-Lite-Micro/stm32f4_tflm_project/tensorflow/lite/micro/kernels/call_once.cpp:39:7:void* tflite::{anonymous}::CallOnceInit(TfLiteContext*, const char*, size_t)	8	static
D:/edgedownload/STM32F407VGT6_TensorFlow-Lite-Micro/stm32f4_tflm_project/tensorflow/lite/micro/kernels/call_once.cpp:84:18:TFLMRegistration tflite::Register_CALL_ONCE()	24	static
