D:/edgedownload/STM32F407VGT6_TensorFlow-Lite-Micro/stm32f4_tflm_project/tensorflow/lite/micro/kernels/conv_common.cpp:38:12:tflite::ConvParams tflite::ConvParamsFloat(const TfLiteConvParams&, const OpDataConv&)	16	static
D:/edgedownload/STM32F407VGT6_TensorFlow-Lite-Micro/stm32f4_tflm_project/tensorflow/lite/micro/kernels/conv_common.cpp:55:12:tflite::ConvParams tflite::ConvParamsQuantized(const TfLiteConvParams&, const OpDataConv&)	16	static
D:/edgedownload/STM32F407VGT6_TensorFlow-Lite-Micro/stm32f4_tflm_project/tensorflow/lite/micro/kernels/conv_common.cpp:75:7:void* tflite::ConvInit(TfLiteContext*, const char*, size_t)	8	static
D:/edgedownload/STM32F407VGT6_TensorFlow-Lite-Micro/stm32f4_tflm_project/tensorflow/lite/micro/kernels/conv_common.cpp:80:14:TfLiteStatus tflite::CalculateOpDataConv(TfLiteContext*, TfLiteNode*, const TfLiteConvParams&, int, int, int, int, int, int, TfLiteType, OpDataConv*)	88	static
D:/edgedownload/STM32F407VGT6_TensorFlow-Lite-Micro/stm32f4_tflm_project/tensorflow/lite/micro/kernels/conv_common.cpp:139:14:TfLiteStatus tflite::ConvPrepare(TfLiteContext*, TfLiteNode*)	136	static
