D:/edgedownload/STM32F407VGT6_TensorFlow-Lite-Micro/stm32f4_tflm_project/tensorflow/lite/micro/kernels/floor_div.cpp:60:7:void* tflite::{anonymous}::FloorDivInit(TfLiteContext*, const char*, size_t)	0	static
D:/edgedownload/STM32F407VGT6_TensorFlow-Lite-Micro/stm32f4_tflm_project/tensorflow/lite/micro/kernels/floor_div.cpp:64:14:TfLiteStatus tflite::{anonymous}::FloorDivPrepare(TfLiteContext*, TfLiteNode*)	24	static
D:/edgedownload/STM32F407VGT6_TensorFlow-Lite-Micro/stm32f4_tflm_project/tensorflow/lite/micro/kernels/floor_div.cpp:126:18:TFLMRegistration tflite::Register_FLOOR_DIV()	24	static
D:/edgedownload/STM32F407VGT6_TensorFlow-Lite-Micro/stm32f4_tflm_project/tensorflow/lite/kernels/internal/common.h:1083:22:void tflite::CopyDimsToDesc(const RuntimeShape&, NdArrayDesc<N>*) [with int N = 4]	8	static
D:/edgedownload/STM32F407VGT6_TensorFlow-Lite-Micro/stm32f4_tflm_project/tensorflow/lite/micro/kernels/floor_div.cpp:69:14:TfLiteStatus tflite::{anonymous}::EvalFloorDiv(TfLiteContext*, const TfLiteEvalTensor*, const TfLiteEvalTensor*, TfLiteEvalTensor*) [with T = float]	488	static
D:/edgedownload/STM32F407VGT6_TensorFlow-Lite-Micro/stm32f4_tflm_project/tensorflow/lite/micro/kernels/floor_div.cpp:104:14:TfLiteStatus tflite::{anonymous}::FloorDivEval(TfLiteContext*, TfLiteNode*)	24	static
