D:/edgedownload/STM32F407VGT6_TensorFlow-Lite-Micro/stm32f4_tflm_project/tensorflow/lite/micro/kernels/var_handle.cpp:75:14:TfLiteStatus tflite::{anonymous}::VarHandleEval(TfLiteContext*, TfLiteNode*)	8	static
D:/edgedownload/STM32F407VGT6_TensorFlow-Lite-Micro/stm32f4_tflm_project/tensorflow/lite/micro/kernels/var_handle.cpp:39:7:void* tflite::{anonymous}::VarHandleInit(TfLiteContext*, const char*, size_t)	8	static
D:/edgedownload/STM32F407VGT6_TensorFlow-Lite-Micro/stm32f4_tflm_project/tensorflow/lite/micro/kernels/var_handle.cpp:44:14:TfLiteStatus tflite::{anonymous}::VarHandlePrepare(TfLiteContext*, TfLiteNode*)	24	static
D:/edgedownload/STM32F407VGT6_TensorFlow-Lite-Micro/stm32f4_tflm_project/tensorflow/lite/micro/kernels/var_handle.cpp:89:18:TFLMRegistration tflite::Register_VAR_HANDLE()	24	static
