D:/edgedownload/STM32F407VGT6_TensorFlow-Lite-Micro/stm32f4_tflm_project/tensorflow/lite/micro/kernels/cmsis_nn/conv.cpp:40:7:void* tflite::{anonymous}::Init(TfLiteContext*, const char*, size_t)	8	static
D:/edgedownload/STM32F407VGT6_TensorFlow-Lite-Micro/stm32f4_tflm_project/tensorflow/lite/micro/kernels/cmsis_nn/conv.cpp:45:14:TfLiteStatus tflite::{anonymous}::Prepare(TfLiteContext*, TfLiteNode*)	232	static
D:/edgedownload/STM32F407VGT6_TensorFlow-Lite-Micro/stm32f4_tflm_project/tensorflow/lite/micro/kernels/cmsis_nn/conv.cpp:245:14:TfLiteStatus tflite::{anonymous}::EvalQuantizedPerChannel(TfLiteContext*, TfLiteNode*, const TfLiteConvParams&, const OpData&, const TfLiteEvalTensor*, const TfLiteEvalTensor*, const TfLiteEvalTensor*, TfLiteEvalTensor*) [with ActType = short int; BiasType = long long int; TfLiteType type = kTfLiteInt16]	184	static
D:/edgedownload/STM32F407VGT6_TensorFlow-Lite-Micro/stm32f4_tflm_project/tensorflow/lite/micro/kernels/cmsis_nn/conv.cpp:245:14:TfLiteStatus tflite::{anonymous}::EvalQuantizedPerChannel(TfLiteContext*, TfLiteNode*, const TfLiteConvParams&, const OpData&, const TfLiteEvalTensor*, const TfLiteEvalTensor*, const TfLiteEvalTensor*, TfLiteEvalTensor*) [with ActType = short int; BiasType = long int; TfLiteType type = kTfLiteInt16]	184	static
D:/edgedownload/STM32F407VGT6_TensorFlow-Lite-Micro/stm32f4_tflm_project/tensorflow/lite/micro/kernels/cmsis_nn/conv.cpp:369:14:TfLiteStatus tflite::{anonymous}::EvalInt16x8(TfLiteContext*, TfLiteNode*)	40	static
D:/edgedownload/STM32F407VGT6_TensorFlow-Lite-Micro/stm32f4_tflm_project/tensorflow/lite/micro/kernels/cmsis_nn/conv.cpp:245:14:TfLiteStatus tflite::{anonymous}::EvalQuantizedPerChannel(TfLiteContext*, TfLiteNode*, const TfLiteConvParams&, const OpData&, const TfLiteEvalTensor*, const TfLiteEvalTensor*, const TfLiteEvalTensor*, TfLiteEvalTensor*) [with ActType = signed char; BiasType = long int; TfLiteType type = kTfLiteInt8]	176	static
D:/edgedownload/STM32F407VGT6_TensorFlow-Lite-Micro/stm32f4_tflm_project/tensorflow/lite/micro/kernels/cmsis_nn/conv.cpp:347:14:TfLiteStatus tflite::{anonymous}::EvalInt8(TfLiteContext*, TfLiteNode*)	40	static
D:/edgedownload/STM32F407VGT6_TensorFlow-Lite-Micro/stm32f4_tflm_project/tensorflow/lite/micro/kernels/cmsis_nn/conv.cpp:245:14:TfLiteStatus tflite::{anonymous}::EvalQuantizedPerChannel(TfLiteContext*, TfLiteNode*, const TfLiteConvParams&, const OpData&, const TfLiteEvalTensor*, const TfLiteEvalTensor*, const TfLiteEvalTensor*, TfLiteEvalTensor*) [with ActType = signed char; BiasType = long int; TfLiteType type = kTfLiteInt4]	176	static
D:/edgedownload/STM32F407VGT6_TensorFlow-Lite-Micro/stm32f4_tflm_project/tensorflow/lite/micro/kernels/cmsis_nn/conv.cpp:325:14:TfLiteStatus tflite::{anonymous}::EvalInt4(TfLiteContext*, TfLiteNode*)	40	static
D:/edgedownload/STM32F407VGT6_TensorFlow-Lite-Micro/stm32f4_tflm_project/tensorflow/lite/micro/kernels/cmsis_nn/conv.cpp:405:14:TfLiteStatus tflite::{anonymous}::Eval(TfLiteContext*, TfLiteNode*)	448	static
D:/edgedownload/STM32F407VGT6_TensorFlow-Lite-Micro/stm32f4_tflm_project/tensorflow/lite/micro/kernels/cmsis_nn/conv.cpp:489:18:TFLMRegistration tflite::Register_CONV_2D()	24	static
D:/edgedownload/STM32F407VGT6_TensorFlow-Lite-Micro/stm32f4_tflm_project/tensorflow/lite/micro/kernels/cmsis_nn/conv.cpp:493:18:TFLMRegistration tflite::Register_CONV_2D_INT4()	24	static
D:/edgedownload/STM32F407VGT6_TensorFlow-Lite-Micro/stm32f4_tflm_project/tensorflow/lite/micro/kernels/cmsis_nn/conv.cpp:497:18:TFLMRegistration tflite::Register_CONV_2D_INT8()	24	static
D:/edgedownload/STM32F407VGT6_TensorFlow-Lite-Micro/stm32f4_tflm_project/tensorflow/lite/micro/kernels/cmsis_nn/conv.cpp:501:18:TFLMRegistration tflite::Register_CONV_2D_INT16()	24	static
