D:/edgedownload/STM32F407VGT6_TensorFlow-Lite-Micro/stm32f4_tflm_project/tensorflow/lite/kernels/internal/runtime_shape.h:64:3:tflite::RuntimeShape::~RuntimeShape()	16	static
D:/edgedownload/STM32F407VGT6_TensorFlow-Lite-Micro/stm32f4_tflm_project/tensorflow/lite/kernels/internal/runtime_shape.h:66:11:int32_t tflite::RuntimeShape::DimensionsCount() const	16	static
D:/edgedownload/STM32F407VGT6_TensorFlow-Lite-Micro/stm32f4_tflm_project/tensorflow/lite/kernels/internal/runtime_shape.h:67:11:int32_t tflite::RuntimeShape::Dims(int) const	16	static
D:/edgedownload/STM32F407VGT6_TensorFlow-Lite-Micro/stm32f4_tflm_project/tensorflow/lite/kernels/internal/runtime_shape.h:84:18:const int32_t* tflite::RuntimeShape::DimsData() const	16	static
D:/edgedownload/STM32F407VGT6_TensorFlow-Lite-Micro/stm32f4_tflm_project/tensorflow/lite/kernels/internal/runtime_shape.h:96:7:int tflite::RuntimeShape::FlatSize() const	32	static
D:/edgedownload/STM32F407VGT6_TensorFlow-Lite-Micro/stm32f4_tflm_project/tensorflow/lite/kernels/kernel_util.h:153:12:int tflite::NumDimensions(const TfLiteTensor*)	16	static
D:/edgedownload/STM32F407VGT6_TensorFlow-Lite-Micro/stm32f4_tflm_project/tensorflow/lite/kernels/kernel_util.h:158:12:int tflite::NumInputs(const TfLiteNode*)	16	static
D:/edgedownload/STM32F407VGT6_TensorFlow-Lite-Micro/stm32f4_tflm_project/tensorflow/lite/kernels/kernel_util.h:161:12:int tflite::NumOutputs(const TfLiteNode*)	16	static
D:/edgedownload/STM32F407VGT6_TensorFlow-Lite-Micro/stm32f4_tflm_project/third_party/flatbuffers/include/flatbuffers/util.h:50:13:bool flatbuffers::check_ascii_range(char, char, char)	16	static
D:/edgedownload/STM32F407VGT6_TensorFlow-Lite-Micro/stm32f4_tflm_project/third_party/flatbuffers/include/flatbuffers/util.h:58:13:bool flatbuffers::is_alpha(char)	16	static
D:/edgedownload/STM32F407VGT6_TensorFlow-Lite-Micro/stm32f4_tflm_project/third_party/flatbuffers/include/flatbuffers/util.h:67:13:bool flatbuffers::is_alpha_char(char, char)	16	static
D:/edgedownload/STM32F407VGT6_TensorFlow-Lite-Micro/stm32f4_tflm_project/third_party/flatbuffers/include/flatbuffers/util.h:78:13:bool flatbuffers::is_digit(char)	16	static
D:/edgedownload/STM32F407VGT6_TensorFlow-Lite-Micro/stm32f4_tflm_project/third_party/flatbuffers/include/flatbuffers/util.h:260:13:void flatbuffers::strtoval_impl(int64_t*, const char*, char**, int)	24	static
D:/edgedownload/STM32F407VGT6_TensorFlow-Lite-Micro/stm32f4_tflm_project/third_party/flatbuffers/include/flatbuffers/util.h:409:16:int64_t flatbuffers::StringToInt(const char*, int)	24	static
D:/edgedownload/STM32F407VGT6_TensorFlow-Lite-Micro/stm32f4_tflm_project/third_party/flatbuffers/include/flatbuffers/flexbuffers.h:155:16:int64_t flexbuffers::ReadInt64(const uint8_t*, uint8_t)	16	static
D:/edgedownload/STM32F407VGT6_TensorFlow-Lite-Micro/stm32f4_tflm_project/third_party/flatbuffers/include/flatbuffers/flexbuffers.h:160:17:uint64_t flexbuffers::ReadUInt64(const uint8_t*, uint8_t)	16	static
D:/edgedownload/STM32F407VGT6_TensorFlow-Lite-Micro/stm32f4_tflm_project/third_party/flatbuffers/include/flatbuffers/flexbuffers.h:181:15:double flexbuffers::ReadDouble(const uint8_t*, uint8_t)	16	static
D:/edgedownload/STM32F407VGT6_TensorFlow-Lite-Micro/stm32f4_tflm_project/third_party/flatbuffers/include/flatbuffers/flexbuffers.h:186:23:const uint8_t* flexbuffers::Indirect(const uint8_t*, uint8_t)	16	static
D:/edgedownload/STM32F407VGT6_TensorFlow-Lite-Micro/stm32f4_tflm_project/third_party/flatbuffers/include/flatbuffers/flexbuffers.h:221:3:flexbuffers::Object::Object(const uint8_t*, uint8_t)	24	static
D:/edgedownload/STM32F407VGT6_TensorFlow-Lite-Micro/stm32f4_tflm_project/third_party/flatbuffers/include/flatbuffers/flexbuffers.h:233:3:flexbuffers::Sized::Sized(const uint8_t*, uint8_t)	24	static
D:/edgedownload/STM32F407VGT6_TensorFlow-Lite-Micro/stm32f4_tflm_project/third_party/flatbuffers/include/flatbuffers/flexbuffers.h:236:3:flexbuffers::Sized::Sized(const uint8_t*, uint8_t, size_t)	24	static
D:/edgedownload/STM32F407VGT6_TensorFlow-Lite-Micro/stm32f4_tflm_project/third_party/flatbuffers/include/flatbuffers/flexbuffers.h:238:10:size_t flexbuffers::Sized::size() const	16	static
D:/edgedownload/STM32F407VGT6_TensorFlow-Lite-Micro/stm32f4_tflm_project/third_party/flatbuffers/include/flatbuffers/flexbuffers.h:240:10:size_t flexbuffers::Sized::read_size() const	16	static
D:/edgedownload/STM32F407VGT6_TensorFlow-Lite-Micro/stm32f4_tflm_project/third_party/flatbuffers/include/flatbuffers/flexbuffers.h:251:3:flexbuffers::String::String(const uint8_t*, uint8_t)	24	static
D:/edgedownload/STM32F407VGT6_TensorFlow-Lite-Micro/stm32f4_tflm_project/third_party/flatbuffers/include/flatbuffers/flexbuffers.h:253:3:flexbuffers::String::String(const uint8_t*, uint8_t, size_t)	24	static
D:/edgedownload/STM32F407VGT6_TensorFlow-Lite-Micro/stm32f4_tflm_project/third_party/flatbuffers/include/flatbuffers/flexbuffers.h:257:15:const char* flexbuffers::String::c_str() const	16	static
D:/edgedownload/STM32F407VGT6_TensorFlow-Lite-Micro/stm32f4_tflm_project/third_party/flatbuffers/include/flatbuffers/flexbuffers.h:260:17:static flexbuffers::String flexbuffers::String::EmptyString()	16	static
D:/edgedownload/STM32F407VGT6_TensorFlow-Lite-Micro/stm32f4_tflm_project/third_party/flatbuffers/include/flatbuffers/flexbuffers.h:282:3:flexbuffers::Vector::Vector(const uint8_t*, uint8_t)	24	static
D:/edgedownload/STM32F407VGT6_TensorFlow-Lite-Micro/stm32f4_tflm_project/third_party/flatbuffers/include/flatbuffers/flexbuffers.h:286:17:static flexbuffers::Vector flexbuffers::Vector::EmptyVector()	16	static
D:/edgedownload/STM32F407VGT6_TensorFlow-Lite-Micro/stm32f4_tflm_project/third_party/flatbuffers/include/flatbuffers/flexbuffers.h:295:3:flexbuffers::TypedVector::TypedVector(const uint8_t*, uint8_t, flexbuffers::Type)	24	static
D:/edgedownload/STM32F407VGT6_TensorFlow-Lite-Micro/stm32f4_tflm_project/third_party/flatbuffers/include/flatbuffers/flexbuffers.h:344:3:flexbuffers::Map::Map(const uint8_t*, uint8_t)	24	static
D:/edgedownload/STM32F407VGT6_TensorFlow-Lite-Micro/stm32f4_tflm_project/third_party/flatbuffers/include/flatbuffers/flexbuffers.h:351:15:flexbuffers::TypedVector flexbuffers::Map::Keys() const	32	static
D:/edgedownload/STM32F407VGT6_TensorFlow-Lite-Micro/stm32f4_tflm_project/third_party/flatbuffers/include/flatbuffers/flexbuffers.h:360:14:static flexbuffers::Map flexbuffers::Map::EmptyMap()	16	static
D:/edgedownload/STM32F407VGT6_TensorFlow-Lite-Micro/stm32f4_tflm_project/third_party/flatbuffers/include/flatbuffers/flexbuffers.h:416:3:flexbuffers::Reference::Reference(const uint8_t*, uint8_t, uint8_t)	24	static
D:/edgedownload/STM32F407VGT6_TensorFlow-Lite-Micro/stm32f4_tflm_project/third_party/flatbuffers/include/flatbuffers/flexbuffers.h:456:11:int64_t flexbuffers::Reference::AsInt64() const	48	static
D:/edgedownload/STM32F407VGT6_TensorFlow-Lite-Micro/stm32f4_tflm_project/third_party/flatbuffers/include/flatbuffers/flexbuffers.h:488:11:int32_t flexbuffers::Reference::AsInt32() const	16	static
D:/edgedownload/STM32F407VGT6_TensorFlow-Lite-Micro/stm32f4_tflm_project/third_party/flatbuffers/include/flatbuffers/flexbuffers.h:586:10:flexbuffers::String flexbuffers::Reference::AsString() const	32	static
D:/edgedownload/STM32F407VGT6_TensorFlow-Lite-Micro/stm32f4_tflm_project/third_party/flatbuffers/include/flatbuffers/flexbuffers.h:709:10:flexbuffers::Vector flexbuffers::Reference::AsVector() const	16	static
D:/edgedownload/STM32F407VGT6_TensorFlow-Lite-Micro/stm32f4_tflm_project/third_party/flatbuffers/include/flatbuffers/flexbuffers.h:746:7:flexbuffers::Map flexbuffers::Reference::AsMap() const	16	static
D:/edgedownload/STM32F407VGT6_TensorFlow-Lite-Micro/stm32f4_tflm_project/third_party/flatbuffers/include/flatbuffers/flexbuffers.h:834:18:const uint8_t* flexbuffers::Reference::Indirect() const	16	static
D:/edgedownload/STM32F407VGT6_TensorFlow-Lite-Micro/stm32f4_tflm_project/third_party/flatbuffers/include/flatbuffers/flexbuffers.h:948:16:uint8_t flexbuffers::PackedType(BitWidth, Type)	16	static
D:/edgedownload/STM32F407VGT6_TensorFlow-Lite-Micro/stm32f4_tflm_project/third_party/flatbuffers/include/flatbuffers/flexbuffers.h:952:16:uint8_t flexbuffers::NullPackedType()	8	static
D:/edgedownload/STM32F407VGT6_TensorFlow-Lite-Micro/stm32f4_tflm_project/third_party/flatbuffers/include/flatbuffers/flexbuffers.h:961:18:flexbuffers::Reference flexbuffers::Vector::operator[](size_t) const	40	static
D:/edgedownload/STM32F407VGT6_TensorFlow-Lite-Micro/stm32f4_tflm_project/third_party/flatbuffers/include/flatbuffers/flexbuffers.h:990:18:flexbuffers::Reference flexbuffers::Map::operator[](const char*) const	72	static
D:/edgedownload/STM32F407VGT6_TensorFlow-Lite-Micro/stm32f4_tflm_project/third_party/flatbuffers/include/flatbuffers/flexbuffers.h:1022:18:flexbuffers::Reference flexbuffers::GetRoot(const uint8_t*, size_t)	32	static
D:/edgedownload/STM32F407VGT6_TensorFlow-Lite-Micro/stm32f4_tflm_project/tensorflow/lite/micro/micro_context.h:181:22:tflite::MicroContext* tflite::GetMicroContext(const TfLiteContext*)	16	static
D:/edgedownload/STM32F407VGT6_TensorFlow-Lite-Micro/stm32f4_tflm_project/tensorflow/lite/portable_type_to_tflitetype.h:67:1:constexpr TfLiteType tflite::typeToTfLiteType() [with T = short int]	4	static
D:/edgedownload/STM32F407VGT6_TensorFlow-Lite-Micro/stm32f4_tflm_project/tensorflow/lite/portable_type_to_tflitetype.h:70:1:constexpr TfLiteType tflite::typeToTfLiteType() [with T = float]	4	static
D:/edgedownload/STM32F407VGT6_TensorFlow-Lite-Micro/stm32f4_tflm_project/signal/micro/kernels/overlap_add.cpp:152:7:void* tflite::{anonymous}::OverlapAddInitAll(TfLiteContext*, const char*, size_t)	64	static
D:/edgedownload/STM32F407VGT6_TensorFlow-Lite-Micro/stm32f4_tflm_project/signal/micro/kernels/overlap_add.cpp:170:14:TfLiteStatus tflite::{anonymous}::OverlapAddPrepareAll(TfLiteContext*, TfLiteNode*)	24	static
D:/edgedownload/STM32F407VGT6_TensorFlow-Lite-Micro/stm32f4_tflm_project/signal/micro/kernels/overlap_add.cpp:186:14:TfLiteStatus tflite::{anonymous}::OverlapAddEvalAll(TfLiteContext*, TfLiteNode*)	24	static
D:/edgedownload/STM32F407VGT6_TensorFlow-Lite-Micro/stm32f4_tflm_project/signal/micro/kernels/overlap_add.cpp:202:6:void tflite::{anonymous}::OverlapAddResetAll(TfLiteContext*, void*)	24	static
D:/edgedownload/STM32F407VGT6_TensorFlow-Lite-Micro/stm32f4_tflm_project/signal/micro/kernels/overlap_add.cpp:222:19:TFLMRegistration* tflite::tflm_signal::Register_OVERLAP_ADD()	16	static
D:/edgedownload/STM32F407VGT6_TensorFlow-Lite-Micro/stm32f4_tflm_project/signal/micro/kernels/overlap_add.cpp:229:19:TFLMRegistration* tflite::tflm_signal::Register_OVERLAP_ADD_FLOAT()	16	static
D:/edgedownload/STM32F407VGT6_TensorFlow-Lite-Micro/stm32f4_tflm_project/signal/micro/kernels/overlap_add.cpp:236:19:TFLMRegistration* tflite::tflm_signal::Register_OVERLAP_ADD_INT16()	16	static
D:/edgedownload/STM32F407VGT6_TensorFlow-Lite-Micro/stm32f4_tflm_project/third_party/flatbuffers/include/flatbuffers/base.h:426:24:T flatbuffers::EndianScalar(T) [with T = long unsigned int]	16	static
D:/edgedownload/STM32F407VGT6_TensorFlow-Lite-Micro/stm32f4_tflm_project/third_party/flatbuffers/include/flatbuffers/base.h:437:3:T flatbuffers::ReadScalar(const void*) [with T = long int]	16	static
D:/edgedownload/STM32F407VGT6_TensorFlow-Lite-Micro/stm32f4_tflm_project/third_party/flatbuffers/include/flatbuffers/base.h:437:3:T flatbuffers::ReadScalar(const void*) [with T = short unsigned int]	16	static
D:/edgedownload/STM32F407VGT6_TensorFlow-Lite-Micro/stm32f4_tflm_project/third_party/flatbuffers/include/flatbuffers/base.h:437:3:T flatbuffers::ReadScalar(const void*) [with T = unsigned char]	16	static
D:/edgedownload/STM32F407VGT6_TensorFlow-Lite-Micro/stm32f4_tflm_project/third_party/flatbuffers/include/flatbuffers/base.h:437:3:T flatbuffers::ReadScalar(const void*) [with T = long unsigned int]	16	static
D:/edgedownload/STM32F407VGT6_TensorFlow-Lite-Micro/stm32f4_tflm_project/third_party/flatbuffers/include/flatbuffers/util.h:298:13:bool flatbuffers::StringToIntegerImpl(T*, const char*, int, bool) [with T = long long int]	32	static
D:/edgedownload/STM32F407VGT6_TensorFlow-Lite-Micro/stm32f4_tflm_project/third_party/flatbuffers/include/flatbuffers/flexbuffers.h:145:3:R flexbuffers::ReadSizedScalar(const uint8_t*, uint8_t) [with R = long long int; T1 = signed char; T2 = short int; T4 = long int; T8 = long long int]	24	static
D:/edgedownload/STM32F407VGT6_TensorFlow-Lite-Micro/stm32f4_tflm_project/third_party/flatbuffers/include/flatbuffers/flexbuffers.h:145:3:R flexbuffers::ReadSizedScalar(const uint8_t*, uint8_t) [with R = long long unsigned int; T1 = unsigned char; T2 = short unsigned int; T4 = long unsigned int; T8 = long long unsigned int]	24	static
D:/edgedownload/STM32F407VGT6_TensorFlow-Lite-Micro/stm32f4_tflm_project/third_party/flatbuffers/include/flatbuffers/flexbuffers.h:145:3:R flexbuffers::ReadSizedScalar(const uint8_t*, uint8_t) [with R = double; T1 = signed char; T2 = short int; T4 = float; T8 = double]	16	static
D:/edgedownload/STM32F407VGT6_TensorFlow-Lite-Micro/stm32f4_tflm_project/third_party/flatbuffers/include/flatbuffers/flexbuffers.h:983:5:int flexbuffers::KeyCompare(const void*, const void*) [with T = unsigned char]	24	static
D:/edgedownload/STM32F407VGT6_TensorFlow-Lite-Micro/stm32f4_tflm_project/third_party/flatbuffers/include/flatbuffers/flexbuffers.h:983:5:int flexbuffers::KeyCompare(const void*, const void*) [with T = short unsigned int]	24	static
D:/edgedownload/STM32F407VGT6_TensorFlow-Lite-Micro/stm32f4_tflm_project/third_party/flatbuffers/include/flatbuffers/flexbuffers.h:983:5:int flexbuffers::KeyCompare(const void*, const void*) [with T = long unsigned int]	24	static
D:/edgedownload/STM32F407VGT6_TensorFlow-Lite-Micro/stm32f4_tflm_project/third_party/flatbuffers/include/flatbuffers/flexbuffers.h:983:5:int flexbuffers::KeyCompare(const void*, const void*) [with T = long long unsigned int]	24	static
D:/edgedownload/STM32F407VGT6_TensorFlow-Lite-Micro/stm32f4_tflm_project/signal/micro/kernels/overlap_add.cpp:58:7:void* tflite::{anonymous}::OverlapAddInit(TfLiteContext*, const char*, size_t) [with T = short int]	48	static
D:/edgedownload/STM32F407VGT6_TensorFlow-Lite-Micro/stm32f4_tflm_project/signal/micro/kernels/overlap_add.cpp:58:7:void* tflite::{anonymous}::OverlapAddInit(TfLiteContext*, const char*, size_t) [with T = float]	48	static
D:/edgedownload/STM32F407VGT6_TensorFlow-Lite-Micro/stm32f4_tflm_project/signal/micro/kernels/overlap_add.cpp:77:14:TfLiteStatus tflite::{anonymous}::OverlapAddPrepare(TfLiteContext*, TfLiteNode*) [with T = short int; TfLiteType TfLiteTypeEnum = kTfLiteInt16]	104	static
D:/edgedownload/STM32F407VGT6_TensorFlow-Lite-Micro/stm32f4_tflm_project/signal/micro/kernels/overlap_add.cpp:77:14:TfLiteStatus tflite::{anonymous}::OverlapAddPrepare(TfLiteContext*, TfLiteNode*) [with T = float; TfLiteType TfLiteTypeEnum = kTfLiteFloat32]	104	static
D:/edgedownload/STM32F407VGT6_TensorFlow-Lite-Micro/stm32f4_tflm_project/signal/micro/kernels/overlap_add.cpp:124:14:TfLiteStatus tflite::{anonymous}::OverlapAddEval(TfLiteContext*, TfLiteNode*) [with T = short int]	64	static
D:/edgedownload/STM32F407VGT6_TensorFlow-Lite-Micro/stm32f4_tflm_project/signal/micro/kernels/overlap_add.cpp:124:14:TfLiteStatus tflite::{anonymous}::OverlapAddEval(TfLiteContext*, TfLiteNode*) [with T = float]	64	static
D:/edgedownload/STM32F407VGT6_TensorFlow-Lite-Micro/stm32f4_tflm_project/signal/micro/kernels/overlap_add.cpp:148:6:void tflite::{anonymous}::OverlapAddReset(TfLiteContext*, void*) [with T = short int]	16	static
D:/edgedownload/STM32F407VGT6_TensorFlow-Lite-Micro/stm32f4_tflm_project/signal/micro/kernels/overlap_add.cpp:148:6:void tflite::{anonymous}::OverlapAddReset(TfLiteContext*, void*) [with T = float]	16	static
D:/edgedownload/STM32F407VGT6_TensorFlow-Lite-Micro/stm32f4_tflm_project/third_party/flatbuffers/include/flatbuffers/base.h:437:3:T flatbuffers::ReadScalar(const void*) [with T = long long unsigned int]	16	static
D:/edgedownload/STM32F407VGT6_TensorFlow-Lite-Micro/stm32f4_tflm_project/third_party/flatbuffers/include/flatbuffers/base.h:426:24:T flatbuffers::EndianScalar(T) [with T = long int]	16	static
D:/edgedownload/STM32F407VGT6_TensorFlow-Lite-Micro/stm32f4_tflm_project/third_party/flatbuffers/include/flatbuffers/base.h:426:24:T flatbuffers::EndianScalar(T) [with T = short unsigned int]	16	static
D:/edgedownload/STM32F407VGT6_TensorFlow-Lite-Micro/stm32f4_tflm_project/third_party/flatbuffers/include/flatbuffers/base.h:426:24:T flatbuffers::EndianScalar(T) [with T = unsigned char]	16	static
D:/edgedownload/STM32F407VGT6_TensorFlow-Lite-Micro/stm32f4_tflm_project/third_party/flatbuffers/include/flatbuffers/base.h:437:3:T flatbuffers::ReadScalar(const void*) [with T = signed char]	16	static
D:/edgedownload/STM32F407VGT6_TensorFlow-Lite-Micro/stm32f4_tflm_project/third_party/flatbuffers/include/flatbuffers/base.h:437:3:T flatbuffers::ReadScalar(const void*) [with T = short int]	16	static
D:/edgedownload/STM32F407VGT6_TensorFlow-Lite-Micro/stm32f4_tflm_project/third_party/flatbuffers/include/flatbuffers/base.h:437:3:T flatbuffers::ReadScalar(const void*) [with T = long long int]	16	static
D:/edgedownload/STM32F407VGT6_TensorFlow-Lite-Micro/stm32f4_tflm_project/third_party/flatbuffers/include/flatbuffers/base.h:437:3:T flatbuffers::ReadScalar(const void*) [with T = float]	16	static
D:/edgedownload/STM32F407VGT6_TensorFlow-Lite-Micro/stm32f4_tflm_project/third_party/flatbuffers/include/flatbuffers/base.h:437:3:T flatbuffers::ReadScalar(const void*) [with T = double]	16	static
D:/edgedownload/STM32F407VGT6_TensorFlow-Lite-Micro/stm32f4_tflm_project/third_party/flatbuffers/include/flatbuffers/base.h:426:24:T flatbuffers::EndianScalar(T) [with T = long long int]	16	static
D:/edgedownload/STM32F407VGT6_TensorFlow-Lite-Micro/stm32f4_tflm_project/third_party/flatbuffers/include/flatbuffers/base.h:426:24:T flatbuffers::EndianScalar(T) [with T = long long unsigned int]	16	static
D:/edgedownload/STM32F407VGT6_TensorFlow-Lite-Micro/stm32f4_tflm_project/third_party/flatbuffers/include/flatbuffers/flexbuffers.h:191:16:const uint8_t* flexbuffers::Indirect(const uint8_t*) [with T = unsigned char]	16	static
D:/edgedownload/STM32F407VGT6_TensorFlow-Lite-Micro/stm32f4_tflm_project/third_party/flatbuffers/include/flatbuffers/flexbuffers.h:191:16:const uint8_t* flexbuffers::Indirect(const uint8_t*) [with T = short unsigned int]	16	static
D:/edgedownload/STM32F407VGT6_TensorFlow-Lite-Micro/stm32f4_tflm_project/third_party/flatbuffers/include/flatbuffers/flexbuffers.h:191:16:const uint8_t* flexbuffers::Indirect(const uint8_t*) [with T = long unsigned int]	16	static
D:/edgedownload/STM32F407VGT6_TensorFlow-Lite-Micro/stm32f4_tflm_project/third_party/flatbuffers/include/flatbuffers/flexbuffers.h:191:16:const uint8_t* flexbuffers::Indirect(const uint8_t*) [with T = long long unsigned int]	16	static
D:/edgedownload/STM32F407VGT6_TensorFlow-Lite-Micro/stm32f4_tflm_project/third_party/flatbuffers/include/flatbuffers/base.h:426:24:T flatbuffers::EndianScalar(T) [with T = double]	16	static
D:/edgedownload/STM32F407VGT6_TensorFlow-Lite-Micro/stm32f4_tflm_project/third_party/flatbuffers/include/flatbuffers/base.h:426:24:T flatbuffers::EndianScalar(T) [with T = float]	16	static
D:/edgedownload/STM32F407VGT6_TensorFlow-Lite-Micro/stm32f4_tflm_project/signal/micro/kernels/overlap_add.cpp:51:6:void tflite::{anonymous}::OverlapAddResetState(TFLMSignalOverlapAddParams<T>*) [with T = short int]	24	static
D:/edgedownload/STM32F407VGT6_TensorFlow-Lite-Micro/stm32f4_tflm_project/signal/micro/kernels/overlap_add.cpp:51:6:void tflite::{anonymous}::OverlapAddResetState(TFLMSignalOverlapAddParams<T>*) [with T = float]	24	static
D:/edgedownload/STM32F407VGT6_TensorFlow-Lite-Micro/stm32f4_tflm_project/tensorflow/lite/micro/kernels/kernel_util.h:83:10:const T* tflite::micro::GetTensorData(const TfLiteEvalTensor*) [with T = short int]	16	static
D:/edgedownload/STM32F407VGT6_TensorFlow-Lite-Micro/stm32f4_tflm_project/tensorflow/lite/micro/kernels/kernel_util.h:76:4:T* tflite::micro::GetTensorData(TfLiteEvalTensor*) [with T = short int]	16	static
D:/edgedownload/STM32F407VGT6_TensorFlow-Lite-Micro/stm32f4_tflm_project/tensorflow/lite/micro/kernels/kernel_util.h:83:10:const T* tflite::micro::GetTensorData(const TfLiteEvalTensor*) [with T = float]	16	static
D:/edgedownload/STM32F407VGT6_TensorFlow-Lite-Micro/stm32f4_tflm_project/tensorflow/lite/micro/kernels/kernel_util.h:76:4:T* tflite::micro::GetTensorData(TfLiteEvalTensor*) [with T = float]	16	static
D:/edgedownload/STM32F407VGT6_TensorFlow-Lite-Micro/stm32f4_tflm_project/third_party/flatbuffers/include/flatbuffers/base.h:426:24:T flatbuffers::EndianScalar(T) [with T = signed char]	16	static
D:/edgedownload/STM32F407VGT6_TensorFlow-Lite-Micro/stm32f4_tflm_project/third_party/flatbuffers/include/flatbuffers/base.h:426:24:T flatbuffers::EndianScalar(T) [with T = short int]	16	static
