D:/edgedownload/STM32F407VGT6_TensorFlow-Lite-Micro/stm32f4_tflm_project/tensorflow/lite/kernels/internal/common.h:1083:22:void tflite::CopyDimsToDesc(const RuntimeShape&, NdArrayDesc<N>*) [with int N = 4]	8	static
D:/edgedownload/STM32F407VGT6_TensorFlow-Lite-Micro/stm32f4_tflm_project/tensorflow/lite/kernels/internal/reference/comparisons.cpp:25:33:tflite::reference_ops::BroadcastComparison4DSlowCommon tflite::reference_ops::BroadcastComparison4DSlowPreprocess(const tflite::RuntimeShape&, const tflite::RuntimeShape&, const tflite::RuntimeShape&)	160	static
