D:/edgedownload/STM32F407VGT6_TensorFlow-Lite-Micro/stm32f4_tflm_project/tensorflow/lite/micro/arena_allocator/persistent_arena_buffer_allocator.cpp:28:1:tflite::PersistentArenaBufferAllocator::~PersistentArenaBufferAllocator()	0	static
D:/edgedownload/STM32F407VGT6_TensorFlow-Lite-Micro/stm32f4_tflm_project/tensorflow/lite/micro/arena_allocator/persistent_arena_buffer_allocator.cpp:48:8:virtual size_t tflite::PersistentArenaBufferAllocator::GetPersistentUsedBytes() const	0	static
D:/edgedownload/STM32F407VGT6_TensorFlow-Lite-Micro/stm32f4_tflm_project/tensorflow/lite/micro/arena_allocator/persistent_arena_buffer_allocator.cpp:28:1:virtual tflite::PersistentArenaBufferAllocator::~PersistentArenaBufferAllocator()	16	static
D:/edgedownload/STM32F407VGT6_TensorFlow-Lite-Micro/stm32f4_tflm_project/tensorflow/lite/micro/arena_allocator/persistent_arena_buffer_allocator.cpp:30:10:virtual uint8_t* tflite::PersistentArenaBufferAllocator::AllocatePersistentBuffer(size_t, size_t)	8	static
D:/edgedownload/STM32F407VGT6_TensorFlow-Lite-Micro/stm32f4_tflm_project/tensorflow/lite/micro/arena_allocator/persistent_arena_buffer_allocator.cpp:22:1:tflite::PersistentArenaBufferAllocator::PersistentArenaBufferAllocator(uint8_t*, size_t)	0	static
