D:/edgedownload/STM32F407VGT6_TensorFlow-Lite-Micro/stm32f4_tflm_project/tensorflow/lite/core/api/flatbuffer_conversions.cpp:84:21:TfLiteStatus tflite::{anonymous}::FlatBufferIntVectorToArray(int, const flatbuffers::Vector<U>*, DataType*, tflite::ErrorReporter*, const char*) [with DataType = long long int]	0	static
D:/edgedownload/STM32F407VGT6_TensorFlow-Lite-Micro/stm32f4_tflm_project/tensorflow/lite/core/api/flatbuffer_conversions.cpp:84:21:TfLiteStatus tflite::{anonymous}::FlatBufferIntVectorToArray(int, const flatbuffers::Vector<U>*, DataType*, tflite::ErrorReporter*, const char*) [with DataType = long int]	8	static
D:/edgedownload/STM32F407VGT6_TensorFlow-Lite-Micro/stm32f4_tflm_project/tensorflow/lite/core/api/flatbuffer_conversions.cpp:1038:14:TfLiteStatus tflite::ConvertTensorType(TensorType, TfLiteType*, ErrorReporter*)	0	static
D:/edgedownload/STM32F407VGT6_TensorFlow-Lite-Micro/stm32f4_tflm_project/tensorflow/lite/core/api/flatbuffer_conversions.cpp:1115:14:TfLiteStatus tflite::ParseAbs(const Operator*, ErrorReporter*, BuiltinDataAllocator*, void**)	0	static
D:/edgedownload/STM32F407VGT6_TensorFlow-Lite-Micro/stm32f4_tflm_project/tensorflow/lite/core/api/flatbuffer_conversions.cpp:1120:14:TfLiteStatus tflite::ParseAdd(const Operator*, ErrorReporter*, BuiltinDataAllocator*, void**)	24	static
D:/edgedownload/STM32F407VGT6_TensorFlow-Lite-Micro/stm32f4_tflm_project/tensorflow/lite/core/api/flatbuffer_conversions.cpp:1145:14:TfLiteStatus tflite::ParseAddN(const Operator*, ErrorReporter*, BuiltinDataAllocator*, void**)	0	static
D:/edgedownload/STM32F407VGT6_TensorFlow-Lite-Micro/stm32f4_tflm_project/tensorflow/lite/core/api/flatbuffer_conversions.cpp:1150:14:TfLiteStatus tflite::ParseArgMax(const Operator*, ErrorReporter*, BuiltinDataAllocator*, void**)	24	static
D:/edgedownload/STM32F407VGT6_TensorFlow-Lite-Micro/stm32f4_tflm_project/tensorflow/lite/core/api/flatbuffer_conversions.cpp:1175:14:TfLiteStatus tflite::ParseArgMin(const Operator*, ErrorReporter*, BuiltinDataAllocator*, void**)	24	static
D:/edgedownload/STM32F407VGT6_TensorFlow-Lite-Micro/stm32f4_tflm_project/tensorflow/lite/core/api/flatbuffer_conversions.cpp:1203:14:TfLiteStatus tflite::ParseAssignVariable(const Operator*, ErrorReporter*, BuiltinDataAllocator*, void**)	0	static
D:/edgedownload/STM32F407VGT6_TensorFlow-Lite-Micro/stm32f4_tflm_project/tensorflow/lite/core/api/flatbuffer_conversions.cpp:1211:14:TfLiteStatus tflite::ParseBatchMatMul(const Operator*, ErrorReporter*, BuiltinDataAllocator*, void**)	24	static
D:/edgedownload/STM32F407VGT6_TensorFlow-Lite-Micro/stm32f4_tflm_project/tensorflow/lite/core/api/flatbuffer_conversions.cpp:1232:14:TfLiteStatus tflite::ParseBatchToSpaceNd(const Operator*, ErrorReporter*, BuiltinDataAllocator*, void**)	0	static
D:/edgedownload/STM32F407VGT6_TensorFlow-Lite-Micro/stm32f4_tflm_project/tensorflow/lite/core/api/flatbuffer_conversions.cpp:1240:14:TfLiteStatus tflite::ParseBroadcastArgs(const Operator*, ErrorReporter*, BuiltinDataAllocator*, void**)	0	static
D:/edgedownload/STM32F407VGT6_TensorFlow-Lite-Micro/stm32f4_tflm_project/tensorflow/lite/core/api/flatbuffer_conversions.cpp:1248:14:TfLiteStatus tflite::ParseBroadcastTo(const Operator*, ErrorReporter*, BuiltinDataAllocator*, void**)	0	static
D:/edgedownload/STM32F407VGT6_TensorFlow-Lite-Micro/stm32f4_tflm_project/tensorflow/lite/core/api/flatbuffer_conversions.cpp:1253:14:TfLiteStatus tflite::ParseCallOnce(const Operator*, ErrorReporter*, BuiltinDataAllocator*, void**)	24	static
D:/edgedownload/STM32F407VGT6_TensorFlow-Lite-Micro/stm32f4_tflm_project/tensorflow/lite/core/api/flatbuffer_conversions.cpp:1283:14:TfLiteStatus tflite::ParseCast(const Operator*, ErrorReporter*, BuiltinDataAllocator*, void**)	40	static
D:/edgedownload/STM32F407VGT6_TensorFlow-Lite-Micro/stm32f4_tflm_project/tensorflow/lite/core/api/flatbuffer_conversions.cpp:1304:14:TfLiteStatus tflite::ParseCeil(const Operator*, ErrorReporter*, BuiltinDataAllocator*, void**)	0	static
D:/edgedownload/STM32F407VGT6_TensorFlow-Lite-Micro/stm32f4_tflm_project/tensorflow/lite/core/api/flatbuffer_conversions.cpp:1309:14:TfLiteStatus tflite::ParseConcatenation(const Operator*, ErrorReporter*, BuiltinDataAllocator*, void**)	24	static
D:/edgedownload/STM32F407VGT6_TensorFlow-Lite-Micro/stm32f4_tflm_project/tensorflow/lite/core/api/flatbuffer_conversions.cpp:1338:14:TfLiteStatus tflite::ParseConv2D(const Operator*, ErrorReporter*, BuiltinDataAllocator*, void**)	32	static
D:/edgedownload/STM32F407VGT6_TensorFlow-Lite-Micro/stm32f4_tflm_project/tensorflow/lite/core/api/flatbuffer_conversions.cpp:1375:14:TfLiteStatus tflite::ParseCumsum(const Operator*, ErrorReporter*, BuiltinDataAllocator*, void**)	24	static
D:/edgedownload/STM32F407VGT6_TensorFlow-Lite-Micro/stm32f4_tflm_project/tensorflow/lite/core/api/flatbuffer_conversions.cpp:1393:14:TfLiteStatus tflite::ParseCos(const Operator*, ErrorReporter*, BuiltinDataAllocator*, void**)	0	static
D:/edgedownload/STM32F407VGT6_TensorFlow-Lite-Micro/stm32f4_tflm_project/tensorflow/lite/core/api/flatbuffer_conversions.cpp:1398:14:TfLiteStatus tflite::ParseDepthToSpace(const Operator*, ErrorReporter*, BuiltinDataAllocator*, void**)	24	static
D:/edgedownload/STM32F407VGT6_TensorFlow-Lite-Micro/stm32f4_tflm_project/tensorflow/lite/core/api/flatbuffer_conversions.cpp:1423:14:TfLiteStatus tflite::ParseDepthwiseConv2D(const Operator*, ErrorReporter*, BuiltinDataAllocator*, void**)	24	static
D:/edgedownload/STM32F407VGT6_TensorFlow-Lite-Micro/stm32f4_tflm_project/tensorflow/lite/core/api/flatbuffer_conversions.cpp:1462:14:TfLiteStatus tflite::ParseDequantize(const Operator*, ErrorReporter*, BuiltinDataAllocator*, void**)	0	static
D:/edgedownload/STM32F407VGT6_TensorFlow-Lite-Micro/stm32f4_tflm_project/tensorflow/lite/core/api/flatbuffer_conversions.cpp:1467:14:TfLiteStatus tflite::ParseDiv(const Operator*, ErrorReporter*, BuiltinDataAllocator*, void**)	24	static
D:/edgedownload/STM32F407VGT6_TensorFlow-Lite-Micro/stm32f4_tflm_project/tensorflow/lite/core/api/flatbuffer_conversions.cpp:1485:14:TfLiteStatus tflite::ParseDynamicUpdateSlice(const Operator*, ErrorReporter*, BuiltinDataAllocator*, void**)	0	static
D:/edgedownload/STM32F407VGT6_TensorFlow-Lite-Micro/stm32f4_tflm_project/tensorflow/lite/core/api/flatbuffer_conversions.cpp:1493:14:TfLiteStatus tflite::ParseElu(const Operator*, ErrorReporter*, BuiltinDataAllocator*, void**)	0	static
D:/edgedownload/STM32F407VGT6_TensorFlow-Lite-Micro/stm32f4_tflm_project/tensorflow/lite/core/api/flatbuffer_conversions.cpp:1501:14:TfLiteStatus tflite::ParseEmbeddingLookup(const Operator*, ErrorReporter*, BuiltinDataAllocator*, void**)	0	static
D:/edgedownload/STM32F407VGT6_TensorFlow-Lite-Micro/stm32f4_tflm_project/tensorflow/lite/core/api/flatbuffer_conversions.cpp:1509:14:TfLiteStatus tflite::ParseEqual(const Operator*, ErrorReporter*, BuiltinDataAllocator*, void**)	0	static
D:/edgedownload/STM32F407VGT6_TensorFlow-Lite-Micro/stm32f4_tflm_project/tensorflow/lite/core/api/flatbuffer_conversions.cpp:1517:14:TfLiteStatus tflite::ParseExp(const Operator*, ErrorReporter*, BuiltinDataAllocator*, void**)	0	static
D:/edgedownload/STM32F407VGT6_TensorFlow-Lite-Micro/stm32f4_tflm_project/tensorflow/lite/core/api/flatbuffer_conversions.cpp:1525:14:TfLiteStatus tflite::ParseExpandDims(const Operator*, ErrorReporter*, BuiltinDataAllocator*, void**)	0	static
D:/edgedownload/STM32F407VGT6_TensorFlow-Lite-Micro/stm32f4_tflm_project/tensorflow/lite/core/api/flatbuffer_conversions.cpp:1533:14:TfLiteStatus tflite::ParseFill(const Operator*, ErrorReporter*, BuiltinDataAllocator*, void**)	0	static
D:/edgedownload/STM32F407VGT6_TensorFlow-Lite-Micro/stm32f4_tflm_project/tensorflow/lite/core/api/flatbuffer_conversions.cpp:1541:14:TfLiteStatus tflite::ParseFloor(const Operator*, ErrorReporter*, BuiltinDataAllocator*, void**)	0	static
D:/edgedownload/STM32F407VGT6_TensorFlow-Lite-Micro/stm32f4_tflm_project/tensorflow/lite/core/api/flatbuffer_conversions.cpp:1549:14:TfLiteStatus tflite::ParseFloorDiv(const Operator*, ErrorReporter*, BuiltinDataAllocator*, void**)	0	static
D:/edgedownload/STM32F407VGT6_TensorFlow-Lite-Micro/stm32f4_tflm_project/tensorflow/lite/core/api/flatbuffer_conversions.cpp:1557:14:TfLiteStatus tflite::ParseFloorMod(const Operator*, ErrorReporter*, BuiltinDataAllocator*, void**)	0	static
D:/edgedownload/STM32F407VGT6_TensorFlow-Lite-Micro/stm32f4_tflm_project/tensorflow/lite/core/api/flatbuffer_conversions.cpp:1562:14:TfLiteStatus tflite::ParseFullyConnected(const Operator*, ErrorReporter*, BuiltinDataAllocator*, void**)	40	static
D:/edgedownload/STM32F407VGT6_TensorFlow-Lite-Micro/stm32f4_tflm_project/tensorflow/lite/core/api/flatbuffer_conversions.cpp:1613:14:TfLiteStatus tflite::ParseGather(const Operator*, ErrorReporter*, BuiltinDataAllocator*, void**)	24	static
D:/edgedownload/STM32F407VGT6_TensorFlow-Lite-Micro/stm32f4_tflm_project/tensorflow/lite/core/api/flatbuffer_conversions.cpp:1634:14:TfLiteStatus tflite::ParseGatherNd(const Operator*, ErrorReporter*, BuiltinDataAllocator*, void**)	0	static
D:/edgedownload/STM32F407VGT6_TensorFlow-Lite-Micro/stm32f4_tflm_project/tensorflow/lite/core/api/flatbuffer_conversions.cpp:1642:14:TfLiteStatus tflite::ParseGreater(const Operator*, ErrorReporter*, BuiltinDataAllocator*, void**)	0	static
D:/edgedownload/STM32F407VGT6_TensorFlow-Lite-Micro/stm32f4_tflm_project/tensorflow/lite/core/api/flatbuffer_conversions.cpp:1650:14:TfLiteStatus tflite::ParseGreaterEqual(const Operator*, ErrorReporter*, BuiltinDataAllocator*, void**)	0	static
D:/edgedownload/STM32F407VGT6_TensorFlow-Lite-Micro/stm32f4_tflm_project/tensorflow/lite/core/api/flatbuffer_conversions.cpp:1658:14:TfLiteStatus tflite::ParseHardSwish(const Operator*, ErrorReporter*, BuiltinDataAllocator*, void**)	0	static
D:/edgedownload/STM32F407VGT6_TensorFlow-Lite-Micro/stm32f4_tflm_project/tensorflow/lite/core/api/flatbuffer_conversions.cpp:1663:14:TfLiteStatus tflite::ParseIf(const Operator*, ErrorReporter*, BuiltinDataAllocator*, void**)	24	static
D:/edgedownload/STM32F407VGT6_TensorFlow-Lite-Micro/stm32f4_tflm_project/tensorflow/lite/core/api/flatbuffer_conversions.cpp:1687:14:TfLiteStatus tflite::ParseL2Normalization(const Operator*, ErrorReporter*, BuiltinDataAllocator*, void**)	24	static
D:/edgedownload/STM32F407VGT6_TensorFlow-Lite-Micro/stm32f4_tflm_project/tensorflow/lite/core/api/flatbuffer_conversions.cpp:1714:14:TfLiteStatus tflite::ParseLeakyRelu(const Operator*, ErrorReporter*, BuiltinDataAllocator*, void**)	24	static
D:/edgedownload/STM32F407VGT6_TensorFlow-Lite-Micro/stm32f4_tflm_project/tensorflow/lite/core/api/flatbuffer_conversions.cpp:1733:14:TfLiteStatus tflite::ParseLess(const Operator*, ErrorReporter*, BuiltinDataAllocator*, void**)	0	static
D:/edgedownload/STM32F407VGT6_TensorFlow-Lite-Micro/stm32f4_tflm_project/tensorflow/lite/core/api/flatbuffer_conversions.cpp:1741:14:TfLiteStatus tflite::ParseLessEqual(const Operator*, ErrorReporter*, BuiltinDataAllocator*, void**)	0	static
D:/edgedownload/STM32F407VGT6_TensorFlow-Lite-Micro/stm32f4_tflm_project/tensorflow/lite/core/api/flatbuffer_conversions.cpp:1749:14:TfLiteStatus tflite::ParseLog(const Operator*, ErrorReporter*, BuiltinDataAllocator*, void**)	0	static
D:/edgedownload/STM32F407VGT6_TensorFlow-Lite-Micro/stm32f4_tflm_project/tensorflow/lite/core/api/flatbuffer_conversions.cpp:1757:14:TfLiteStatus tflite::ParseLogicalAnd(const Operator*, ErrorReporter*, BuiltinDataAllocator*, void**)	0	static
D:/edgedownload/STM32F407VGT6_TensorFlow-Lite-Micro/stm32f4_tflm_project/tensorflow/lite/core/api/flatbuffer_conversions.cpp:1765:14:TfLiteStatus tflite::ParseLogicalNot(const Operator*, ErrorReporter*, BuiltinDataAllocator*, void**)	0	static
D:/edgedownload/STM32F407VGT6_TensorFlow-Lite-Micro/stm32f4_tflm_project/tensorflow/lite/core/api/flatbuffer_conversions.cpp:1773:14:TfLiteStatus tflite::ParseLogicalOr(const Operator*, ErrorReporter*, BuiltinDataAllocator*, void**)	0	static
D:/edgedownload/STM32F407VGT6_TensorFlow-Lite-Micro/stm32f4_tflm_project/tensorflow/lite/core/api/flatbuffer_conversions.cpp:1781:14:TfLiteStatus tflite::ParseLogistic(const Operator*, ErrorReporter*, BuiltinDataAllocator*, void**)	0	static
D:/edgedownload/STM32F407VGT6_TensorFlow-Lite-Micro/stm32f4_tflm_project/tensorflow/lite/core/api/flatbuffer_conversions.cpp:1789:14:TfLiteStatus tflite::ParseLogSoftmax(const Operator*, ErrorReporter*, BuiltinDataAllocator*, void**)	0	static
D:/edgedownload/STM32F407VGT6_TensorFlow-Lite-Micro/stm32f4_tflm_project/tensorflow/lite/core/api/flatbuffer_conversions.cpp:1794:14:TfLiteStatus tflite::ParseLSTM(const Operator*, ErrorReporter*, BuiltinDataAllocator*, void**)	24	static
D:/edgedownload/STM32F407VGT6_TensorFlow-Lite-Micro/stm32f4_tflm_project/tensorflow/lite/core/api/flatbuffer_conversions.cpp:1831:14:TfLiteStatus tflite::ParseMaximum(const Operator*, ErrorReporter*, BuiltinDataAllocator*, void**)	0	static
D:/edgedownload/STM32F407VGT6_TensorFlow-Lite-Micro/stm32f4_tflm_project/tensorflow/lite/core/api/flatbuffer_conversions.cpp:1839:14:TfLiteStatus tflite::ParseMinimum(const Operator*, ErrorReporter*, BuiltinDataAllocator*, void**)	0	static
D:/edgedownload/STM32F407VGT6_TensorFlow-Lite-Micro/stm32f4_tflm_project/tensorflow/lite/core/api/flatbuffer_conversions.cpp:1844:14:TfLiteStatus tflite::ParseMirrorPad(const Operator*, ErrorReporter*, BuiltinDataAllocator*, void**)	24	static
D:/edgedownload/STM32F407VGT6_TensorFlow-Lite-Micro/stm32f4_tflm_project/tensorflow/lite/core/api/flatbuffer_conversions.cpp:1870:14:TfLiteStatus tflite::ParseMul(const Operator*, ErrorReporter*, BuiltinDataAllocator*, void**)	24	static
D:/edgedownload/STM32F407VGT6_TensorFlow-Lite-Micro/stm32f4_tflm_project/tensorflow/lite/core/api/flatbuffer_conversions.cpp:1895:14:TfLiteStatus tflite::ParseNeg(const Operator*, ErrorReporter*, BuiltinDataAllocator*, void**)	0	static
D:/edgedownload/STM32F407VGT6_TensorFlow-Lite-Micro/stm32f4_tflm_project/tensorflow/lite/core/api/flatbuffer_conversions.cpp:1903:14:TfLiteStatus tflite::ParseNotEqual(const Operator*, ErrorReporter*, BuiltinDataAllocator*, void**)	0	static
D:/edgedownload/STM32F407VGT6_TensorFlow-Lite-Micro/stm32f4_tflm_project/tensorflow/lite/core/api/flatbuffer_conversions.cpp:1908:14:TfLiteStatus tflite::ParsePack(const Operator*, ErrorReporter*, BuiltinDataAllocator*, void**)	24	static
D:/edgedownload/STM32F407VGT6_TensorFlow-Lite-Micro/stm32f4_tflm_project/tensorflow/lite/core/api/flatbuffer_conversions.cpp:1936:14:TfLiteStatus tflite::ParsePad(const Operator*, ErrorReporter*, BuiltinDataAllocator*, void**)	0	static
D:/edgedownload/STM32F407VGT6_TensorFlow-Lite-Micro/stm32f4_tflm_project/tensorflow/lite/core/api/flatbuffer_conversions.cpp:1944:14:TfLiteStatus tflite::ParsePadV2(const Operator*, ErrorReporter*, BuiltinDataAllocator*, void**)	0	static
D:/edgedownload/STM32F407VGT6_TensorFlow-Lite-Micro/stm32f4_tflm_project/tensorflow/lite/core/api/flatbuffer_conversions.cpp:1949:14:TfLiteStatus tflite::ParsePool(const Operator*, ErrorReporter*, BuiltinDataAllocator*, void**)	16	static
D:/edgedownload/STM32F407VGT6_TensorFlow-Lite-Micro/stm32f4_tflm_project/tensorflow/lite/core/api/flatbuffer_conversions.cpp:1982:14:TfLiteStatus tflite::ParsePow(const Operator*, ErrorReporter*, BuiltinDataAllocator*, void**)	0	static
D:/edgedownload/STM32F407VGT6_TensorFlow-Lite-Micro/stm32f4_tflm_project/tensorflow/lite/core/api/flatbuffer_conversions.cpp:1990:14:TfLiteStatus tflite::ParsePrelu(const Operator*, ErrorReporter*, BuiltinDataAllocator*, void**)	0	static
D:/edgedownload/STM32F407VGT6_TensorFlow-Lite-Micro/stm32f4_tflm_project/tensorflow/lite/core/api/flatbuffer_conversions.cpp:1998:14:TfLiteStatus tflite::ParseQuantize(const Operator*, ErrorReporter*, BuiltinDataAllocator*, void**)	0	static
D:/edgedownload/STM32F407VGT6_TensorFlow-Lite-Micro/stm32f4_tflm_project/tensorflow/lite/core/api/flatbuffer_conversions.cpp:2006:14:TfLiteStatus tflite::ParseReadVariable(const Operator*, ErrorReporter*, BuiltinDataAllocator*, void**)	0	static
D:/edgedownload/STM32F407VGT6_TensorFlow-Lite-Micro/stm32f4_tflm_project/tensorflow/lite/core/api/flatbuffer_conversions.cpp:2011:14:TfLiteStatus tflite::ParseReducer(const Operator*, ErrorReporter*, BuiltinDataAllocator*, void**)	24	static
D:/edgedownload/STM32F407VGT6_TensorFlow-Lite-Micro/stm32f4_tflm_project/tensorflow/lite/core/api/flatbuffer_conversions.cpp:2040:14:TfLiteStatus tflite::ParseRelu(const Operator*, ErrorReporter*, BuiltinDataAllocator*, void**)	0	static
D:/edgedownload/STM32F407VGT6_TensorFlow-Lite-Micro/stm32f4_tflm_project/tensorflow/lite/core/api/flatbuffer_conversions.cpp:2048:14:TfLiteStatus tflite::ParseRelu6(const Operator*, ErrorReporter*, BuiltinDataAllocator*, void**)	0	static
D:/edgedownload/STM32F407VGT6_TensorFlow-Lite-Micro/stm32f4_tflm_project/tensorflow/lite/core/api/flatbuffer_conversions.cpp:2053:14:TfLiteStatus tflite::ParseReshape(const Operator*, ErrorReporter*, BuiltinDataAllocator*, void**)	32	static
D:/edgedownload/STM32F407VGT6_TensorFlow-Lite-Micro/stm32f4_tflm_project/tensorflow/lite/core/api/flatbuffer_conversions.cpp:2090:14:TfLiteStatus tflite::ParseResizeBilinear(const Operator*, ErrorReporter*, BuiltinDataAllocator*, void**)	24	static
D:/edgedownload/STM32F407VGT6_TensorFlow-Lite-Micro/stm32f4_tflm_project/tensorflow/lite/core/api/flatbuffer_conversions.cpp:2117:14:TfLiteStatus tflite::ParseResizeNearestNeighbor(const Operator*, ErrorReporter*, BuiltinDataAllocator*, void**)	24	static
D:/edgedownload/STM32F407VGT6_TensorFlow-Lite-Micro/stm32f4_tflm_project/tensorflow/lite/core/api/flatbuffer_conversions.cpp:2144:14:TfLiteStatus tflite::ParseStablehloReduceWindow(const Operator*, ErrorReporter*, BuiltinDataAllocator*, void**)	48	static
D:/edgedownload/STM32F407VGT6_TensorFlow-Lite-Micro/stm32f4_tflm_project/tensorflow/lite/core/api/flatbuffer_conversions.cpp:2226:14:TfLiteStatus tflite::ParseStablehloScatter(const Operator*, ErrorReporter*, BuiltinDataAllocator*, void**)	32	static
D:/edgedownload/STM32F407VGT6_TensorFlow-Lite-Micro/stm32f4_tflm_project/tensorflow/lite/core/api/flatbuffer_conversions.cpp:2285:14:TfLiteStatus tflite::ParseStablehloRngBitGenerator(const Operator*, ErrorReporter*, BuiltinDataAllocator*, void**)	24	static
D:/edgedownload/STM32F407VGT6_TensorFlow-Lite-Micro/stm32f4_tflm_project/tensorflow/lite/core/api/flatbuffer_conversions.cpp:2311:14:TfLiteStatus tflite::ParseStablehloGather(const Operator*, ErrorReporter*, BuiltinDataAllocator*, void**)	40	static
D:/edgedownload/STM32F407VGT6_TensorFlow-Lite-Micro/stm32f4_tflm_project/tensorflow/lite/core/api/flatbuffer_conversions.cpp:2367:14:TfLiteStatus tflite::ParseStablehloPad(const Operator*, ErrorReporter*, BuiltinDataAllocator*, void**)	48	static
D:/edgedownload/STM32F407VGT6_TensorFlow-Lite-Micro/stm32f4_tflm_project/tensorflow/lite/core/api/flatbuffer_conversions.cpp:2420:14:TfLiteStatus tflite::ParseStablehloComposite(const Operator*, ErrorReporter*, BuiltinDataAllocator*, void**)	24	static
D:/edgedownload/STM32F407VGT6_TensorFlow-Lite-Micro/stm32f4_tflm_project/tensorflow/lite/core/api/flatbuffer_conversions.cpp:2457:14:TfLiteStatus tflite::ParseStablehloShiftLeft(const Operator*, ErrorReporter*, BuiltinDataAllocator*, void**)	0	static
D:/edgedownload/STM32F407VGT6_TensorFlow-Lite-Micro/stm32f4_tflm_project/tensorflow/lite/core/api/flatbuffer_conversions.cpp:2464:14:TfLiteStatus tflite::ParseStablehloCase(const Operator*, ErrorReporter*, BuiltinDataAllocator*, void**)	32	static
D:/edgedownload/STM32F407VGT6_TensorFlow-Lite-Micro/stm32f4_tflm_project/tensorflow/lite/core/api/flatbuffer_conversions.cpp:2507:14:TfLiteStatus tflite::ParseReverseV2(const Operator*, ErrorReporter*, BuiltinDataAllocator*, void**)	0	static
D:/edgedownload/STM32F407VGT6_TensorFlow-Lite-Micro/stm32f4_tflm_project/tensorflow/lite/core/api/flatbuffer_conversions.cpp:2515:14:TfLiteStatus tflite::ParseRound(const Operator*, ErrorReporter*, BuiltinDataAllocator*, void**)	0	static
D:/edgedownload/STM32F407VGT6_TensorFlow-Lite-Micro/stm32f4_tflm_project/tensorflow/lite/core/api/flatbuffer_conversions.cpp:2523:14:TfLiteStatus tflite::ParseRsqrt(const Operator*, ErrorReporter*, BuiltinDataAllocator*, void**)	0	static
D:/edgedownload/STM32F407VGT6_TensorFlow-Lite-Micro/stm32f4_tflm_project/tensorflow/lite/core/api/flatbuffer_conversions.cpp:2531:14:TfLiteStatus tflite::ParseSelect(const Operator*, ErrorReporter*, BuiltinDataAllocator*, void**)	0	static
D:/edgedownload/STM32F407VGT6_TensorFlow-Lite-Micro/stm32f4_tflm_project/tensorflow/lite/core/api/flatbuffer_conversions.cpp:2539:14:TfLiteStatus tflite::ParseSelectV2(const Operator*, ErrorReporter*, BuiltinDataAllocator*, void**)	0	static
D:/edgedownload/STM32F407VGT6_TensorFlow-Lite-Micro/stm32f4_tflm_project/tensorflow/lite/core/api/flatbuffer_conversions.cpp:2544:14:TfLiteStatus tflite::ParseShape(const Operator*, ErrorReporter*, BuiltinDataAllocator*, void**)	24	static
D:/edgedownload/STM32F407VGT6_TensorFlow-Lite-Micro/stm32f4_tflm_project/tensorflow/lite/core/api/flatbuffer_conversions.cpp:2570:14:TfLiteStatus tflite::ParseSin(const Operator*, ErrorReporter*, BuiltinDataAllocator*, void**)	0	static
D:/edgedownload/STM32F407VGT6_TensorFlow-Lite-Micro/stm32f4_tflm_project/tensorflow/lite/core/api/flatbuffer_conversions.cpp:2578:14:TfLiteStatus tflite::ParseSlice(const Operator*, ErrorReporter*, BuiltinDataAllocator*, void**)	0	static
D:/edgedownload/STM32F407VGT6_TensorFlow-Lite-Micro/stm32f4_tflm_project/tensorflow/lite/core/api/flatbuffer_conversions.cpp:2583:14:TfLiteStatus tflite::ParseSoftmax(const Operator*, ErrorReporter*, BuiltinDataAllocator*, void**)	24	static
D:/edgedownload/STM32F407VGT6_TensorFlow-Lite-Micro/stm32f4_tflm_project/tensorflow/lite/core/api/flatbuffer_conversions.cpp:2611:14:TfLiteStatus tflite::ParseSpaceToBatchNd(const Operator*, ErrorReporter*, BuiltinDataAllocator*, void**)	0	static
D:/edgedownload/STM32F407VGT6_TensorFlow-Lite-Micro/stm32f4_tflm_project/tensorflow/lite/core/api/flatbuffer_conversions.cpp:2616:14:TfLiteStatus tflite::ParseSpaceToDepth(const Operator*, ErrorReporter*, BuiltinDataAllocator*, void**)	24	static
D:/edgedownload/STM32F407VGT6_TensorFlow-Lite-Micro/stm32f4_tflm_project/tensorflow/lite/core/api/flatbuffer_conversions.cpp:2641:14:TfLiteStatus tflite::ParseSplit(const Operator*, ErrorReporter*, BuiltinDataAllocator*, void**)	24	static
D:/edgedownload/STM32F407VGT6_TensorFlow-Lite-Micro/stm32f4_tflm_project/tensorflow/lite/core/api/flatbuffer_conversions.cpp:2665:14:TfLiteStatus tflite::ParseSplitV(const Operator*, ErrorReporter*, BuiltinDataAllocator*, void**)	24	static
D:/edgedownload/STM32F407VGT6_TensorFlow-Lite-Micro/stm32f4_tflm_project/tensorflow/lite/core/api/flatbuffer_conversions.cpp:2689:14:TfLiteStatus tflite::ParseUnidirectionalSequenceLSTM(const Operator*, ErrorReporter*, BuiltinDataAllocator*, void**)	24	static
D:/edgedownload/STM32F407VGT6_TensorFlow-Lite-Micro/stm32f4_tflm_project/tensorflow/lite/core/api/flatbuffer_conversions.cpp:2714:14:TfLiteStatus tflite::ParseSqueeze(const Operator*, ErrorReporter*, BuiltinDataAllocator*, void**)	32	static
D:/edgedownload/STM32F407VGT6_TensorFlow-Lite-Micro/stm32f4_tflm_project/tensorflow/lite/core/api/flatbuffer_conversions.cpp:2750:14:TfLiteStatus tflite::ParseSqrt(const Operator*, ErrorReporter*, BuiltinDataAllocator*, void**)	0	static
D:/edgedownload/STM32F407VGT6_TensorFlow-Lite-Micro/stm32f4_tflm_project/tensorflow/lite/core/api/flatbuffer_conversions.cpp:2758:14:TfLiteStatus tflite::ParseSquare(const Operator*, ErrorReporter*, BuiltinDataAllocator*, void**)	0	static
D:/edgedownload/STM32F407VGT6_TensorFlow-Lite-Micro/stm32f4_tflm_project/tensorflow/lite/core/api/flatbuffer_conversions.cpp:2766:14:TfLiteStatus tflite::ParseSquaredDifference(const Operator*, ErrorReporter*, BuiltinDataAllocator*, void**)	0	static
D:/edgedownload/STM32F407VGT6_TensorFlow-Lite-Micro/stm32f4_tflm_project/tensorflow/lite/core/api/flatbuffer_conversions.cpp:2771:14:TfLiteStatus tflite::ParseStridedSlice(const Operator*, ErrorReporter*, BuiltinDataAllocator*, void**)	24	static
D:/edgedownload/STM32F407VGT6_TensorFlow-Lite-Micro/stm32f4_tflm_project/tensorflow/lite/core/api/flatbuffer_conversions.cpp:2803:14:TfLiteStatus tflite::ParseSub(const Operator*, ErrorReporter*, BuiltinDataAllocator*, void**)	24	static
D:/edgedownload/STM32F407VGT6_TensorFlow-Lite-Micro/stm32f4_tflm_project/tensorflow/lite/core/api/flatbuffer_conversions.cpp:2828:14:TfLiteStatus tflite::ParseSvdf(const Operator*, ErrorReporter*, BuiltinDataAllocator*, void**)	24	static
D:/edgedownload/STM32F407VGT6_TensorFlow-Lite-Micro/stm32f4_tflm_project/tensorflow/lite/core/api/flatbuffer_conversions.cpp:2858:14:TfLiteStatus tflite::ParseTanh(const Operator*, ErrorReporter*, BuiltinDataAllocator*, void**)	0	static
D:/edgedownload/STM32F407VGT6_TensorFlow-Lite-Micro/stm32f4_tflm_project/tensorflow/lite/core/api/flatbuffer_conversions.cpp:2866:14:TfLiteStatus tflite::ParseTranspose(const Operator*, ErrorReporter*, BuiltinDataAllocator*, void**)	0	static
D:/edgedownload/STM32F407VGT6_TensorFlow-Lite-Micro/stm32f4_tflm_project/tensorflow/lite/core/api/flatbuffer_conversions.cpp:2871:14:TfLiteStatus tflite::ParseTransposeConv(const Operator*, ErrorReporter*, BuiltinDataAllocator*, void**)	32	static
D:/edgedownload/STM32F407VGT6_TensorFlow-Lite-Micro/stm32f4_tflm_project/tensorflow/lite/core/api/flatbuffer_conversions.cpp:2903:14:TfLiteStatus tflite::ParseUnpack(const Operator*, ErrorReporter*, BuiltinDataAllocator*, void**)	24	static
D:/edgedownload/STM32F407VGT6_TensorFlow-Lite-Micro/stm32f4_tflm_project/tensorflow/lite/core/api/flatbuffer_conversions.cpp:2928:14:TfLiteStatus tflite::ParseVarHandle(const Operator*, ErrorReporter*, BuiltinDataAllocator*, void**)	24	static
D:/edgedownload/STM32F407VGT6_TensorFlow-Lite-Micro/stm32f4_tflm_project/tensorflow/lite/core/api/flatbuffer_conversions.cpp:2959:14:TfLiteStatus tflite::ParseWhile(const Operator*, ErrorReporter*, BuiltinDataAllocator*, void**)	24	static
D:/edgedownload/STM32F407VGT6_TensorFlow-Lite-Micro/stm32f4_tflm_project/tensorflow/lite/core/api/flatbuffer_conversions.cpp:2987:14:TfLiteStatus tflite::ParseZerosLike(const Operator*, ErrorReporter*, BuiltinDataAllocator*, void**)	0	static
D:/edgedownload/STM32F407VGT6_TensorFlow-Lite-Micro/stm32f4_tflm_project/tensorflow/lite/core/api/flatbuffer_conversions.cpp:2995:14:TfLiteStatus tflite::ParseBitwiseXor(const Operator*, ErrorReporter*, BuiltinDataAllocator*, void**)	0	static
D:/edgedownload/STM32F407VGT6_TensorFlow-Lite-Micro/stm32f4_tflm_project/tensorflow/lite/core/api/flatbuffer_conversions.cpp:3003:14:TfLiteStatus tflite::ParseRightShift(const Operator*, ErrorReporter*, BuiltinDataAllocator*, void**)	0	static
D:/edgedownload/STM32F407VGT6_TensorFlow-Lite-Micro/stm32f4_tflm_project/tensorflow/lite/core/api/flatbuffer_conversions.cpp:3008:14:TfLiteStatus tflite::ParseOpData(const Operator*, BuiltinOperator, ErrorReporter*, BuiltinDataAllocator*, void**)	40	static
