D:/edgedownload/STM32F407VGT6_TensorFlow-Lite-Micro/Core/Src/main.c:69:6:HAL_I2S_RxCpltCallback	8	static
D:/edgedownload/STM32F407VGT6_TensorFlow-Lite-Micro/Core/Src/main.c:99:5:main	144	static
D:/edgedownload/STM32F407VGT6_TensorFlow-Lite-Micro/Core/Src/i2s.c:60:6:HAL_I2S_MspInit	80	static
D:/edgedownload/STM32F407VGT6_TensorFlow-Lite-Micro/Core/Src/i2s.c:130:6:HAL_I2S_MspDeInit	8	static
D:/edgedownload/STM32F407VGT6_TensorFlow-Lite-Micro/Core/Src/usart.c:58:6:HAL_UART_MspInit	40	static
D:/edgedownload/STM32F407VGT6_TensorFlow-Lite-Micro/Core/Src/usart.c:91:6:HAL_UART_MspDeInit	8	static
D:/edgedownload/STM32F407VGT6_TensorFlow-Lite-Micro/Core/Src/usart.c:132:5:_write	8	static
D:/edgedownload/STM32F407VGT6_TensorFlow-Lite-Micro/Core/Src/stm32f4xx_it.c:70:6:NMI_Handler	0	static
D:/edgedownload/STM32F407VGT6_TensorFlow-Lite-Micro/Core/Src/stm32f4xx_it.c:85:6:HardFault_Handler	0	static
D:/edgedownload/STM32F407VGT6_TensorFlow-Lite-Micro/Core/Src/stm32f4xx_it.c:100:6:MemManage_Handler	0	static
D:/edgedownload/STM32F407VGT6_TensorFlow-Lite-Micro/Core/Src/stm32f4xx_it.c:115:6:BusFault_Handler	0	static
D:/edgedownload/STM32F407VGT6_TensorFlow-Lite-Micro/Core/Src/stm32f4xx_it.c:130:6:UsageFault_Handler	0	static
D:/edgedownload/STM32F407VGT6_TensorFlow-Lite-Micro/Core/Src/stm32f4xx_it.c:145:6:SVC_Handler	0	static
D:/edgedownload/STM32F407VGT6_TensorFlow-Lite-Micro/Core/Src/stm32f4xx_it.c:158:6:DebugMon_Handler	0	static
D:/edgedownload/STM32F407VGT6_TensorFlow-Lite-Micro/Core/Src/stm32f4xx_it.c:171:6:PendSV_Handler	0	static
D:/edgedownload/STM32F407VGT6_TensorFlow-Lite-Micro/Core/Src/stm32f4xx_it.c:184:6:SysTick_Handler	0	static
D:/edgedownload/STM32F407VGT6_TensorFlow-Lite-Micro/Core/Src/stm32f4xx_it.c:205:6:DMA1_Stream3_IRQHandler	0	static
D:/edgedownload/STM32F407VGT6_TensorFlow-Lite-Micro/Core/Src/stm32f4xx_it.c:219:6:UART4_IRQHandler	0	static
D:/edgedownload/STM32F407VGT6_TensorFlow-Lite-Micro/Core/Src/stm32f4xx_hal_msp.c:62:6:HAL_MspInit	8	static
D:/edgedownload/STM32F407VGT6_TensorFlow-Lite-Micro/Core/Src/sysmem.c:54:7:_sbrk	8	static
D:/edgedownload/STM32F407VGT6_TensorFlow-Lite-Micro/Core/Src/syscalls.c:48:5:_getpid	0	static
D:/edgedownload/STM32F407VGT6_TensorFlow-Lite-Micro/Core/Src/syscalls.c:53:5:_kill	8	static
D:/edgedownload/STM32F407VGT6_TensorFlow-Lite-Micro/Core/Src/syscalls.c:61:6:_exit	8	static
D:/edgedownload/STM32F407VGT6_TensorFlow-Lite-Micro/Core/Src/syscalls.c:67:27:_read	24	static
D:/edgedownload/STM32F407VGT6_TensorFlow-Lite-Micro/Core/Src/syscalls.c:92:5:_close	0	static
D:/edgedownload/STM32F407VGT6_TensorFlow-Lite-Micro/Core/Src/syscalls.c:99:5:_fstat	0	static
D:/edgedownload/STM32F407VGT6_TensorFlow-Lite-Micro/Core/Src/syscalls.c:106:5:_isatty	0	static
D:/edgedownload/STM32F407VGT6_TensorFlow-Lite-Micro/Core/Src/syscalls.c:112:5:_lseek	0	static
C:/Tools/arm-gnu-toolchain-15.2.rel1-mingw-w64-i686-arm-none-eabi/arm-none-eabi/include/c++/15.2.1/bits/basic_string.tcc:227:7:_M_construct	32	static
