Archive member included to satisfy reference by file (symbol)

D:/edgedownload/STM32F407VGT6_TensorFlow-Lite-Micro/cmake/stm32cubemx/../../Middlewares/ST/AI/Lib/NetworkRuntime1020_CM4_GCC.a(ai_platform.o)
                              CMakeFiles/STM32F407VGT6_TensorFlow-Lite-Micro.dir/X-CUBE-AI/App/hello_world.c.obj (ai_buffer_array_item_set_address)
D:/edgedownload/STM32F407VGT6_TensorFlow-Lite-Micro/cmake/stm32cubemx/../../Middlewares/ST/AI/Lib/NetworkRuntime1020_CM4_GCC.a(ai_platform_interface.o)
                              CMakeFiles/STM32F407VGT6_TensorFlow-Lite-Micro.dir/X-CUBE-AI/App/hello_world.c.obj (ai_platform_get_weights_map)
D:/edgedownload/STM32F407VGT6_TensorFlow-Lite-Micro/cmake/stm32cubemx/../../Middlewares/ST/AI/Lib/NetworkRuntime1020_CM4_GCC.a(core_common.o)
                              D:/edgedownload/STM32F407VGT6_TensorFlow-Lite-Micro/cmake/stm32cubemx/../../Middlewares/ST/AI/Lib/NetworkRuntime1020_CM4_GCC.a(ai_platform_interface.o) (core_init)
D:/edgedownload/STM32F407VGT6_TensorFlow-Lite-Micro/cmake/stm32cubemx/../../Middlewares/ST/AI/Lib/NetworkRuntime1020_CM4_GCC.a(core_mem_manager.o)
                              D:/edgedownload/STM32F407VGT6_TensorFlow-Lite-Micro/cmake/stm32cubemx/../../Middlewares/ST/AI/Lib/NetworkRuntime1020_CM4_GCC.a(ai_platform_interface.o) (core_mem_alloc)
D:/edgedownload/STM32F407VGT6_TensorFlow-Lite-Micro/cmake/stm32cubemx/../../Middlewares/ST/AI/Lib/NetworkRuntime1020_CM4_GCC.a(layers.o)
                              D:/edgedownload/STM32F407VGT6_TensorFlow-Lite-Micro/cmake/stm32cubemx/../../Middlewares/ST/AI/Lib/NetworkRuntime1020_CM4_GCC.a(ai_platform_interface.o) (ai_check_custom_types)
D:/edgedownload/STM32F407VGT6_TensorFlow-Lite-Micro/cmake/stm32cubemx/../../Middlewares/ST/AI/Lib/NetworkRuntime1020_CM4_GCC.a(layers_conv2d_sssa8_ch.o)
                              CMakeFiles/STM32F407VGT6_TensorFlow-Lite-Micro.dir/X-CUBE-AI/App/micro_speech_quantized.c.obj (forward_conv2d_sssa8_ch)
D:/edgedownload/STM32F407VGT6_TensorFlow-Lite-Micro/cmake/stm32cubemx/../../Middlewares/ST/AI/Lib/NetworkRuntime1020_CM4_GCC.a(layers_conv2d_stm32_integer.o)
                              CMakeFiles/STM32F407VGT6_TensorFlow-Lite-Micro.dir/X-CUBE-AI/App/hello_world.c.obj (forward_dense_integer_SSSA)
D:/edgedownload/STM32F407VGT6_TensorFlow-Lite-Micro/cmake/stm32cubemx/../../Middlewares/ST/AI/Lib/NetworkRuntime1020_CM4_GCC.a(layers_nl_stm32_integer.o)
                              CMakeFiles/STM32F407VGT6_TensorFlow-Lite-Micro.dir/X-CUBE-AI/App/micro_speech_quantized.c.obj (forward_sm_integer)
D:/edgedownload/STM32F407VGT6_TensorFlow-Lite-Micro/cmake/stm32cubemx/../../Middlewares/ST/AI/Lib/NetworkRuntime1020_CM4_GCC.a(layers_conv2d_integer_scratch.o)
                              D:/edgedownload/STM32F407VGT6_TensorFlow-Lite-Micro/cmake/stm32cubemx/../../Middlewares/ST/AI/Lib/NetworkRuntime1020_CM4_GCC.a(layers.o) (get_dense_scratch_size_s8)
D:/edgedownload/STM32F407VGT6_TensorFlow-Lite-Micro/cmake/stm32cubemx/../../Middlewares/ST/AI/Lib/NetworkRuntime1020_CM4_GCC.a(forward_lite_dense_is8os8ws8_ch.o)
                              D:/edgedownload/STM32F407VGT6_TensorFlow-Lite-Micro/cmake/stm32cubemx/../../Middlewares/ST/AI/Lib/NetworkRuntime1020_CM4_GCC.a(layers_conv2d_stm32_integer.o) (forward_lite_dense_is8os8ws8_ch)
D:/edgedownload/STM32F407VGT6_TensorFlow-Lite-Micro/cmake/stm32cubemx/../../Middlewares/ST/AI/Lib/NetworkRuntime1020_CM4_GCC.a(forward_lite_dense_is8os8ws8.o)
                              D:/edgedownload/STM32F407VGT6_TensorFlow-Lite-Micro/cmake/stm32cubemx/../../Middlewares/ST/AI/Lib/NetworkRuntime1020_CM4_GCC.a(layers_conv2d_stm32_integer.o) (forward_lite_dense_is8os8ws8)
D:/edgedownload/STM32F407VGT6_TensorFlow-Lite-Micro/cmake/stm32cubemx/../../Middlewares/ST/AI/Lib/NetworkRuntime1020_CM4_GCC.a(forward_lite_conv2d_sssa8_ch.o)
                              D:/edgedownload/STM32F407VGT6_TensorFlow-Lite-Micro/cmake/stm32cubemx/../../Middlewares/ST/AI/Lib/NetworkRuntime1020_CM4_GCC.a(layers_conv2d_sssa8_ch.o) (forward_lite_conv2d_dilated_sssa8_ch)
D:/edgedownload/STM32F407VGT6_TensorFlow-Lite-Micro/cmake/stm32cubemx/../../Middlewares/ST/AI/Lib/NetworkRuntime1020_CM4_GCC.a(lite_nl_generic_integer.o)
                              D:/edgedownload/STM32F407VGT6_TensorFlow-Lite-Micro/cmake/stm32cubemx/../../Middlewares/ST/AI/Lib/NetworkRuntime1020_CM4_GCC.a(layers_nl_stm32_integer.o) (forward_lite_nl_softmax_is8os8)
D:/edgedownload/STM32F407VGT6_TensorFlow-Lite-Micro/cmake/stm32cubemx/../../Middlewares/ST/AI/Lib/NetworkRuntime1020_CM4_GCC.a(st_align_factor.o)
                              D:/edgedownload/STM32F407VGT6_TensorFlow-Lite-Micro/cmake/stm32cubemx/../../Middlewares/ST/AI/Lib/NetworkRuntime1020_CM4_GCC.a(layers_conv2d_stm32_integer.o) (align_factor)
D:/edgedownload/STM32F407VGT6_TensorFlow-Lite-Micro/cmake/stm32cubemx/../../Middlewares/ST/AI/Lib/NetworkRuntime1020_CM4_GCC.a(st_int8_to16_no_shift.o)
[...]
Memory Configuration

Name             Origin             Length             Attributes
RAM              0x20000000         0x0001c000         xrw
CCMRAM           0x10000000         0x00010000         xrw
FLASH            0x08000000         0x00100000         xr
*default*        0x00000000         0xffffffff

Linker script and memory map

LOAD C:/Tools/arm-gnu-toolchain-15.2.rel1-mingw-w64-i686-arm-none-eabi/bin/../lib/gcc/arm-none-eabi/15.2.1/thumb/v7e-m+fp/hard/crti.o
LOAD C:/Tools/arm-gnu-toolchain-15.2.rel1-mingw-w64-i686-arm-none-eabi/bin/../lib/gcc/arm-none-eabi/15.2.1/thumb/v7e-m+fp/hard/crtbegin.o
LOAD C:/Tools/arm-gnu-toolchain-15.2.rel1-mingw-w64-i686-arm-none-eabi/bin/../lib/gcc/arm-none-eabi/15.2.1/../../../../arm-none-eabi/lib/thumb/v7e-m+fp/hard/crt0.o
LOAD cmake/stm32cubemx/CMakeFiles/STM32_Drivers.dir/__/__/Core/Src/system_stm32f4xx.c.obj
LOAD cmake/stm32cubemx/CMakeFiles/STM32_Drivers.dir/__/__/Drivers/STM32F4xx_HAL_Driver/Src/stm32f4xx_hal_rcc.c.obj
LOAD cmake/stm32cubemx/CMakeFiles/STM32_Drivers.dir/__/__/Drivers/STM32F4xx_HAL_Driver/Src/stm32f4xx_hal_rcc_ex.c.obj
LOAD cmake/stm32cubemx/CMakeFiles/STM32_Drivers.dir/__/__/Drivers/STM32F4xx_HAL_Driver/Src/stm32f4xx_hal_flash.c.obj
LOAD cmake/stm32cubemx/CMakeFiles/STM32_Drivers.dir/__/__/Drivers/STM32F4xx_HAL_Driver/Src/stm32f4xx_hal_flash_ex.c.obj
LOAD cmake/stm32cubemx/CMakeFiles/STM32_Drivers.dir/__/__/Drivers/STM32F4xx_HAL_Driver/Src/stm32f4xx_hal_flash_ramfunc.c.obj
LOAD cmake/stm32cubemx/CMakeFiles/STM32_Drivers.dir/__/__/Drivers/STM32F4xx_HAL_Driver/Src/stm32f4xx_hal_gpio.c.obj
LOAD cmake/stm32cubemx/CMakeFiles/STM32_Drivers.dir/__/__/Drivers/STM32F4xx_HAL_Driver/Src/stm32f4xx_hal_dma_ex.c.obj
LOAD cmake/stm32cubemx/CMakeFiles/STM32_Drivers.dir/__/__/Drivers/STM32F4xx_HAL_Driver/Src/stm32f4xx_hal_dma.c.obj
LOAD cmake/stm32cubemx/CMakeFiles/STM32_Drivers.dir/__/__/Drivers/STM32F4xx_HAL_Driver/Src/stm32f4xx_hal_pwr.c.obj
LOAD cmake/stm32cubemx/CMakeFiles/STM32_Drivers.dir/__/__/Drivers/STM32F4xx_HAL_Driver/Src/stm32f4xx_hal_pwr_ex.c.obj
LOAD cmake/stm32cubemx/CMakeFiles/STM32_Drivers.dir/__/__/Drivers/STM32F4xx_HAL_Driver/Src/stm32f4xx_hal_cortex.c.obj
LOAD cmake/stm32cubemx/CMakeFiles/STM32_Drivers.dir/__/__/Drivers/STM32F4xx_HAL_Driver/Src/stm32f4xx_hal.c.obj
LOAD cmake/stm32cubemx/CMakeFiles/STM32_Drivers.dir/__/__/Drivers/STM32F4xx_HAL_Driver/Src/stm32f4xx_hal_exti.c.obj
LOAD cmake/stm32cubemx/CMakeFiles/STM32_Drivers.dir/__/__/Drivers/STM32F4xx_HAL_Driver/Src/stm32f4xx_hal_uart.c.obj
LOAD CMakeFiles/STM32F407VGT6_TensorFlow-Lite-Micro.dir/Core/Src/main.c.obj
LOAD CMakeFiles/STM32F407VGT6_TensorFlow-Lite-Micro.dir/Core/Src/gpio.c.obj
LOAD CMakeFiles/STM32F407VGT6_TensorFlow-Lite-Micro.dir/Core/Src/usart.c.obj
LOAD CMakeFiles/STM32F407VGT6_TensorFlow-Lite-Micro.dir/Core/Src/stm32f4xx_it.c.obj
LOAD CMakeFiles/STM32F407VGT6_TensorFlow-Lite-Micro.dir/Core/Src/stm32f4xx_hal_msp.c.obj
LOAD CMakeFiles/STM32F407VGT6_TensorFlow-Lite-Micro.dir/Core/Src/sysmem.c.obj
LOAD CMakeFiles/STM32F407VGT6_TensorFlow-Lite-Micro.dir/Core/Src/syscalls.c.obj
LOAD CMakeFiles/STM32F407VGT6_TensorFlow-Lite-Micro.dir/X-CUBE-AI/App/hello_world.c.obj
LOAD CMakeFiles/STM32F407VGT6_TensorFlow-Lite-Micro.dir/X-CUBE-AI/App/hello_world_data.c.obj
LOAD CMakeFiles/STM32F407VGT6_TensorFlow-Lite-Micro.dir/X-CUBE-AI/App/hello_world_data_params.c.obj
LOAD CMakeFiles/STM32F407VGT6_TensorFlow-Lite-Micro.dir/X-CUBE-AI/App/micro_speech_quantized.c.obj
LOAD CMakeFiles/STM32F407VGT6_TensorFlow-Lite-Micro.dir/X-CUBE-AI/App/micro_speech_quantized_data.c.obj
LOAD CMakeFiles/STM32F407VGT6_TensorFlow-Lite-Micro.dir/X-CUBE-AI/App/micro_speech_quantized_data_params.c.obj
LOAD CMakeFiles/STM32F407VGT6_TensorFlow-Lite-Micro.dir/X-CUBE-AI/App/app_x-cube-ai.c.obj
LOAD CMakeFiles/STM32F407VGT6_TensorFlow-Lite-Micro.dir/startup_stm32f407xx.s.obj
LOAD CMakeFiles/STM32F407VGT6_TensorFlow-Lite-Micro.dir/Drivers/CMSIS/DSP/Source/FastMathFunctions/arm_cos_f32.c.obj
LOAD CMakeFiles/STM32F407VGT6_TensorFlow-Lite-Micro.dir/Drivers/CMSIS/DSP/Source/FastMathFunctions/arm_sin_f32.c.obj
LOAD CMakeFiles/STM32F407VGT6_TensorFlow-Lite-Micro.dir/Drivers/CMSIS/DSP/Source/CommonTables/arm_common_tables.c.obj
LOAD D:/edgedownload/STM32F407VGT6_TensorFlow-Lite-Micro/cmake/stm32cubemx/../../Middlewares/ST/AI/Lib/NetworkRuntime1020_CM4_GCC.a
LOAD C:/Tools/arm-gnu-toolchain-15.2.rel1-mingw-w64-i686-arm-none-eabi/bin/../lib/gcc/arm-none-eabi/15.2.1/../../../../arm-none-eabi/lib/thumb/v7e-m+fp/hard\libm.a
START GROUP
LOAD C:/Tools/arm-gnu-toolchain-15.2.rel1-mingw-w64-i686-arm-none-eabi/bin/../lib/gcc/arm-none-eabi/15.2.1/thumb/v7e-m+fp/hard\libgcc.a
LOAD C:/Tools/arm-gnu-toolchain-15.2.rel1-mingw-w64-i686-arm-none-eabi/bin/../lib/gcc/arm-none-eabi/15.2.1/../../../../arm-none-eabi/lib/thumb/v7e-m+fp/hard\libg_nano.a
LOAD C:/Tools/arm-gnu-toolchain-15.2.rel1-mingw-w64-i686-arm-none-eabi/bin/../lib/gcc/arm-none-eabi/15.2.1/../../../../arm-none-eabi/lib/thumb/v7e-m+fp/hard\libc_nano.a
END GROUP
START GROUP
LOAD C:/Tools/arm-gnu-toolchain-15.2.rel1-mingw-w64-i686-arm-none-eabi/bin/../lib/gcc/arm-none-eabi/15.2.1/thumb/v7e-m+fp/hard\libgcc.a
LOAD C:/Tools/arm-gnu-toolchain-15.2.rel1-mingw-w64-i686-arm-none-eabi/bin/../lib/gcc/arm-none-eabi/15.2.1/../../../../arm-none-eabi/lib/thumb/v7e-m+fp/hard\libc_nano.a
END GROUP
LOAD C:/Tools/arm-gnu-toolchain-15.2.rel1-mingw-w64-i686-arm-none-eabi/bin/../lib/gcc/arm-none-eabi/15.2.1/thumb/v7e-m+fp/hard/crtend.o
LOAD C:/Tools/arm-gnu-toolchain-15.2.rel1-mingw-w64-i686-arm-none-eabi/bin/../lib/gcc/arm-none-eabi/15.2.1/thumb/v7e-m+fp/hard/crtn.o
                0x2001c000                        _estack = (ORIGIN (RAM) + LENGTH (RAM))
                0x2001b800                        _sstack = (_estack - _Min_Stack_Size)
                0x00000800                        _Min_Heap_Size = 0x800
                0x00000800                        _Min_Stack_Size = 0x800

.isr_vector     0x08000000      0x188
                0x08000000                        . = ALIGN (0x4)
 *(.isr_vector)
 .isr_vector    0x08000000      0x188 CMakeFiles/STM32F407VGT6_TensorFlow-Lite-Micro.dir/startup_stm32f407xx.s.obj
                0x08000000                g_pfnVectors
                0x08000188                        . = ALIGN (0x4)

.text           0x08000190     0x8cac
                0x08000190                        . = ALIGN (0x4)
 *(.text)
 .text          0x08000190      0x378 C:/Tools/arm-gnu-toolchain-15.2.rel1-mingw-w64-i686-arm-none-eabi/bin/../lib/gcc/arm-none-eabi/15.2.1/thumb/v7e-m+fp/hard\libgcc.a(_arm_addsubdf3.o)
                0x08000190                __aeabi_drsub
                0x08000198                __aeabi_dsub
                0x08000198                __subdf3
                0x0800019c                __aeabi_dadd
                0x0800019c                __adddf3
                0x08000414                __floatunsidf
                0x08000414                __aeabi_ui2d
                0x08000434                __floatsidf
                0x08000434                __aeabi_i2d
                0x08000458                __aeabi_f2d
                0x08000458                __extendsfdf2
                0x0800049c                __floatundidf
                0x0800049c                __aeabi_ul2d
                0x080004ac                __floatdidf
                0x080004ac                __aeabi_l2d
 .text          0x08000508       0x50 C:/Tools/arm-gnu-toolchain-15.2.rel1-mingw-w64-i686-arm-none-eabi/bin/../lib/gcc/arm-none-eabi/15.2.1/thumb/v7e-m+fp/hard\libgcc.a(_arm_fixdfsi.o)
                0x08000508                __aeabi_d2iz
                0x08000508                __fixdfsi
 .text          0x08000558       0x30 C:/Tools/arm-gnu-toolchain-15.2.rel1-mingw-w64-i686-arm-none-eabi/bin/../lib/gcc/arm-none-eabi/15.2.1/thumb/v7e-m+fp/hard\libgcc.a(_aeabi_uldivmod.o)
                0x08000558                __aeabi_uldivmod
 .text          0x08000588        0x4 C:/Tools/arm-gnu-toolchain-15.2.rel1-mingw-w64-i686-arm-none-eabi/bin/../lib/gcc/arm-none-eabi/15.2.1/thumb/v7e-m+fp/hard\libgcc.a(_dvmd_tls.o)
                0x08000588                __aeabi_idiv0
                0x08000588                __aeabi_ldiv0
 .text          0x0800058c       0x40 C:/Tools/arm-gnu-toolchain-15.2.rel1-mingw-w64-i686-arm-none-eabi/bin/../lib/gcc/arm-none-eabi/15.2.1/thumb/v7e-m+fp/hard\libgcc.a(_arm_fixunsdfsi.o)
                0x0800058c                __aeabi_d2uiz
                0x0800058c                __fixunsdfsi
 *fill*         0x080005cc        0x4 
 .text          0x080005d0       0xa0 C:/Tools/arm-gnu-toolchain-15.2.rel1-mingw-w64-i686-arm-none-eabi/bin/../lib/gcc/arm-none-eabi/15.2.1/../../../../arm-none-eabi/lib/thumb/v7e-m+fp/hard\libg_nano.a(libc_a-memchr.o)
                0x080005d0                memchr
 .text          0x08000670       0x10 C:/Tools/arm-gnu-toolchain-15.2.rel1-mingw-w64-i686-arm-none-eabi/bin/../lib/gcc/arm-none-eabi/15.2.1/../../../../arm-none-eabi/lib/thumb/v7e-m+fp/hard\libg_nano.a(libc_a-strlen.o)
                0x08000670                strlen
 .text          0x08000680      0x424 C:/Tools/arm-gnu-toolchain-15.2.rel1-mingw-w64-i686-arm-none-eabi/bin/../lib/gcc/arm-none-eabi/15.2.1/thumb/v7e-m+fp/hard\libgcc.a(_arm_muldivdf3.o)
                0x08000680                __aeabi_dmul
                0x08000680                __muldf3
                0x080008d4                __divdf3
                0x080008d4                __aeabi_ddiv
 .text          0x08000aa4      0x110 C:/Tools/arm-gnu-toolchain-15.2.rel1-mingw-w64-i686-arm-none-eabi/bin/../lib/gcc/arm-none-eabi/15.2.1/thumb/v7e-m+fp/hard\libgcc.a(_arm_cmpdf2.o)
                0x08000aa4                __gtdf2
                0x08000aa4                __gedf2
                0x08000aac                __ltdf2
                0x08000aac                __ledf2
                0x08000ab4                __nedf2
                0x08000ab4                __eqdf2
                0x08000ab4                __cmpdf2
                0x08000b30                __aeabi_cdrcmple
                0x08000b40                __aeabi_cdcmpeq
                0x08000b40                __aeabi_cdcmple
                0x08000b50                __aeabi_dcmpeq
                0x08000b64                __aeabi_dcmplt
                0x08000b78                __aeabi_dcmple
                0x08000b8c                __aeabi_dcmpge
                0x08000ba0                __aeabi_dcmpgt
 .text          0x08000bb4       0x2c C:/Tools/arm-gnu-toolchain-15.2.rel1-mingw-w64-i686-arm-none-eabi/bin/../lib/gcc/arm-none-eabi/15.2.1/thumb/v7e-m+fp/hard\libgcc.a(_arm_unorddf2.o)
                0x08000bb4                __unorddf2
                0x08000bb4                __aeabi_dcmpun
 *(.text*)
 .text.deregister_tm_clones
                0x08000be0       0x1c C:/Tools/arm-gnu-toolchain-15.2.rel1-mingw-w64-i686-arm-none-eabi/bin/../lib/gcc/arm-none-eabi/15.2.1/thumb/v7e-m+fp/hard/crtbegin.o
 .text.register_tm_clones
                0x08000bfc       0x24 C:/Tools/arm-gnu-toolchain-15.2.rel1-mingw-w64-i686-arm-none-eabi/bin/../lib/gcc/arm-none-eabi/15.2.1/thumb/v7e-m+fp/hard/crtbegin.o
 .text.__do_global_dtors_aux
                0x08000c20       0x28 C:/Tools/arm-gnu-toolchain-15.2.rel1-mingw-w64-i686-arm-none-eabi/bin/../lib/gcc/arm-none-eabi/15.2.1/thumb/v7e-m+fp/hard/crtbegin.o
 .text.frame_dummy
                0x08000c48       0x24 C:/Tools/arm-gnu-toolchain-15.2.rel1-mingw-w64-i686-arm-none-eabi/bin/../lib/gcc/arm-none-eabi/15.2.1/thumb/v7e-m+fp/hard/crtbegin.o
 .text.SystemInit
                0x08000c6c       0x20 cmake/stm32cubemx/CMakeFiles/STM32_Drivers.dir/__/__/Core/Src/system_stm32f4xx.c.obj
                0x08000c6c                SystemInit
 .text.HAL_RCC_OscConfig
                0x08000c8c      0x4f0 cmake/stm32cubemx/CMakeFiles/STM32_Drivers.dir/__/__/Drivers/STM32F4xx_HAL_Driver/Src/stm32f4xx_hal_rcc.c.obj
                0x08000c8c                HAL_RCC_OscConfig
 .text.HAL_RCC_ClockConfig
                0x0800117c      0x1cc cmake/stm32cubemx/CMakeFiles/STM32_Drivers.dir/__/__/Drivers/STM32F4xx_HAL_Driver/Src/stm32f4xx_hal_rcc.c.obj
                0x0800117c                HAL_RCC_ClockConfig
 .text.HAL_RCC_GetSysClockFreq
                0x08001348      0x20c cmake/stm32cubemx/CMakeFiles/STM32_Drivers.dir/__/__/Drivers/STM32F4xx_HAL_Driver/Src/stm32f4xx_hal_rcc.c.obj
                0x08001348                HAL_RCC_GetSysClockFreq
 .text.HAL_RCC_GetHCLKFreq
                0x08001554       0x14 cmake/stm32cubemx/CMakeFiles/STM32_Drivers.dir/__/__/Drivers/STM32F4xx_HAL_Driver/Src/stm32f4xx_hal_rcc.c.obj
                0x08001554                HAL_RCC_GetHCLKFreq
 .text.HAL_RCC_GetPCLK1Freq
                0x08001568       0x28 cmake/stm32cubemx/CMakeFiles/STM32_Drivers.dir/__/__/Drivers/STM32F4xx_HAL_Driver/Src/stm32f4xx_hal_rcc.c.obj
                0x08001568                HAL_RCC_GetPCLK1Freq
 .text.HAL_RCC_GetPCLK2Freq
                0x08001590       0x28 cmake/stm32cubemx/CMakeFiles/STM32_Drivers.dir/__/__/Drivers/STM32F4xx_HAL_Driver/Src/stm32f4xx_hal_rcc.c.obj
                0x08001590                HAL_RCC_GetPCLK2Freq
 .text.HAL_GPIO_Init
                0x080015b8      0x334 cmake/stm32cubemx/CMakeFiles/STM32_Drivers.dir/__/__/Drivers/STM32F4xx_HAL_Driver/Src/stm32f4xx_hal_gpio.c.obj
                0x080015b8                HAL_GPIO_Init
 .text.HAL_GPIO_WritePin
                0x080018ec       0x30 cmake/stm32cubemx/CMakeFiles/STM32_Drivers.dir/__/__/Drivers/STM32F4xx_HAL_Driver/Src/stm32f4xx_hal_gpio.c.obj
                0x080018ec                HAL_GPIO_WritePin
 .text.HAL_DMA_Abort
                0x0800191c       0xe0 cmake/stm32cubemx/CMakeFiles/STM32_Drivers.dir/__/__/Drivers/STM32F4xx_HAL_Driver/Src/stm32f4xx_hal_dma.c.obj
                0x0800191c                HAL_DMA_Abort
 .text.HAL_DMA_Abort_IT
                0x080019fc       0x42 cmake/stm32cubemx/CMakeFiles/STM32_Drivers.dir/__/__/Drivers/STM32F4xx_HAL_Driver/Src/stm32f4xx_hal_dma.c.obj
                0x080019fc                HAL_DMA_Abort_IT
 *fill*         0x08001a3e        0x2 
 .text.__NVIC_SetPriorityGrouping
                0x08001a40       0x48 cmake/stm32cubemx/CMakeFiles/STM32_Drivers.dir/__/__/Drivers/STM32F4xx_HAL_Driver/Src/stm32f4xx_hal_cortex.c.obj
 .text.__NVIC_GetPriorityGrouping
                0x08001a88       0x1c cmake/stm32cubemx/CMakeFiles/STM32_Drivers.dir/__/__/Drivers/STM32F4xx_HAL_Driver/Src/stm32f4xx_hal_cortex.c.obj
 .text.__NVIC_EnableIRQ
                0x08001aa4       0x38 cmake/stm32cubemx/CMakeFiles/STM32_Drivers.dir/__/__/Drivers/STM32F4xx_HAL_Driver/Src/stm32f4xx_hal_cortex.c.obj
 .text.__NVIC_SetPriority
                0x08001adc       0x54 cmake/stm32cubemx/CMakeFiles/STM32_Drivers.dir/__/__/Drivers/STM32F4xx_HAL_Driver/Src/stm32f4xx_hal_cortex.c.obj
 .text.NVIC_EncodePriority
                0x08001b30       0x6e cmake/stm32cubemx/CMakeFiles/STM32_Drivers.dir/__/__/Drivers/STM32F4xx_HAL_Driver/Src/stm32f4xx_hal_cortex.c.obj
 *fill*         0x08001b9e        0x2 
 .text.SysTick_Config
                0x08001ba0       0x44 cmake/stm32cubemx/CMakeFiles/STM32_Drivers.dir/__/__/Drivers/STM32F4xx_HAL_Driver/Src/stm32f4xx_hal_cortex.c.obj
 .text.HAL_NVIC_SetPriorityGrouping
                0x08001be4       0x16 cmake/stm32cubemx/CMakeFiles/STM32_Drivers.dir/__/__/Drivers/STM32F4xx_HAL_Driver/Src/stm32f4xx_hal_cortex.c.obj
                0x08001be4                HAL_NVIC_SetPriorityGrouping
 .text.HAL_NVIC_SetPriority
                0x08001bfa       0x38 cmake/stm32cubemx/CMakeFiles/STM32_Drivers.dir/__/__/Drivers/STM32F4xx_HAL_Driver/Src/stm32f4xx_hal_cortex.c.obj
                0x08001bfa                HAL_NVIC_SetPriority
 .text.HAL_NVIC_EnableIRQ
                0x08001c32       0x1c cmake/stm32cubemx/CMakeFiles/STM32_Drivers.dir/__/__/Drivers/STM32F4xx_HAL_Driver/Src/stm32f4xx_hal_cortex.c.obj
                0x08001c32                HAL_NVIC_EnableIRQ
 .text.HAL_SYSTICK_Config
                0x08001c4e       0x18 cmake/stm32cubemx/CMakeFiles/STM32_Drivers.dir/__/__/Drivers/STM32F4xx_HAL_Driver/Src/stm32f4xx_hal_cortex.c.obj
                0x08001c4e                HAL_SYSTICK_Config
 *fill*         0x08001c66        0x2 
 .text.HAL_Init
                0x08001c68       0x44 cmake/stm32cubemx/CMakeFiles/STM32_Drivers.dir/__/__/Drivers/STM32F4xx_HAL_Driver/Src/stm32f4xx_hal.c.obj
                0x08001c68                HAL_Init
 .text.HAL_InitTick
                0x08001cac       0x60 cmake/stm32cubemx/CMakeFiles/STM32_Drivers.dir/__/__/Drivers/STM32F4xx_HAL_Driver/Src/stm32f4xx_hal.c.obj
                0x08001cac                HAL_InitTick
 .text.HAL_IncTick
                0x08001d0c       0x24 cmake/stm32cubemx/CMakeFiles/STM32_Drivers.dir/__/__/Drivers/STM32F4xx_HAL_Driver/Src/stm32f4xx_hal.c.obj
                0x08001d0c                HAL_IncTick
 .text.HAL_GetTick
                0x08001d30       0x14 cmake/stm32cubemx/CMakeFiles/STM32_Drivers.dir/__/__/Drivers/STM32F4xx_HAL_Driver/Src/stm32f4xx_hal.c.obj
                0x08001d30                HAL_GetTick
 .text.HAL_UART_Init
                0x08001d44       0xa0 cmake/stm32cubemx/CMakeFiles/STM32_Drivers.dir/__/__/Drivers/STM32F4xx_HAL_Driver/Src/stm32f4xx_hal_uart.c.obj
                0x08001d44                HAL_UART_Init
 .text.HAL_UART_Transmit
                0x08001de4      0x116 cmake/stm32cubemx/CMakeFiles/STM32_Drivers.dir/__/__/Drivers/STM32F4xx_HAL_Driver/Src/stm32f4xx_hal_uart.c.obj
                0x08001de4                HAL_UART_Transmit
 *fill*         0x08001efa        0x2 
 .text.HAL_UART_IRQHandler
                0x08001efc      0x550 cmake/stm32cubemx/CMakeFiles/STM32_Drivers.dir/__/__/Drivers/STM32F4xx_HAL_Driver/Src/stm32f4xx_hal_uart.c.obj
                0x08001efc                HAL_UART_IRQHandler
 .text.HAL_UART_TxCpltCallback
                0x0800244c       0x12 cmake/stm32cubemx/CMakeFiles/STM32_Drivers.dir/__/__/Drivers/STM32F4xx_HAL_Driver/Src/stm32f4xx_hal_uart.c.obj
                0x0800244c                HAL_UART_TxCpltCallback
 .text.HAL_UART_RxCpltCallback
                0x0800245e       0x12 cmake/stm32cubemx/CMakeFiles/STM32_Drivers.dir/__/__/Drivers/STM32F4xx_HAL_Driver/Src/stm32f4xx_hal_uart.c.obj
                0x0800245e                HAL_UART_RxCpltCallback
 .text.HAL_UART_ErrorCallback
                0x08002470       0x12 cmake/stm32cubemx/CMakeFiles/STM32_Drivers.dir/__/__/Drivers/STM32F4xx_HAL_Driver/Src/stm32f4xx_hal_uart.c.obj
                0x08002470                HAL_UART_ErrorCallback
 .text.HAL_UARTEx_RxEventCallback
                0x08002482       0x16 cmake/stm32cubemx/CMakeFiles/STM32_Drivers.dir/__/__/Drivers/STM32F4xx_HAL_Driver/Src/stm32f4xx_hal_uart.c.obj
                0x08002482                HAL_UARTEx_RxEventCallback
 .text.UART_WaitOnFlagUntilTimeout
                0x08002498       0xb2 cmake/stm32cubemx/CMakeFiles/STM32_Drivers.dir/__/__/Drivers/STM32F4xx_HAL_Driver/Src/stm32f4xx_hal_uart.c.obj
 .text.UART_EndRxTransfer
                0x0800254a       0xc4 cmake/stm32cubemx/CMakeFiles/STM32_Drivers.dir/__/__/Drivers/STM32F4xx_HAL_Driver/Src/stm32f4xx_hal_uart.c.obj
 .text.UART_DMAAbortOnError
                0x0800260e       0x22 cmake/stm32cubemx/CMakeFiles/STM32_Drivers.dir/__/__/Drivers/STM32F4xx_HAL_Driver/Src/stm32f4xx_hal_uart.c.obj
 .text.UART_Transmit_IT
                0x08002630       0x9e cmake/stm32cubemx/CMakeFiles/STM32_Drivers.dir/__/__/Drivers/STM32F4xx_HAL_Driver/Src/stm32f4xx_hal_uart.c.obj
 .text.UART_EndTransmit_IT
                0x080026ce       0x30 cmake/stm32cubemx/CMakeFiles/STM32_Drivers.dir/__/__/Drivers/STM32F4xx_HAL_Driver/Src/stm32f4xx_hal_uart.c.obj
 .text.UART_Receive_IT
                0x080026fe      0x17c cmake/stm32cubemx/CMakeFiles/STM32_Drivers.dir/__/__/Drivers/STM32F4xx_HAL_Driver/Src/stm32f4xx_hal_uart.c.obj
 *fill*         0x0800287a        0x2 
 .text.UART_SetConfig
                0x0800287c      0x4e8 cmake/stm32cubemx/CMakeFiles/STM32_Drivers.dir/__/__/Drivers/STM32F4xx_HAL_Driver/Src/stm32f4xx_hal_uart.c.obj
 .text.main     0x08002d64       0x1e CMakeFiles/STM32F407VGT6_TensorFlow-Lite-Micro.dir/Core/Src/main.c.obj
                0x08002d64                main
 *fill*         0x08002d82        0x2 
 .text.SystemClock_Config
                0x08002d84       0xd4 CMakeFiles/STM32F407VGT6_TensorFlow-Lite-Micro.dir/Core/Src/main.c.obj
                0x08002d84                SystemClock_Config
 .text.Error_Handler
                0x08002e58        0xc CMakeFiles/STM32F407VGT6_TensorFlow-Lite-Micro.dir/Core/Src/main.c.obj
                0x08002e58                Error_Handler
 .text.MX_GPIO_Init
                0x08002e64       0xa0 CMakeFiles/STM32F407VGT6_TensorFlow-Lite-Micro.dir/Core/Src/gpio.c.obj
                0x08002e64                MX_GPIO_Init
 .text.MX_UART4_Init
                0x08002f04       0x54 CMakeFiles/STM32F407VGT6_TensorFlow-Lite-Micro.dir/Core/Src/usart.c.obj
                0x08002f04                MX_UART4_Init
 .text.HAL_UART_MspInit
                0x08002f58       0xa0 CMakeFiles/STM32F407VGT6_TensorFlow-Lite-Micro.dir/Core/Src/usart.c.obj
                0x08002f58                HAL_UART_MspInit
 .text._write   0x08002ff8       0x2c CMakeFiles/STM32F407VGT6_TensorFlow-Lite-Micro.dir/Core/Src/usart.c.obj
                0x08002ff8                _write
 .text.NMI_Handler
                0x08003024        0x8 CMakeFiles/STM32F407VGT6_TensorFlow-Lite-Micro.dir/Core/Src/stm32f4xx_it.c.obj
                0x08003024                NMI_Handler
 .text.HardFault_Handler
                0x0800302c        0x8 CMakeFiles/STM32F407VGT6_TensorFlow-Lite-Micro.dir/Core/Src/stm32f4xx_it.c.obj
                0x0800302c                HardFault_Handler
 .text.MemManage_Handler
                0x08003034        0x8 CMakeFiles/STM32F407VGT6_TensorFlow-Lite-Micro.dir/Core/Src/stm32f4xx_it.c.obj
                0x08003034                MemManage_Handler
 .text.BusFault_Handler
                0x0800303c        0x8 CMakeFiles/STM32F407VGT6_TensorFlow-Lite-Micro.dir/Core/Src/stm32f4xx_it.c.obj
                0x0800303c                BusFault_Handler
 .text.UsageFault_Handler
                0x08003044        0x8 CMakeFiles/STM32F407VGT6_TensorFlow-Lite-Micro.dir/Core/Src/stm32f4xx_it.c.obj
                0x08003044                UsageFault_Handler
 .text.SVC_Handler
                0x0800304c        0xc CMakeFiles/STM32F407VGT6_TensorFlow-Lite-Micro.dir/Core/Src/stm32f4xx_it.c.obj
                0x0800304c                SVC_Handler
 .text.DebugMon_Handler
                0x08003058        0xc CMakeFiles/STM32F407VGT6_TensorFlow-Lite-Micro.dir/Core/Src/stm32f4xx_it.c.obj
                0x08003058                DebugMon_Handler
 .text.PendSV_Handler
                0x08003064        0xc CMakeFiles/STM32F407VGT6_TensorFlow-Lite-Micro.dir/Core/Src/stm32f4xx_it.c.obj
                0x08003064                PendSV_Handler
 .text.SysTick_Handler
                0x08003070        0xc CMakeFiles/STM32F407VGT6_TensorFlow-Lite-Micro.dir/Core/Src/stm32f4xx_it.c.obj
                0x08003070                SysTick_Handler
 .text.UART4_IRQHandler
                0x0800307c       0x14 CMakeFiles/STM32F407VGT6_TensorFlow-Lite-Micro.dir/Core/Src/stm32f4xx_it.c.obj
                0x0800307c                UART4_IRQHandler
 .text.HAL_MspInit
                0x08003090       0x4c CMakeFiles/STM32F407VGT6_TensorFlow-Lite-Micro.dir/Core/Src/stm32f4xx_hal_msp.c.obj
                0x08003090                HAL_MspInit
 .text._sbrk    0x080030dc       0x6c CMakeFiles/STM32F407VGT6_TensorFlow-Lite-Micro.dir/Core/Src/sysmem.c.obj
                0x080030dc                _sbrk
 .text._getpid  0x08003148        0xe CMakeFiles/STM32F407VGT6_TensorFlow-Lite-Micro.dir/Core/Src/syscalls.c.obj
                0x08003148                _getpid
 .text._kill    0x08003156       0x20 CMakeFiles/STM32F407VGT6_TensorFlow-Lite-Micro.dir/Core/Src/syscalls.c.obj
                0x08003156                _kill
 .text._exit    0x08003176       0x16 CMakeFiles/STM32F407VGT6_TensorFlow-Lite-Micro.dir/Core/Src/syscalls.c.obj
                0x08003176                _exit
 .text._read    0x0800318c       0x3a CMakeFiles/STM32F407VGT6_TensorFlow-Lite-Micro.dir/Core/Src/syscalls.c.obj
                0x0800318c                _read
 .text._close   0x080031c6       0x16 CMakeFiles/STM32F407VGT6_TensorFlow-Lite-Micro.dir/Core/Src/syscalls.c.obj
                0x080031c6                _close
 .text._fstat   0x080031dc       0x1e CMakeFiles/STM32F407VGT6_TensorFlow-Lite-Micro.dir/Core/Src/syscalls.c.obj
                0x080031dc                _fstat
 .text._isatty  0x080031fa       0x14 CMakeFiles/STM32F407VGT6_TensorFlow-Lite-Micro.dir/Core/Src/syscalls.c.obj
                0x080031fa                _isatty
 .text._lseek   0x0800320e       0x18 CMakeFiles/STM32F407VGT6_TensorFlow-Lite-Micro.dir/Core/Src/syscalls.c.obj
                0x0800320e                _lseek
 *fill*         0x08003226        0x2 
 .text.hello_world_configure_activations
                0x08003228      0x10c CMakeFiles/STM32F407VGT6_TensorFlow-Lite-Micro.dir/X-CUBE-AI/App/hello_world.c.obj
 .text.hello_world_configure_weights
                0x08003334      0x168 CMakeFiles/STM32F407VGT6_TensorFlow-Lite-Micro.dir/X-CUBE-AI/App/hello_world.c.obj
 .text.ai_hello_world_get_error
                0x0800349c       0x18 CMakeFiles/STM32F407VGT6_TensorFlow-Lite-Micro.dir/X-CUBE-AI/App/hello_world.c.obj
                0x0800349c                ai_hello_world_get_error
 .text.ai_hello_world_create
                0x080034b4       0x2c CMakeFiles/STM32F407VGT6_TensorFlow-Lite-Micro.dir/X-CUBE-AI/App/hello_world.c.obj
                0x080034b4                ai_hello_world_create
 .text.ai_hello_world_create_and_init
                0x080034e0       0xfc CMakeFiles/STM32F407VGT6_TensorFlow-Lite-Micro.dir/X-CUBE-AI/App/hello_world.c.obj
                0x080034e0                ai_hello_world_create_and_init
 .text.ai_hello_world_inputs_get
                0x080035dc       0x34 CMakeFiles/STM32F407VGT6_TensorFlow-Lite-Micro.dir/X-CUBE-AI/App/hello_world.c.obj
                0x080035dc                ai_hello_world_inputs_get
 .text.ai_hello_world_outputs_get
                0x08003610       0x34 CMakeFiles/STM32F407VGT6_TensorFlow-Lite-Micro.dir/X-CUBE-AI/App/hello_world.c.obj
                0x08003610                ai_hello_world_outputs_get
 .text.ai_hello_world_init
                0x08003644       0x78 CMakeFiles/STM32F407VGT6_TensorFlow-Lite-Micro.dir/X-CUBE-AI/App/hello_world.c.obj
                0x08003644                ai_hello_world_init
 .text.ai_hello_world_run
                0x080036bc       0x20 CMakeFiles/STM32F407VGT6_TensorFlow-Lite-Micro.dir/X-CUBE-AI/App/hello_world.c.obj
                0x080036bc                ai_hello_world_run
 .text.ai_hello_world_data_params_get
                0x080036dc       0x50 CMakeFiles/STM32F407VGT6_TensorFlow-Lite-Micro.dir/X-CUBE-AI/App/hello_world_data.c.obj
                0x080036dc                ai_hello_world_data_params_get
 .text.Vofa_Send
                0x0800372c       0x20 CMakeFiles/STM32F407VGT6_TensorFlow-Lite-Micro.dir/X-CUBE-AI/App/app_x-cube-ai.c.obj
 .text.ai_log_err
                0x0800374c        0xe CMakeFiles/STM32F407VGT6_TensorFlow-Lite-Micro.dir/X-CUBE-AI/App/app_x-cube-ai.c.obj
 *fill*         0x0800375a        0x2 
 .text.ai_boostrap
                0x0800375c       0xc8 CMakeFiles/STM32F407VGT6_TensorFlow-Lite-Micro.dir/X-CUBE-AI/App/app_x-cube-ai.c.obj
 .text.ai_run   0x08003824       0x54 CMakeFiles/STM32F407VGT6_TensorFlow-Lite-Micro.dir/X-CUBE-AI/App/app_x-cube-ai.c.obj
 .text.quantize_input
                0x08003878       0x64 CMakeFiles/STM32F407VGT6_TensorFlow-Lite-Micro.dir/X-CUBE-AI/App/app_x-cube-ai.c.obj
 .text.dequantize_output
                0x080038dc       0x30 CMakeFiles/STM32F407VGT6_TensorFlow-Lite-Micro.dir/X-CUBE-AI/App/app_x-cube-ai.c.obj
 .text.acquire_and_process_data
                0x0800390c       0x64 CMakeFiles/STM32F407VGT6_TensorFlow-Lite-Micro.dir/X-CUBE-AI/App/app_x-cube-ai.c.obj
                0x0800390c                acquire_and_process_data
 .text.post_process
                0x08003970       0xcc CMakeFiles/STM32F407VGT6_TensorFlow-Lite-Micro.dir/X-CUBE-AI/App/app_x-cube-ai.c.obj
                0x08003970                post_process
 .text.MX_X_CUBE_AI_Init
                0x08003a3c       0x14 CMakeFiles/STM32F407VGT6_TensorFlow-Lite-Micro.dir/X-CUBE-AI/App/app_x-cube-ai.c.obj
                0x08003a3c                MX_X_CUBE_AI_Init
 .text.MX_X_CUBE_AI_Process
                0x08003a50       0x5c CMakeFiles/STM32F407VGT6_TensorFlow-Lite-Micro.dir/X-CUBE-AI/App/app_x-cube-ai.c.obj
                0x08003a50                MX_X_CUBE_AI_Process
 .text.Reset_Handler
                0x08003aac       0x50 CMakeFiles/STM32F407VGT6_TensorFlow-Lite-Micro.dir/startup_stm32f407xx.s.obj
                0x08003aac                Reset_Handler
 .text.Default_Handler
                0x08003afc        0x2 CMakeFiles/STM32F407VGT6_TensorFlow-Lite-Micro.dir/startup_stm32f407xx.s.obj
                0x08003afc                RTC_Alarm_IRQHandler
                0x08003afc                HASH_RNG_IRQHandler
                0x08003afc                EXTI2_IRQHandler
                0x08003afc                TIM8_CC_IRQHandler
                0x08003afc                TIM1_CC_IRQHandler
                0x08003afc                DMA2_Stream5_IRQHandler
                0x08003afc                DMA1_Stream5_IRQHandler
                0x08003afc                PVD_IRQHandler
                0x08003afc                SDIO_IRQHandler
                0x08003afc                TAMP_STAMP_IRQHandler
                0x08003afc                CAN2_RX1_IRQHandler
                0x08003afc                EXTI3_IRQHandler
                0x08003afc                TIM8_TRG_COM_TIM14_IRQHandler
                0x08003afc                TIM1_UP_TIM10_IRQHandler
                0x08003afc                TIM8_UP_TIM13_IRQHandler
                0x08003afc                I2C3_ER_IRQHandler
                0x08003afc                EXTI0_IRQHandler
                0x08003afc                I2C2_EV_IRQHandler
                0x08003afc                DMA1_Stream2_IRQHandler
                0x08003afc                CAN1_RX0_IRQHandler
                0x08003afc                FPU_IRQHandler
                0x08003afc                OTG_HS_WKUP_IRQHandler
                0x08003afc                CAN2_SCE_IRQHandler
                0x08003afc                DMA2_Stream2_IRQHandler
                0x08003afc                SPI1_IRQHandler
                0x08003afc                TIM6_DAC_IRQHandler
                0x08003afc                TIM1_BRK_TIM9_IRQHandler
                0x08003afc                DCMI_IRQHandler
                0x08003afc                CAN2_RX0_IRQHandler
                0x08003afc                DMA2_Stream3_IRQHandler
                0x08003afc                USART6_IRQHandler
                0x08003afc                USART3_IRQHandler
                0x08003afc                CAN1_RX1_IRQHandler
                0x08003afc                UART5_IRQHandler
                0x08003afc                DMA2_Stream0_IRQHandler
                0x08003afc                TIM4_IRQHandler
                0x08003afc                I2C1_EV_IRQHandler
                0x08003afc                DMA1_Stream6_IRQHandler
                0x08003afc                DMA1_Stream1_IRQHandler
                0x08003afc                TIM3_IRQHandler
                0x08003afc                RCC_IRQHandler
                0x08003afc                TIM8_BRK_TIM12_IRQHandler
                0x08003afc                Default_Handler
                0x08003afc                EXTI15_10_IRQHandler
                0x08003afc                ADC_IRQHandler
                0x08003afc                DMA1_Stream7_IRQHandler
                0x08003afc                TIM7_IRQHandler
                0x08003afc                CAN2_TX_IRQHandler
                0x08003afc                TIM5_IRQHandler
                0x08003afc                DMA2_Stream7_IRQHandler
                0x08003afc                I2C3_EV_IRQHandler
                0x08003afc                EXTI9_5_IRQHandler
                0x08003afc                RTC_WKUP_IRQHandler
                0x08003afc                ETH_WKUP_IRQHandler
                0x08003afc                SPI2_IRQHandler
                0x08003afc                OTG_HS_EP1_IN_IRQHandler
                0x08003afc                DMA1_Stream0_IRQHandler
                0x08003afc                CAN1_TX_IRQHandler
                0x08003afc                EXTI4_IRQHandler
                0x08003afc                FSMC_IRQHandler
                0x08003afc                ETH_IRQHandler
                0x08003afc                OTG_HS_EP1_OUT_IRQHandler
                0x08003afc                WWDG_IRQHandler
                0x08003afc                TIM2_IRQHandler
                0x08003afc                OTG_FS_WKUP_IRQHandler
                0x08003afc                TIM1_TRG_COM_TIM11_IRQHandler
                0x08003afc                OTG_HS_IRQHandler
                0x08003afc                EXTI1_IRQHandler
                0x08003afc                USART2_IRQHandler
                0x08003afc                I2C2_ER_IRQHandler
                0x08003afc                DMA2_Stream1_IRQHandler
                0x08003afc                CAN1_SCE_IRQHandler
                0x08003afc                FLASH_IRQHandler
                0x08003afc                DMA2_Stream4_IRQHandler
                0x08003afc                USART1_IRQHandler
                0x08003afc                OTG_FS_IRQHandler
                0x08003afc                SPI3_IRQHandler
                0x08003afc                DMA1_Stream4_IRQHandler
                0x08003afc                I2C1_ER_IRQHandler
                0x08003afc                DMA2_Stream6_IRQHandler
                0x08003afc                DMA1_Stream3_IRQHandler
 *fill*         0x08003afe        0x2 
 .text.arm_cos_f32
                0x08003b00      0x10c CMakeFiles/STM32F407VGT6_TensorFlow-Lite-Micro.dir/Drivers/CMSIS/DSP/Source/FastMathFunctions/arm_cos_f32.c.obj
                0x08003b00                arm_cos_f32
 .text.ai_buffer_get_size
                0x08003c0c       0x64 D:/edgedownload/STM32F407VGT6_TensorFlow-Lite-Micro/cmake/stm32cubemx/../../Middlewares/ST/AI/Lib/NetworkRuntime1020_CM4_GCC.a(ai_platform.o)
                0x08003c0c                ai_buffer_get_size
 .text.ai_buffer_array_sane
                0x08003c70       0x14 D:/edgedownload/STM32F407VGT6_TensorFlow-Lite-Micro/cmake/stm32cubemx/../../Middlewares/ST/AI/Lib/NetworkRuntime1020_CM4_GCC.a(ai_platform.o)
                0x08003c70                ai_buffer_array_sane
 .text.ai_buffer_array_item_set_address
                0x08003c84       0x1c D:/edgedownload/STM32F407VGT6_TensorFlow-Lite-Micro/cmake/stm32cubemx/../../Middlewares/ST/AI/Lib/NetworkRuntime1020_CM4_GCC.a(ai_platform.o)
                0x08003c84                ai_buffer_array_item_set_address
 .text.ai_platform_get_weights_map
                0x08003ca0       0xa4 D:/edgedownload/STM32F407VGT6_TensorFlow-Lite-Micro/cmake/stm32cubemx/../../Middlewares/ST/AI/Lib/NetworkRuntime1020_CM4_GCC.a(ai_platform_interface.o)
                0x08003ca0                ai_platform_get_weights_map
 .text.ai_platform_get_activations_map
                0x08003d44       0xa8 D:/edgedownload/STM32F407VGT6_TensorFlow-Lite-Micro/cmake/stm32cubemx/../../Middlewares/ST/AI/Lib/NetworkRuntime1020_CM4_GCC.a(ai_platform_interface.o)
                0x08003d44                ai_platform_get_activations_map
 .text.ai_platform_bind_network_params
                0x08003dec       0x44 D:/edgedownload/STM32F407VGT6_TensorFlow-Lite-Micro/cmake/stm32cubemx/../../Middlewares/ST/AI/Lib/NetworkRuntime1020_CM4_GCC.a(ai_platform_interface.o)
                0x08003dec                ai_platform_bind_network_params
 .text.ai_platform_network_get_error
                0x08003e30       0x18 D:/edgedownload/STM32F407VGT6_TensorFlow-Lite-Micro/cmake/stm32cubemx/../../Middlewares/ST/AI/Lib/NetworkRuntime1020_CM4_GCC.a(ai_platform_interface.o)
                0x08003e30                ai_platform_network_get_error
 .text.ai_platform_network_set_error
                0x08003e48        0xc D:/edgedownload/STM32F407VGT6_TensorFlow-Lite-Micro/cmake/stm32cubemx/../../Middlewares/ST/AI/Lib/NetworkRuntime1020_CM4_GCC.a(ai_platform_interface.o)
                0x08003e48                ai_platform_network_set_error
 .text.ai_platform_inputs_get
                0x08003e54       0xec D:/edgedownload/STM32F407VGT6_TensorFlow-Lite-Micro/cmake/stm32cubemx/../../Middlewares/ST/AI/Lib/NetworkRuntime1020_CM4_GCC.a(ai_platform_interface.o)
                0x08003e54                ai_platform_inputs_get
 .text.ai_platform_outputs_get
                0x08003f40       0xe4 D:/edgedownload/STM32F407VGT6_TensorFlow-Lite-Micro/cmake/stm32cubemx/../../Middlewares/ST/AI/Lib/NetworkRuntime1020_CM4_GCC.a(ai_platform_interface.o)
                0x08003f40                ai_platform_outputs_get
 .text.ai_platform_network_create
                0x08004024       0x84 D:/edgedownload/STM32F407VGT6_TensorFlow-Lite-Micro/cmake/stm32cubemx/../../Middlewares/ST/AI/Lib/NetworkRuntime1020_CM4_GCC.a(ai_platform_interface.o)
                0x08004024                ai_platform_network_create
 .text.ai_platform_network_init
                0x080040a8      0x130 D:/edgedownload/STM32F407VGT6_TensorFlow-Lite-Micro/cmake/stm32cubemx/../../Middlewares/ST/AI/Lib/NetworkRuntime1020_CM4_GCC.a(ai_platform_interface.o)
                0x080040a8                ai_platform_network_init
 .text.ai_platform_network_post_init
                0x080041d8       0x5c D:/edgedownload/STM32F407VGT6_TensorFlow-Lite-Micro/cmake/stm32cubemx/../../Middlewares/ST/AI/Lib/NetworkRuntime1020_CM4_GCC.a(ai_platform_interface.o)
                0x080041d8                ai_platform_network_post_init
 .text.ai_platform_network_process
                0x08004234      0x438 D:/edgedownload/STM32F407VGT6_TensorFlow-Lite-Micro/cmake/stm32cubemx/../../Middlewares/ST/AI/Lib/NetworkRuntime1020_CM4_GCC.a(ai_platform_interface.o)
                0x08004234                ai_platform_network_process
 .text.core_init
                0x0800466c        0x4 D:/edgedownload/STM32F407VGT6_TensorFlow-Lite-Micro/cmake/stm32cubemx/../../Middlewares/ST/AI/Lib/NetworkRuntime1020_CM4_GCC.a(core_common.o)
                0x0800466c                core_init
 .text.core_get_error
                0x08004670        0xc D:/edgedownload/STM32F407VGT6_TensorFlow-Lite-Micro/cmake/stm32cubemx/../../Middlewares/ST/AI/Lib/NetworkRuntime1020_CM4_GCC.a(core_common.o)
                0x08004670                core_get_error
 .text.core_set_error
                0x0800467c       0x18 D:/edgedownload/STM32F407VGT6_TensorFlow-Lite-Micro/cmake/stm32cubemx/../../Middlewares/ST/AI/Lib/NetworkRuntime1020_CM4_GCC.a(core_common.o)
                0x0800467c                core_set_error
 .text.ai_check_custom_types
                0x08004694       0x54 D:/edgedownload/STM32F407VGT6_TensorFlow-Lite-Micro/cmake/stm32cubemx/../../Middlewares/ST/AI/Lib/NetworkRuntime1020_CM4_GCC.a(layers.o)
                0x08004694                ai_check_custom_types
 .text.ai_layers_init_all
                0x080046e8       0x20 D:/edgedownload/STM32F407VGT6_TensorFlow-Lite-Micro/cmake/stm32cubemx/../../Middlewares/ST/AI/Lib/NetworkRuntime1020_CM4_GCC.a(layers.o)
                0x080046e8                ai_layers_init_all
 .text.ai_layers_post_init_all
                0x08004708       0x3c D:/edgedownload/STM32F407VGT6_TensorFlow-Lite-Micro/cmake/stm32cubemx/../../Middlewares/ST/AI/Lib/NetworkRuntime1020_CM4_GCC.a(layers.o)
                0x08004708                ai_layers_post_init_all
 .text.ai_layers_forward_all
                0x08004744       0x90 D:/edgedownload/STM32F407VGT6_TensorFlow-Lite-Micro/cmake/stm32cubemx/../../Middlewares/ST/AI/Lib/NetworkRuntime1020_CM4_GCC.a(layers.o)
                0x08004744                ai_layers_forward_all
 .text.forward_dense_integer_SSSA
                0x080047d4      0x1dc D:/edgedownload/STM32F407VGT6_TensorFlow-Lite-Micro/cmake/stm32cubemx/../../Middlewares/ST/AI/Lib/NetworkRuntime1020_CM4_GCC.a(layers_conv2d_stm32_integer.o)
                0x080047d4                forward_dense_integer_SSSA
 .text.forward_dense_integer_SSSA_ch
                0x080049b0      0x200 D:/edgedownload/STM32F407VGT6_TensorFlow-Lite-Micro/cmake/stm32cubemx/../../Middlewares/ST/AI/Lib/NetworkRuntime1020_CM4_GCC.a(layers_conv2d_stm32_integer.o)
                0x080049b0                forward_dense_integer_SSSA_ch
 .text.forward_lite_dense_is8os8ws8_ch
                0x08004bb0       0x7c D:/edgedownload/STM32F407VGT6_TensorFlow-Lite-Micro/cmake/stm32cubemx/../../Middlewares/ST/AI/Lib/NetworkRuntime1020_CM4_GCC.a(forward_lite_dense_is8os8ws8_ch.o)
                0x08004bb0                forward_lite_dense_is8os8ws8_ch
 .text.forward_lite_dense_is8os8ws8
                0x08004c2c       0x84 D:/edgedownload/STM32F407VGT6_TensorFlow-Lite-Micro/cmake/stm32cubemx/../../Middlewares/ST/AI/Lib/NetworkRuntime1020_CM4_GCC.a(forward_lite_dense_is8os8ws8.o)
                0x08004c2c                forward_lite_dense_is8os8ws8
 .text.align_factor
                0x08004cb0       0xa8 D:/edgedownload/STM32F407VGT6_TensorFlow-Lite-Micro/cmake/stm32cubemx/../../Middlewares/ST/AI/Lib/NetworkRuntime1020_CM4_GCC.a(st_align_factor.o)
                0x08004cb0                align_factor
 .text.align_factor_ch
                0x08004d58       0x60 D:/edgedownload/STM32F407VGT6_TensorFlow-Lite-Micro/cmake/stm32cubemx/../../Middlewares/ST/AI/Lib/NetworkRuntime1020_CM4_GCC.a(st_align_factor.o)
                0x08004d58                align_factor_ch
 .text.st_sssa8_ch_fully_connected
                0x08004db8      0x514 D:/edgedownload/STM32F407VGT6_TensorFlow-Lite-Micro/cmake/stm32cubemx/../../Middlewares/ST/AI/Lib/NetworkRuntime1020_CM4_GCC.a(st_sssa8_ch_dense.o)
                0x08004db8                st_sssa8_ch_fully_connected
 .text.st_sssa8_fully_connected
                0x080052cc      0x368 D:/edgedownload/STM32F407VGT6_TensorFlow-Lite-Micro/cmake/stm32cubemx/../../Middlewares/ST/AI/Lib/NetworkRuntime1020_CM4_GCC.a(st_sssa8_dense.o)
                0x080052cc                st_sssa8_fully_connected
 .text.st_int8_copy
                0x08005634      0x13c D:/edgedownload/STM32F407VGT6_TensorFlow-Lite-Micro/cmake/stm32cubemx/../../Middlewares/ST/AI/Lib/NetworkRuntime1020_CM4_GCC.a(st_int8_fill.o)
                0x08005634                st_int8_copy
 .text.st_int8_reordered_no_shift_zero
                0x08005770       0x68 D:/edgedownload/STM32F407VGT6_TensorFlow-Lite-Micro/cmake/stm32cubemx/../../Middlewares/ST/AI/Lib/NetworkRuntime1020_CM4_GCC.a(st_int8_reordered_no_shift.o)
                0x08005770                st_int8_reordered_no_shift_zero
 *fill*         0x080057d8        0x8 
 .text.st_sssa8_dense_memopt_loop
                0x080057e0      0x794 D:/edgedownload/STM32F407VGT6_TensorFlow-Lite-Micro/cmake/stm32cubemx/../../Middlewares/ST/AI/Lib/NetworkRuntime1020_CM4_GCC.a(st_sssa8_dense_loop.o)
                0x080057e0                st_sssa8_dense_loop
                0x08005b90                st_sssa8_dense_memopt_loop
 .text.ai_array_to_buffer_fmt
                0x08005f74       0xe0 D:/edgedownload/STM32F407VGT6_TensorFlow-Lite-Micro/cmake/stm32cubemx/../../Middlewares/ST/AI/Lib/NetworkRuntime1020_CM4_GCC.a(ai_datatypes_format.o)
                0x08005f74                ai_array_to_buffer_fmt
 .text.ai_array_get_data_byte_size
                0x08006054       0x24 D:/edgedownload/STM32F407VGT6_TensorFlow-Lite-Micro/cmake/stm32cubemx/../../Middlewares/ST/AI/Lib/NetworkRuntime1020_CM4_GCC.a(ai_datatypes_format.o)
                0x08006054                ai_array_get_data_byte_size
 .text.ai_version_get
                0x08006078        0xc D:/edgedownload/STM32F407VGT6_TensorFlow-Lite-Micro/cmake/stm32cubemx/../../Middlewares/ST/AI/Lib/NetworkRuntime1020_CM4_GCC.a(ai_datatypes_internal.o)
                0x08006078                ai_version_get
 .text.get_tensor_byte_size
                0x08006084       0x30 D:/edgedownload/STM32F407VGT6_TensorFlow-Lite-Micro/cmake/stm32cubemx/../../Middlewares/ST/AI/Lib/NetworkRuntime1020_CM4_GCC.a(ai_datatypes_internal.o)
                0x08006084                get_tensor_byte_size
 .text.round    0x080060b4       0xb0 C:/Tools/arm-gnu-toolchain-15.2.rel1-mingw-w64-i686-arm-none-eabi/bin/../lib/gcc/arm-none-eabi/15.2.1/../../../../arm-none-eabi/lib/thumb/v7e-m+fp/hard\libm.a(libm_a-s_round.o)
                0x080060b4                round
 .text.__fixsfdi
                0x08006164       0x24 C:/Tools/arm-gnu-toolchain-15.2.rel1-mingw-w64-i686-arm-none-eabi/bin/../lib/gcc/arm-none-eabi/15.2.1/thumb/v7e-m+fp/hard\libgcc.a(_fixsfdi.o)
                0x08006164                __fixsfdi
                0x08006164                __aeabi_f2lz
 .text.__fixunssfdi
                0x08006188       0x40 C:/Tools/arm-gnu-toolchain-15.2.rel1-mingw-w64-i686-arm-none-eabi/bin/../lib/gcc/arm-none-eabi/15.2.1/thumb/v7e-m+fp/hard\libgcc.a(_fixunssfdi.o)
                0x08006188                __fixunssfdi
                0x08006188                __aeabi_f2ulz
 .text.__udivmoddi4
                0x080061c8      0x320 C:/Tools/arm-gnu-toolchain-15.2.rel1-mingw-w64-i686-arm-none-eabi/bin/../lib/gcc/arm-none-eabi/15.2.1/thumb/v7e-m+fp/hard\libgcc.a(_udivmoddi4.o)
                0x080061c8                __udivmoddi4
 .text.malloc   0x080064e8       0x10 C:/Tools/arm-gnu-toolchain-15.2.rel1-mingw-w64-i686-arm-none-eabi/bin/../lib/gcc/arm-none-eabi/15.2.1/../../../../arm-none-eabi/lib/thumb/v7e-m+fp/hard\libg_nano.a(libc_a-malloc.o)
                0x080064e8                malloc
 .text.sbrk_aligned
                0x080064f8       0x44 C:/Tools/arm-gnu-toolchain-15.2.rel1-mingw-w64-i686-arm-none-eabi/bin/../lib/gcc/arm-none-eabi/15.2.1/../../../../arm-none-eabi/lib/thumb/v7e-m+fp/hard\libg_nano.a(libc_a-mallocr.o)
 .text._malloc_r
                0x0800653c       0xf8 C:/Tools/arm-gnu-toolchain-15.2.rel1-mingw-w64-i686-arm-none-eabi/bin/../lib/gcc/arm-none-eabi/15.2.1/../../../../arm-none-eabi/lib/thumb/v7e-m+fp/hard\libg_nano.a(libc_a-mallocr.o)
                0x0800653c                _malloc_r
 .text.__malloc_lock
                0x08006634        0xc C:/Tools/arm-gnu-toolchain-15.2.rel1-mingw-w64-i686-arm-none-eabi/bin/../lib/gcc/arm-none-eabi/15.2.1/../../../../arm-none-eabi/lib/thumb/v7e-m+fp/hard\libg_nano.a(libc_a-mlock.o)
                0x08006634                __malloc_lock
 .text.__malloc_unlock
                0x08006640        0xc C:/Tools/arm-gnu-toolchain-15.2.rel1-mingw-w64-i686-arm-none-eabi/bin/../lib/gcc/arm-none-eabi/15.2.1/../../../../arm-none-eabi/lib/thumb/v7e-m+fp/hard\libg_nano.a(libc_a-mlock.o)
                0x08006640                __malloc_unlock
 .text.__cvt    0x0800664c       0xbe C:/Tools/arm-gnu-toolchain-15.2.rel1-mingw-w64-i686-arm-none-eabi/bin/../lib/gcc/arm-none-eabi/15.2.1/../../../../arm-none-eabi/lib/thumb/v7e-m+fp/hard\libg_nano.a(libc_a-nano-vfprintf_float.o)
                0x0800664c                __cvt
 .text.__exponent
                0x0800670a       0x76 C:/Tools/arm-gnu-toolchain-15.2.rel1-mingw-w64-i686-arm-none-eabi/bin/../lib/gcc/arm-none-eabi/15.2.1/../../../../arm-none-eabi/lib/thumb/v7e-m+fp/hard\libg_nano.a(libc_a-nano-vfprintf_float.o)
                0x0800670a                __exponent
 .text._printf_float
                0x08006780      0x448 C:/Tools/arm-gnu-toolchain-15.2.rel1-mingw-w64-i686-arm-none-eabi/bin/../lib/gcc/arm-none-eabi/15.2.1/../../../../arm-none-eabi/lib/thumb/v7e-m+fp/hard\libg_nano.a(libc_a-nano-vfprintf_float.o)
                0x08006780                _printf_float
 .text._printf_common
                0x08006bc8       0xea C:/Tools/arm-gnu-toolchain-15.2.rel1-mingw-w64-i686-arm-none-eabi/bin/../lib/gcc/arm-none-eabi/15.2.1/../../../../arm-none-eabi/lib/thumb/v7e-m+fp/hard\libg_nano.a(libc_a-nano-vfprintf_i.o)
                0x08006bc8                _printf_common
 *fill*         0x08006cb2        0x2 
 .text._printf_i
                0x08006cb4      0x254 C:/Tools/arm-gnu-toolchain-15.2.rel1-mingw-w64-i686-arm-none-eabi/bin/../lib/gcc/arm-none-eabi/15.2.1/../../../../arm-none-eabi/lib/thumb/v7e-m+fp/hard\libg_nano.a(libc_a-nano-vfprintf_i.o)
                0x08006cb4                _printf_i
 .text.std      0x08006f08       0x6c C:/Tools/arm-gnu-toolchain-15.2.rel1-mingw-w64-i686-arm-none-eabi/bin/../lib/gcc/arm-none-eabi/15.2.1/../../../../arm-none-eabi/lib/thumb/v7e-m+fp/hard\libg_nano.a(libc_a-findfp.o)
 .text.stdio_exit_handler
                0x08006f74       0x18 C:/Tools/arm-gnu-toolchain-15.2.rel1-mingw-w64-i686-arm-none-eabi/bin/../lib/gcc/arm-none-eabi/15.2.1/../../../../arm-none-eabi/lib/thumb/v7e-m+fp/hard\libg_nano.a(libc_a-findfp.o)
 .text.cleanup_stdio
                0x08006f8c       0x40 C:/Tools/arm-gnu-toolchain-15.2.rel1-mingw-w64-i686-arm-none-eabi/bin/../lib/gcc/arm-none-eabi/15.2.1/../../../../arm-none-eabi/lib/thumb/v7e-m+fp/hard\libg_nano.a(libc_a-findfp.o)
 .text.global_stdio_init.part.0
                0x08006fcc       0x40 C:/Tools/arm-gnu-toolchain-15.2.rel1-mingw-w64-i686-arm-none-eabi/bin/../lib/gcc/arm-none-eabi/15.2.1/../../../../arm-none-eabi/lib/thumb/v7e-m+fp/hard\libg_nano.a(libc_a-findfp.o)
 .text.__sfp_lock_acquire
                0x0800700c        0xc C:/Tools/arm-gnu-toolchain-15.2.rel1-mingw-w64-i686-arm-none-eabi/bin/../lib/gcc/arm-none-eabi/15.2.1/../../../../arm-none-eabi/lib/thumb/v7e-m+fp/hard\libg_nano.a(libc_a-findfp.o)
                0x0800700c                __sfp_lock_acquire
 .text.__sfp_lock_release
                0x08007018        0xc C:/Tools/arm-gnu-toolchain-15.2.rel1-mingw-w64-i686-arm-none-eabi/bin/../lib/gcc/arm-none-eabi/15.2.1/../../../../arm-none-eabi/lib/thumb/v7e-m+fp/hard\libg_nano.a(libc_a-findfp.o)
                0x08007018                __sfp_lock_release
 .text.__sinit  0x08007024       0x30 C:/Tools/arm-gnu-toolchain-15.2.rel1-mingw-w64-i686-arm-none-eabi/bin/../lib/gcc/arm-none-eabi/15.2.1/../../../../arm-none-eabi/lib/thumb/v7e-m+fp/hard\libg_nano.a(libc_a-findfp.o)
                0x08007024                __sinit
 .text._fwalk_sglue
                0x08007054       0x3a C:/Tools/arm-gnu-toolchain-15.2.rel1-mingw-w64-i686-arm-none-eabi/bin/../lib/gcc/arm-none-eabi/15.2.1/../../../../arm-none-eabi/lib/thumb/v7e-m+fp/hard\libg_nano.a(libc_a-fwalk.o)
                0x08007054                _fwalk_sglue
 .text.__sread  0x0800708e       0x22 C:/Tools/arm-gnu-toolchain-15.2.rel1-mingw-w64-i686-arm-none-eabi/bin/../lib/gcc/arm-none-eabi/15.2.1/../../../../arm-none-eabi/lib/thumb/v7e-m+fp/hard\libg_nano.a(libc_a-stdio.o)
                0x0800708e                __sread
 .text.__swrite
                0x080070b0       0x38 C:/Tools/arm-gnu-toolchain-15.2.rel1-mingw-w64-i686-arm-none-eabi/bin/../lib/gcc/arm-none-eabi/15.2.1/../../../../arm-none-eabi/lib/thumb/v7e-m+fp/hard\libg_nano.a(libc_a-stdio.o)
                0x080070b0                __swrite
 .text.__sseek  0x080070e8       0x26 C:/Tools/arm-gnu-toolchain-15.2.rel1-mingw-w64-i686-arm-none-eabi/bin/../lib/gcc/arm-none-eabi/15.2.1/../../../../arm-none-eabi/lib/thumb/v7e-m+fp/hard\libg_nano.a(libc_a-stdio.o)
                0x080070e8                __sseek
 .text.__sclose
                0x0800710e        0x8 C:/Tools/arm-gnu-toolchain-15.2.rel1-mingw-w64-i686-arm-none-eabi/bin/../lib/gcc/arm-none-eabi/15.2.1/../../../../arm-none-eabi/lib/thumb/v7e-m+fp/hard\libg_nano.a(libc_a-stdio.o)
                0x0800710e                __sclose
 .text.memset   0x08007116       0x10 C:/Tools/arm-gnu-toolchain-15.2.rel1-mingw-w64-i686-arm-none-eabi/bin/../lib/gcc/arm-none-eabi/15.2.1/../../../../arm-none-eabi/lib/thumb/v7e-m+fp/hard\libg_nano.a(libc_a-memset.o)
                0x08007116                memset
 *fill*         0x08007126        0x2 
 .text._localeconv_r
                0x08007128        0x8 C:/Tools/arm-gnu-toolchain-15.2.rel1-mingw-w64-i686-arm-none-eabi/bin/../lib/gcc/arm-none-eabi/15.2.1/../../../../arm-none-eabi/lib/thumb/v7e-m+fp/hard\libg_nano.a(libc_a-localeconv.o)
                0x08007128                _localeconv_r
 .text._close_r
                0x08007130       0x20 C:/Tools/arm-gnu-toolchain-15.2.rel1-mingw-w64-i686-arm-none-eabi/bin/../lib/gcc/arm-none-eabi/15.2.1/../../../../arm-none-eabi/lib/thumb/v7e-m+fp/hard\libg_nano.a(libc_a-closer.o)
                0x08007130                _close_r
 .text._lseek_r
                0x08007150       0x24 C:/Tools/arm-gnu-toolchain-15.2.rel1-mingw-w64-i686-arm-none-eabi/bin/../lib/gcc/arm-none-eabi/15.2.1/../../../../arm-none-eabi/lib/thumb/v7e-m+fp/hard\libg_nano.a(libc_a-lseekr.o)
                0x08007150                _lseek_r
 .text._read_r  0x08007174       0x24 C:/Tools/arm-gnu-toolchain-15.2.rel1-mingw-w64-i686-arm-none-eabi/bin/../lib/gcc/arm-none-eabi/15.2.1/../../../../arm-none-eabi/lib/thumb/v7e-m+fp/hard\libg_nano.a(libc_a-readr.o)
                0x08007174                _read_r
 .text._sbrk_r  0x08007198       0x20 C:/Tools/arm-gnu-toolchain-15.2.rel1-mingw-w64-i686-arm-none-eabi/bin/../lib/gcc/arm-none-eabi/15.2.1/../../../../arm-none-eabi/lib/thumb/v7e-m+fp/hard\libg_nano.a(libc_a-sbrkr.o)
                0x08007198                _sbrk_r
 .text._write_r
                0x080071b8       0x24 C:/Tools/arm-gnu-toolchain-15.2.rel1-mingw-w64-i686-arm-none-eabi/bin/../lib/gcc/arm-none-eabi/15.2.1/../../../../arm-none-eabi/lib/thumb/v7e-m+fp/hard\libg_nano.a(libc_a-writer.o)
                0x080071b8                _write_r
 .text.__errno  0x080071dc        0xc C:/Tools/arm-gnu-toolchain-15.2.rel1-mingw-w64-i686-arm-none-eabi/bin/../lib/gcc/arm-none-eabi/15.2.1/../../../../arm-none-eabi/lib/thumb/v7e-m+fp/hard\libg_nano.a(libc_a-errno.o)
                0x080071dc                __errno
 .text.__libc_init_array
                0x080071e8       0x48 C:/Tools/arm-gnu-toolchain-15.2.rel1-mingw-w64-i686-arm-none-eabi/bin/../lib/gcc/arm-none-eabi/15.2.1/../../../../arm-none-eabi/lib/thumb/v7e-m+fp/hard\libg_nano.a(libc_a-init.o)
                0x080071e8                __libc_init_array
 .text.__retarget_lock_init_recursive
                0x08007230        0x2 C:/Tools/arm-gnu-toolchain-15.2.rel1-mingw-w64-i686-arm-none-eabi/bin/../lib/gcc/arm-none-eabi/15.2.1/../../../../arm-none-eabi/lib/thumb/v7e-m+fp/hard\libg_nano.a(libc_a-lock.o)
                0x08007230                __retarget_lock_init_recursive
 .text.__retarget_lock_acquire_recursive
                0x08007232        0x2 C:/Tools/arm-gnu-toolchain-15.2.rel1-mingw-w64-i686-arm-none-eabi/bin/../lib/gcc/arm-none-eabi/15.2.1/../../../../arm-none-eabi/lib/thumb/v7e-m+fp/hard\libg_nano.a(libc_a-lock.o)
                0x08007232                __retarget_lock_acquire_recursive
 .text.__retarget_lock_release_recursive
                0x08007234        0x2 C:/Tools/arm-gnu-toolchain-15.2.rel1-mingw-w64-i686-arm-none-eabi/bin/../lib/gcc/arm-none-eabi/15.2.1/../../../../arm-none-eabi/lib/thumb/v7e-m+fp/hard\libg_nano.a(libc_a-lock.o)
                0x08007234                __retarget_lock_release_recursive
 .text.memcpy   0x08007236       0x1c C:/Tools/arm-gnu-toolchain-15.2.rel1-mingw-w64-i686-arm-none-eabi/bin/../lib/gcc/arm-none-eabi/15.2.1/../../../../arm-none-eabi/lib/thumb/v7e-m+fp/hard\libg_nano.a(libc_a-memcpy-stub.o)
                0x08007236                memcpy
 .text.quorem   0x08007252      0x110 C:/Tools/arm-gnu-toolchain-15.2.rel1-mingw-w64-i686-arm-none-eabi/bin/../lib/gcc/arm-none-eabi/15.2.1/../../../../arm-none-eabi/lib/thumb/v7e-m+fp/hard\libg_nano.a(libc_a-dtoa.o)
 *fill*         0x08007362        0x6 
 .text._dtoa_r  0x08007368      0xbac C:/Tools/arm-gnu-toolchain-15.2.rel1-mingw-w64-i686-arm-none-eabi/bin/../lib/gcc/arm-none-eabi/15.2.1/../../../../arm-none-eabi/lib/thumb/v7e-m+fp/hard\libg_nano.a(libc_a-dtoa.o)
                0x08007368                _dtoa_r
 .text._free_r  0x08007f14       0x98 C:/Tools/arm-gnu-toolchain-15.2.rel1-mingw-w64-i686-arm-none-eabi/bin/../lib/gcc/arm-none-eabi/15.2.1/../../../../arm-none-eabi/lib/thumb/v7e-m+fp/hard\libg_nano.a(libc_a-freer.o)
                0x08007f14                _free_r
 .text._Balloc  0x08007fac       0x7c C:/Tools/arm-gnu-toolchain-15.2.rel1-mingw-w64-i686-arm-none-eabi/bin/../lib/gcc/arm-none-eabi/15.2.1/../../../../arm-none-eabi/lib/thumb/v7e-m+fp/hard\libg_nano.a(libc_a-mprec.o)
                0x08007fac                _Balloc
 .text._Bfree   0x08008028       0x44 C:/Tools/arm-gnu-toolchain-15.2.rel1-mingw-w64-i686-arm-none-eabi/bin/../lib/gcc/arm-none-eabi/15.2.1/../../../../arm-none-eabi/lib/thumb/v7e-m+fp/hard\libg_nano.a(libc_a-mprec.o)
                0x08008028                _Bfree
 .text.__multadd
                0x0800806c       0x8c C:/Tools/arm-gnu-toolchain-15.2.rel1-mingw-w64-i686-arm-none-eabi/bin/../lib/gcc/arm-none-eabi/15.2.1/../../../../arm-none-eabi/lib/thumb/v7e-m+fp/hard\libg_nano.a(libc_a-mprec.o)
                0x0800806c                __multadd
 .text.__hi0bits
                0x080080f8       0x3c C:/Tools/arm-gnu-toolchain-15.2.rel1-mingw-w64-i686-arm-none-eabi/bin/../lib/gcc/arm-none-eabi/15.2.1/../../../../arm-none-eabi/lib/thumb/v7e-m+fp/hard\libg_nano.a(libc_a-mprec.o)
                0x080080f8                __hi0bits
 .text.__lo0bits
                0x08008134       0x5c C:/Tools/arm-gnu-toolchain-15.2.rel1-mingw-w64-i686-arm-none-eabi/bin/../lib/gcc/arm-none-eabi/15.2.1/../../../../arm-none-eabi/lib/thumb/v7e-m+fp/hard\libg_nano.a(libc_a-mprec.o)
                0x08008134                __lo0bits
 .text.__i2b    0x08008190       0x2c C:/Tools/arm-gnu-toolchain-15.2.rel1-mingw-w64-i686-arm-none-eabi/bin/../lib/gcc/arm-none-eabi/15.2.1/../../../../arm-none-eabi/lib/thumb/v7e-m+fp/hard\libg_nano.a(libc_a-mprec.o)
                0x08008190                __i2b
 .text.__multiply
                0x080081bc      0x16c C:/Tools/arm-gnu-toolchain-15.2.rel1-mingw-w64-i686-arm-none-eabi/bin/../lib/gcc/arm-none-eabi/15.2.1/../../../../arm-none-eabi/lib/thumb/v7e-m+fp/hard\libg_nano.a(libc_a-mprec.o)
                0x080081bc                __multiply
 .text.__pow5mult
                0x08008328       0xb8 C:/Tools/arm-gnu-toolchain-15.2.rel1-mingw-w64-i686-arm-none-eabi/bin/../lib/gcc/arm-none-eabi/15.2.1/../../../../arm-none-eabi/lib/thumb/v7e-m+fp/hard\libg_nano.a(libc_a-mprec.o)
                0x08008328                __pow5mult
 .text.__lshift
                0x080083e0       0xe4 C:/Tools/arm-gnu-toolchain-15.2.rel1-mingw-w64-i686-arm-none-eabi/bin/../lib/gcc/arm-none-eabi/15.2.1/../../../../arm-none-eabi/lib/thumb/v7e-m+fp/hard\libg_nano.a(libc_a-mprec.o)
                0x080083e0                __lshift
 .text.__mcmp   0x080084c4       0x36 C:/Tools/arm-gnu-toolchain-15.2.rel1-mingw-w64-i686-arm-none-eabi/bin/../lib/gcc/arm-none-eabi/15.2.1/../../../../arm-none-eabi/lib/thumb/v7e-m+fp/hard\libg_nano.a(libc_a-mprec.o)
                0x080084c4                __mcmp
 *fill*         0x080084fa        0x2 
 .text.__mdiff  0x080084fc      0x130 C:/Tools/arm-gnu-toolchain-15.2.rel1-mingw-w64-i686-arm-none-eabi/bin/../lib/gcc/arm-none-eabi/15.2.1/../../../../arm-none-eabi/lib/thumb/v7e-m+fp/hard\libg_nano.a(libc_a-mprec.o)
                0x080084fc                __mdiff
 .text.__d2b    0x0800862c       0xb0 C:/Tools/arm-gnu-toolchain-15.2.rel1-mingw-w64-i686-arm-none-eabi/bin/../lib/gcc/arm-none-eabi/15.2.1/../../../../arm-none-eabi/lib/thumb/v7e-m+fp/hard\libg_nano.a(libc_a-mprec.o)
                0x0800862c                __d2b
 .text.__sflush_r
                0x080086dc      0x100 C:/Tools/arm-gnu-toolchain-15.2.rel1-mingw-w64-i686-arm-none-eabi/bin/../lib/gcc/arm-none-eabi/15.2.1/../../../../arm-none-eabi/lib/thumb/v7e-m+fp/hard\libg_nano.a(libc_a-fflush.o)
                0x080086dc                __sflush_r
 .text._fflush_r
                0x080087dc       0x50 C:/Tools/arm-gnu-toolchain-15.2.rel1-mingw-w64-i686-arm-none-eabi/bin/../lib/gcc/arm-none-eabi/15.2.1/../../../../arm-none-eabi/lib/thumb/v7e-m+fp/hard\libg_nano.a(libc_a-fflush.o)
                0x080087dc                _fflush_r
 .text.__assert_func
                0x0800882c       0x3c C:/Tools/arm-gnu-toolchain-15.2.rel1-mingw-w64-i686-arm-none-eabi/bin/../lib/gcc/arm-none-eabi/15.2.1/../../../../arm-none-eabi/lib/thumb/v7e-m+fp/hard\libg_nano.a(libc_a-assert.o)
                0x0800882c                __assert_func
 .text._calloc_r
                0x08008868       0x28 C:/Tools/arm-gnu-toolchain-15.2.rel1-mingw-w64-i686-arm-none-eabi/bin/../lib/gcc/arm-none-eabi/15.2.1/../../../../arm-none-eabi/lib/thumb/v7e-m+fp/hard\libg_nano.a(libc_a-callocr.o)
                0x08008868                _calloc_r
 .text.__ascii_mbtowc
                0x08008890       0x24 C:/Tools/arm-gnu-toolchain-15.2.rel1-mingw-w64-i686-arm-none-eabi/bin/../lib/gcc/arm-none-eabi/15.2.1/../../../../arm-none-eabi/lib/thumb/v7e-m+fp/hard\libg_nano.a(libc_a-mbtowc_r.o)
                0x08008890                __ascii_mbtowc
 .text.__ascii_wctomb
                0x080088b4       0x1a C:/Tools/arm-gnu-toolchain-15.2.rel1-mingw-w64-i686-arm-none-eabi/bin/../lib/gcc/arm-none-eabi/15.2.1/../../../../arm-none-eabi/lib/thumb/v7e-m+fp/hard\libg_nano.a(libc_a-wctomb_r.o)
                0x080088b4                __ascii_wctomb
 *fill*         0x080088ce        0x2 
 .text.fprintf  0x080088d0       0x24 C:/Tools/arm-gnu-toolchain-15.2.rel1-mingw-w64-i686-arm-none-eabi/bin/../lib/gcc/arm-none-eabi/15.2.1/../../../../arm-none-eabi/lib/thumb/v7e-m+fp/hard\libg_nano.a(libc_a-fprintf.o)
                0x080088d0                fiprintf
                0x080088d0                fprintf
 .text.abort    0x080088f4        0xe C:/Tools/arm-gnu-toolchain-15.2.rel1-mingw-w64-i686-arm-none-eabi/bin/../lib/gcc/arm-none-eabi/15.2.1/../../../../arm-none-eabi/lib/thumb/v7e-m+fp/hard\libg_nano.a(libc_a-abort.o)
                0x080088f4                abort
 .text.__sfputc_r
                0x08008902       0x2a C:/Tools/arm-gnu-toolchain-15.2.rel1-mingw-w64-i686-arm-none-eabi/bin/../lib/gcc/arm-none-eabi/15.2.1/../../../../arm-none-eabi/lib/thumb/v7e-m+fp/hard\libg_nano.a(libc_a-nano-vfprintf.o)
 .text.__sfputs_r
                0x0800892c       0x24 C:/Tools/arm-gnu-toolchain-15.2.rel1-mingw-w64-i686-arm-none-eabi/bin/../lib/gcc/arm-none-eabi/15.2.1/../../../../arm-none-eabi/lib/thumb/v7e-m+fp/hard\libg_nano.a(libc_a-nano-vfprintf.o)
                0x0800892c                __sfputs_r
 .text._vfprintf_r
                0x08008950      0x228 C:/Tools/arm-gnu-toolchain-15.2.rel1-mingw-w64-i686-arm-none-eabi/bin/../lib/gcc/arm-none-eabi/15.2.1/../../../../arm-none-eabi/lib/thumb/v7e-m+fp/hard\libg_nano.a(libc_a-nano-vfprintf.o)
                0x08008950                _vfprintf_r
                0x08008950                _vfiprintf_r
 .text.__swbuf_r
                0x08008b78       0x7a C:/Tools/arm-gnu-toolchain-15.2.rel1-mingw-w64-i686-arm-none-eabi/bin/../lib/gcc/arm-none-eabi/15.2.1/../../../../arm-none-eabi/lib/thumb/v7e-m+fp/hard\libg_nano.a(libc_a-wbuf.o)
                0x08008b78                __swbuf_r
 *fill*         0x08008bf2        0x2 
 .text.__swsetup_r
                0x08008bf4       0xa8 C:/Tools/arm-gnu-toolchain-15.2.rel1-mingw-w64-i686-arm-none-eabi/bin/../lib/gcc/arm-none-eabi/15.2.1/../../../../arm-none-eabi/lib/thumb/v7e-m+fp/hard\libg_nano.a(libc_a-wsetup.o)
                0x08008bf4                __swsetup_r
 .text._raise_r
                0x08008c9c       0x50 C:/Tools/arm-gnu-toolchain-15.2.rel1-mingw-w64-i686-arm-none-eabi/bin/../lib/gcc/arm-none-eabi/15.2.1/../../../../arm-none-eabi/lib/thumb/v7e-m+fp/hard\libg_nano.a(libc_a-signal.o)
                0x08008c9c                _raise_r
 .text.raise    0x08008cec       0x10 C:/Tools/arm-gnu-toolchain-15.2.rel1-mingw-w64-i686-arm-none-eabi/bin/../lib/gcc/arm-none-eabi/15.2.1/../../../../arm-none-eabi/lib/thumb/v7e-m+fp/hard\libg_nano.a(libc_a-signal.o)
                0x08008cec                raise
 .text._kill_r  0x08008cfc       0x24 C:/Tools/arm-gnu-toolchain-15.2.rel1-mingw-w64-i686-arm-none-eabi/bin/../lib/gcc/arm-none-eabi/15.2.1/../../../../arm-none-eabi/lib/thumb/v7e-m+fp/hard\libg_nano.a(libc_a-signalr.o)
                0x08008cfc                _kill_r
 .text._getpid_r
                0x08008d20        0x4 C:/Tools/arm-gnu-toolchain-15.2.rel1-mingw-w64-i686-arm-none-eabi/bin/../lib/gcc/arm-none-eabi/15.2.1/../../../../arm-none-eabi/lib/thumb/v7e-m+fp/hard\libg_nano.a(libc_a-signalr.o)
                0x08008d20                _getpid_r
 .text.__swhatbuf_r
                0x08008d24       0x48 C:/Tools/arm-gnu-toolchain-15.2.rel1-mingw-w64-i686-arm-none-eabi/bin/../lib/gcc/arm-none-eabi/15.2.1/../../../../arm-none-eabi/lib/thumb/v7e-m+fp/hard\libg_nano.a(libc_a-makebuf.o)
                0x08008d24                __swhatbuf_r
 .text.__smakebuf_r
                0x08008d6c       0x72 C:/Tools/arm-gnu-toolchain-15.2.rel1-mingw-w64-i686-arm-none-eabi/bin/../lib/gcc/arm-none-eabi/15.2.1/../../../../arm-none-eabi/lib/thumb/v7e-m+fp/hard\libg_nano.a(libc_a-makebuf.o)
                0x08008d6c                __smakebuf_r
 *fill*         0x08008dde        0x2 
 .text._fstat_r
                0x08008de0       0x24 C:/Tools/arm-gnu-toolchain-15.2.rel1-mingw-w64-i686-arm-none-eabi/bin/../lib/gcc/arm-none-eabi/15.2.1/../../../../arm-none-eabi/lib/thumb/v7e-m+fp/hard\libg_nano.a(libc_a-fstatr.o)
                0x08008de0                _fstat_r
 .text._isatty_r
                0x08008e04       0x20 C:/Tools/arm-gnu-toolchain-15.2.rel1-mingw-w64-i686-arm-none-eabi/bin/../lib/gcc/arm-none-eabi/15.2.1/../../../../arm-none-eabi/lib/thumb/v7e-m+fp/hard\libg_nano.a(libc_a-isattyr.o)
                0x08008e04                _isatty_r
 *(.glue_7)
 .glue_7        0x08008e24        0x0 linker stubs
 *(.glue_7t)
 .glue_7t       0x08008e24        0x0 linker stubs
 *(.eh_frame)
 .eh_frame      0x08008e24        0x0 C:/Tools/arm-gnu-toolchain-15.2.rel1-mingw-w64-i686-arm-none-eabi/bin/../lib/gcc/arm-none-eabi/15.2.1/thumb/v7e-m+fp/hard/crtbegin.o
 *(.init)
 .init          0x08008e24        0x4 C:/Tools/arm-gnu-toolchain-15.2.rel1-mingw-w64-i686-arm-none-eabi/bin/../lib/gcc/arm-none-eabi/15.2.1/thumb/v7e-m+fp/hard/crti.o
                0x08008e24                _init
 .init          0x08008e28        0x8 C:/Tools/arm-gnu-toolchain-15.2.rel1-mingw-w64-i686-arm-none-eabi/bin/../lib/gcc/arm-none-eabi/15.2.1/thumb/v7e-m+fp/hard/crtn.o
 *(.fini)
 .fini          0x08008e30        0x4 C:/Tools/arm-gnu-toolchain-15.2.rel1-mingw-w64-i686-arm-none-eabi/bin/../lib/gcc/arm-none-eabi/15.2.1/thumb/v7e-m+fp/hard/crti.o
                0x08008e30                _fini
 .fini          0x08008e34        0x8 C:/Tools/arm-gnu-toolchain-15.2.rel1-mingw-w64-i686-arm-none-eabi/bin/../lib/gcc/arm-none-eabi/15.2.1/thumb/v7e-m+fp/hard/crtn.o
                0x08008e3c                        . = ALIGN (0x4)
                0x08008e3c                        _etext = .

.vfp11_veneer   0x08008e3c        0x0
 .vfp11_veneer  0x08008e3c        0x0 linker stubs

.v4_bx          0x08008e3c        0x0
 .v4_bx         0x08008e3c        0x0 linker stubs

.iplt           0x08008e3c        0x0
 .iplt          0x08008e3c        0x0 C:/Tools/arm-gnu-toolchain-15.2.rel1-mingw-w64-i686-arm-none-eabi/bin/../lib/gcc/arm-none-eabi/15.2.1/thumb/v7e-m+fp/hard/crtbegin.o

.rodata         0x08008e40     0x1614
                0x08008e40                        . = ALIGN (0x4)
 *(.rodata)
 .rodata        0x08008e40       0x30 CMakeFiles/STM32F407VGT6_TensorFlow-Lite-Micro.dir/X-CUBE-AI/App/hello_world_data.c.obj
 .rodata        0x08008e70       0x57 CMakeFiles/STM32F407VGT6_TensorFlow-Lite-Micro.dir/X-CUBE-AI/App/app_x-cube-ai.c.obj
 *(.rodata*)
 *fill*         0x08008ec7        0x1 
 .rodata.AHBPrescTable
                0x08008ec8       0x10 cmake/stm32cubemx/CMakeFiles/STM32_Drivers.dir/__/__/Core/Src/system_stm32f4xx.c.obj
                0x08008ec8                AHBPrescTable
 .rodata.APBPrescTable
                0x08008ed8        0x8 cmake/stm32cubemx/CMakeFiles/STM32_Drivers.dir/__/__/Core/Src/system_stm32f4xx.c.obj
                0x08008ed8                APBPrescTable
 .rodata.__compound_literal.0
                0x08008ee0        0x4 CMakeFiles/STM32F407VGT6_TensorFlow-Lite-Micro.dir/X-CUBE-AI/App/hello_world.c.obj
 .rodata.__compound_literal.1
                0x08008ee4        0x1 CMakeFiles/STM32F407VGT6_TensorFlow-Lite-Micro.dir/X-CUBE-AI/App/hello_world.c.obj
 *fill*         0x08008ee5        0x3 
 .rodata.__compound_literal.2
                0x08008ee8        0x8 CMakeFiles/STM32F407VGT6_TensorFlow-Lite-Micro.dir/X-CUBE-AI/App/hello_world.c.obj
 .rodata.gemm_0_output_array_intq
                0x08008ef0        0x8 CMakeFiles/STM32F407VGT6_TensorFlow-Lite-Micro.dir/X-CUBE-AI/App/hello_world.c.obj
 .rodata.__compound_literal.3
                0x08008ef8       0x80 CMakeFiles/STM32F407VGT6_TensorFlow-Lite-Micro.dir/X-CUBE-AI/App/hello_world.c.obj
 .rodata.__compound_literal.4
                0x08008f78       0x20 CMakeFiles/STM32F407VGT6_TensorFlow-Lite-Micro.dir/X-CUBE-AI/App/hello_world.c.obj
 .rodata.__compound_literal.5
                0x08008f98        0x8 CMakeFiles/STM32F407VGT6_TensorFlow-Lite-Micro.dir/X-CUBE-AI/App/hello_world.c.obj
 .rodata.gemm_0_weights_array_intq
                0x08008fa0        0x8 CMakeFiles/STM32F407VGT6_TensorFlow-Lite-Micro.dir/X-CUBE-AI/App/hello_world.c.obj
 .rodata.__compound_literal.6
                0x08008fa8        0x4 CMakeFiles/STM32F407VGT6_TensorFlow-Lite-Micro.dir/X-CUBE-AI/App/hello_world.c.obj
 .rodata.__compound_literal.7
                0x08008fac        0x1 CMakeFiles/STM32F407VGT6_TensorFlow-Lite-Micro.dir/X-CUBE-AI/App/hello_world.c.obj
 *fill*         0x08008fad        0x3 
 .rodata.__compound_literal.8
                0x08008fb0        0x8 CMakeFiles/STM32F407VGT6_TensorFlow-Lite-Micro.dir/X-CUBE-AI/App/hello_world.c.obj
 .rodata.gemm_1_output_array_intq
                0x08008fb8        0x8 CMakeFiles/STM32F407VGT6_TensorFlow-Lite-Micro.dir/X-CUBE-AI/App/hello_world.c.obj
 .rodata.__compound_literal.9
                0x08008fc0       0x80 CMakeFiles/STM32F407VGT6_TensorFlow-Lite-Micro.dir/X-CUBE-AI/App/hello_world.c.obj
 .rodata.__compound_literal.10
                0x08009040       0x20 CMakeFiles/STM32F407VGT6_TensorFlow-Lite-Micro.dir/X-CUBE-AI/App/hello_world.c.obj
 .rodata.__compound_literal.11
                0x08009060        0x8 CMakeFiles/STM32F407VGT6_TensorFlow-Lite-Micro.dir/X-CUBE-AI/App/hello_world.c.obj
 .rodata.gemm_1_weights_array_intq
                0x08009068        0x8 CMakeFiles/STM32F407VGT6_TensorFlow-Lite-Micro.dir/X-CUBE-AI/App/hello_world.c.obj
 .rodata.__compound_literal.12
                0x08009070        0x4 CMakeFiles/STM32F407VGT6_TensorFlow-Lite-Micro.dir/X-CUBE-AI/App/hello_world.c.obj
 .rodata.__compound_literal.13
                0x08009074        0x1 CMakeFiles/STM32F407VGT6_TensorFlow-Lite-Micro.dir/X-CUBE-AI/App/hello_world.c.obj
 *fill*         0x08009075        0x3 
 .rodata.__compound_literal.14
                0x08009078        0x8 CMakeFiles/STM32F407VGT6_TensorFlow-Lite-Micro.dir/X-CUBE-AI/App/hello_world.c.obj
 .rodata.gemm_2_output_array_intq
                0x08009080        0x8 CMakeFiles/STM32F407VGT6_TensorFlow-Lite-Micro.dir/X-CUBE-AI/App/hello_world.c.obj
 .rodata.__compound_literal.15
                0x08009088       0x40 CMakeFiles/STM32F407VGT6_TensorFlow-Lite-Micro.dir/X-CUBE-AI/App/hello_world.c.obj
 .rodata.__compound_literal.16
                0x080090c8       0x10 CMakeFiles/STM32F407VGT6_TensorFlow-Lite-Micro.dir/X-CUBE-AI/App/hello_world.c.obj
 .rodata.__compound_literal.17
                0x080090d8        0x8 CMakeFiles/STM32F407VGT6_TensorFlow-Lite-Micro.dir/X-CUBE-AI/App/hello_world.c.obj
 .rodata.gemm_2_weights_array_intq
                0x080090e0        0x8 CMakeFiles/STM32F407VGT6_TensorFlow-Lite-Micro.dir/X-CUBE-AI/App/hello_world.c.obj
 .rodata.__compound_literal.18
                0x080090e8        0x4 CMakeFiles/STM32F407VGT6_TensorFlow-Lite-Micro.dir/X-CUBE-AI/App/hello_world.c.obj
 .rodata.__compound_literal.19
                0x080090ec        0x1 CMakeFiles/STM32F407VGT6_TensorFlow-Lite-Micro.dir/X-CUBE-AI/App/hello_world.c.obj
 *fill*         0x080090ed        0x3 
 .rodata.__compound_literal.20
                0x080090f0        0x8 CMakeFiles/STM32F407VGT6_TensorFlow-Lite-Micro.dir/X-CUBE-AI/App/hello_world.c.obj
 .rodata.gemm_3_output_array_intq
                0x080090f8        0x8 CMakeFiles/STM32F407VGT6_TensorFlow-Lite-Micro.dir/X-CUBE-AI/App/hello_world.c.obj
 .rodata.__compound_literal.21
                0x08009100        0x4 CMakeFiles/STM32F407VGT6_TensorFlow-Lite-Micro.dir/X-CUBE-AI/App/hello_world.c.obj
 .rodata.__compound_literal.22
                0x08009104        0x1 CMakeFiles/STM32F407VGT6_TensorFlow-Lite-Micro.dir/X-CUBE-AI/App/hello_world.c.obj
 *fill*         0x08009105        0x3 
 .rodata.__compound_literal.23
                0x08009108        0x8 CMakeFiles/STM32F407VGT6_TensorFlow-Lite-Micro.dir/X-CUBE-AI/App/hello_world.c.obj
 .rodata.gemm_3_weights_array_intq
                0x08009110        0x8 CMakeFiles/STM32F407VGT6_TensorFlow-Lite-Micro.dir/X-CUBE-AI/App/hello_world.c.obj
 .rodata.__compound_literal.24
                0x08009118        0x4 CMakeFiles/STM32F407VGT6_TensorFlow-Lite-Micro.dir/X-CUBE-AI/App/hello_world.c.obj
 .rodata.__compound_literal.25
                0x0800911c        0x1 CMakeFiles/STM32F407VGT6_TensorFlow-Lite-Micro.dir/X-CUBE-AI/App/hello_world.c.obj
 *fill*         0x0800911d        0x3 
 .rodata.__compound_literal.26
                0x08009120        0x8 CMakeFiles/STM32F407VGT6_TensorFlow-Lite-Micro.dir/X-CUBE-AI/App/hello_world.c.obj
 .rodata.serving_default_keras_tensor0_output_array_intq
                0x08009128        0x8 CMakeFiles/STM32F407VGT6_TensorFlow-Lite-Micro.dir/X-CUBE-AI/App/hello_world.c.obj
 .rodata.gemm_3_chain
                0x08009130        0x8 CMakeFiles/STM32F407VGT6_TensorFlow-Lite-Micro.dir/X-CUBE-AI/App/hello_world.c.obj
 .rodata.gemm_2_chain
                0x08009138        0x8 CMakeFiles/STM32F407VGT6_TensorFlow-Lite-Micro.dir/X-CUBE-AI/App/hello_world.c.obj
 .rodata.gemm_1_chain
                0x08009140        0x8 CMakeFiles/STM32F407VGT6_TensorFlow-Lite-Micro.dir/X-CUBE-AI/App/hello_world.c.obj
 .rodata.gemm_0_chain
                0x08009148        0x8 CMakeFiles/STM32F407VGT6_TensorFlow-Lite-Micro.dir/X-CUBE-AI/App/hello_world.c.obj
 *fill*         0x08009150       0x10 
 .rodata.s_hello_world_weights_array_u64
                0x08009160      0x778 CMakeFiles/STM32F407VGT6_TensorFlow-Lite-Micro.dir/X-CUBE-AI/App/hello_world_data_params.c.obj
                0x08009160                s_hello_world_weights_array_u64
 .rodata.sinTable_f32
                0x080098d8      0x804 CMakeFiles/STM32F407VGT6_TensorFlow-Lite-Micro.dir/Drivers/CMSIS/DSP/Source/CommonTables/arm_common_tables.c.obj
                0x080098d8                sinTable_f32
 .rodata._printf_float.str1.1
                0x0800a0dc      0x173 C:/Tools/arm-gnu-toolchain-15.2.rel1-mingw-w64-i686-arm-none-eabi/bin/../lib/gcc/arm-none-eabi/15.2.1/../../../../arm-none-eabi/lib/thumb/v7e-m+fp/hard\libg_nano.a(libc_a-nano-vfprintf_float.o)
                                 0x12 (size before relaxing)
 .rodata._printf_i.str1.1
                0x0800a24f        0x0 C:/Tools/arm-gnu-toolchain-15.2.rel1-mingw-w64-i686-arm-none-eabi/bin/../lib/gcc/arm-none-eabi/15.2.1/../../../../arm-none-eabi/lib/thumb/v7e-m+fp/hard\libg_nano.a(libc_a-nano-vfprintf_i.o)
                                 0x22 (size before relaxing)
 .rodata._dtoa_r.str1.1
                0x0800a24f        0x0 C:/Tools/arm-gnu-toolchain-15.2.rel1-mingw-w64-i686-arm-none-eabi/bin/../lib/gcc/arm-none-eabi/15.2.1/../../../../arm-none-eabi/lib/thumb/v7e-m+fp/hard\libg_nano.a(libc_a-dtoa.o)
                                 0x90 (size before relaxing)
 .rodata._Balloc.str1.1
                0x0800a24f        0x0 C:/Tools/arm-gnu-toolchain-15.2.rel1-mingw-w64-i686-arm-none-eabi/bin/../lib/gcc/arm-none-eabi/15.2.1/../../../../arm-none-eabi/lib/thumb/v7e-m+fp/hard\libg_nano.a(libc_a-mprec.o)
                                 0x71 (size before relaxing)
 .rodata.__multadd.str1.1
                0x0800a24f        0x0 C:/Tools/arm-gnu-toolchain-15.2.rel1-mingw-w64-i686-arm-none-eabi/bin/../lib/gcc/arm-none-eabi/15.2.1/../../../../arm-none-eabi/lib/thumb/v7e-m+fp/hard\libg_nano.a(libc_a-mprec.o)
                                 0x11 (size before relaxing)
 *fill*         0x0800a24f        0x1 
 .rodata.p05.0  0x0800a250        0xc C:/Tools/arm-gnu-toolchain-15.2.rel1-mingw-w64-i686-arm-none-eabi/bin/../lib/gcc/arm-none-eabi/15.2.1/../../../../arm-none-eabi/lib/thumb/v7e-m+fp/hard\libg_nano.a(libc_a-mprec.o)
 *fill*         0x0800a25c        0x4 
 .rodata.__mprec_bigtens
                0x0800a260       0x28 C:/Tools/arm-gnu-toolchain-15.2.rel1-mingw-w64-i686-arm-none-eabi/bin/../lib/gcc/arm-none-eabi/15.2.1/../../../../arm-none-eabi/lib/thumb/v7e-m+fp/hard\libg_nano.a(libc_a-mprec.o)
                0x0800a260                __mprec_bigtens
 .rodata.__mprec_tens
                0x0800a288       0xc8 C:/Tools/arm-gnu-toolchain-15.2.rel1-mingw-w64-i686-arm-none-eabi/bin/../lib/gcc/arm-none-eabi/15.2.1/../../../../arm-none-eabi/lib/thumb/v7e-m+fp/hard\libg_nano.a(libc_a-mprec.o)
                0x0800a288                __mprec_tens
 .rodata._setlocale_r.str1.1
                0x0800a350        0x0 C:/Tools/arm-gnu-toolchain-15.2.rel1-mingw-w64-i686-arm-none-eabi/bin/../lib/gcc/arm-none-eabi/15.2.1/../../../../arm-none-eabi/lib/thumb/v7e-m+fp/hard\libg_nano.a(libc_a-locale.o)
                                  0x9 (size before relaxing)
 .rodata.str1.1
                0x0800a350        0x0 C:/Tools/arm-gnu-toolchain-15.2.rel1-mingw-w64-i686-arm-none-eabi/bin/../lib/gcc/arm-none-eabi/15.2.1/../../../../arm-none-eabi/lib/thumb/v7e-m+fp/hard\libg_nano.a(libc_a-locale.o)
                                  0x2 (size before relaxing)
 .rodata.__assert_func.str1.1
                0x0800a350        0x0 C:/Tools/arm-gnu-toolchain-15.2.rel1-mingw-w64-i686-arm-none-eabi/bin/../lib/gcc/arm-none-eabi/15.2.1/../../../../arm-none-eabi/lib/thumb/v7e-m+fp/hard\libg_nano.a(libc_a-assert.o)
                                 0x3d (size before relaxing)
 .rodata._ctype_
                0x0800a350      0x101 C:/Tools/arm-gnu-toolchain-15.2.rel1-mingw-w64-i686-arm-none-eabi/bin/../lib/gcc/arm-none-eabi/15.2.1/../../../../arm-none-eabi/lib/thumb/v7e-m+fp/hard\libg_nano.a(libc_a-ctype_.o)
                0x0800a350                _ctype_
 .rodata._vfprintf_r.str1.1
                0x0800a451        0x0 C:/Tools/arm-gnu-toolchain-15.2.rel1-mingw-w64-i686-arm-none-eabi/bin/../lib/gcc/arm-none-eabi/15.2.1/../../../../arm-none-eabi/lib/thumb/v7e-m+fp/hard\libg_nano.a(libc_a-nano-vfprintf.o)
                                 0x11 (size before relaxing)
                0x0800a454                        . = ALIGN (0x4)
 *fill*         0x0800a451        0x3 

.ARM.extab      0x0800a454        0x0
                0x0800a454                        . = ALIGN (0x4)
 *(.ARM.extab* .gnu.linkonce.armextab.*)
                0x0800a454                        . = ALIGN (0x4)

.ARM            0x0800a454        0x8
                0x0800a454                        . = ALIGN (0x4)
                0x0800a454                        __exidx_start = .
 *(.ARM.exidx*)
 .ARM.exidx     0x0800a454        0x8 C:/Tools/arm-gnu-toolchain-15.2.rel1-mingw-w64-i686-arm-none-eabi/bin/../lib/gcc/arm-none-eabi/15.2.1/../../../../arm-none-eabi/lib/thumb/v7e-m+fp/hard\libg_nano.a(libc_a-memchr.o)
 .ARM.exidx     0x0800a45c        0x0 C:/Tools/arm-gnu-toolchain-15.2.rel1-mingw-w64-i686-arm-none-eabi/bin/../lib/gcc/arm-none-eabi/15.2.1/../../../../arm-none-eabi/lib/thumb/v7e-m+fp/hard\libg_nano.a(libc_a-strlen.o)
                                  0x8 (size before relaxing)
 .ARM.exidx.text.__udivmoddi4
                0x0800a45c        0x0 C:/Tools/arm-gnu-toolchain-15.2.rel1-mingw-w64-i686-arm-none-eabi/bin/../lib/gcc/arm-none-eabi/15.2.1/thumb/v7e-m+fp/hard\libgcc.a(_udivmoddi4.o)
                                  0x8 (size before relaxing)
                0x0800a45c                        __exidx_end = .
                0x0800a45c                        . = ALIGN (0x4)

.preinit_array  0x0800a45c        0x0
                0x0800a45c                        . = ALIGN (0x4)
                0x0800a45c                        PROVIDE (__preinit_array_start = .)
 *(.preinit_array*)
                0x0800a45c                        PROVIDE (__preinit_array_end = .)
                0x0800a45c                        . = ALIGN (0x4)

.init_array     0x0800a45c        0x4
                0x0800a45c                        . = ALIGN (0x4)
                0x0800a45c                        PROVIDE (__init_array_start = .)
 *(SORT_BY_NAME(.init_array.*))
 *(.init_array*)
 .init_array    0x0800a45c        0x4 C:/Tools/arm-gnu-toolchain-15.2.rel1-mingw-w64-i686-arm-none-eabi/bin/../lib/gcc/arm-none-eabi/15.2.1/thumb/v7e-m+fp/hard/crtbegin.o
                0x0800a460                        PROVIDE (__init_array_end = .)
                0x0800a460                        . = ALIGN (0x4)

.fini_array     0x0800a460        0x4
                0x0800a460                        . = ALIGN (0x4)
                [!provide]                        PROVIDE (__fini_array_start = .)
 *(SORT_BY_NAME(.fini_array.*))
 *(.fini_array*)
 .fini_array    0x0800a460        0x4 C:/Tools/arm-gnu-toolchain-15.2.rel1-mingw-w64-i686-arm-none-eabi/bin/../lib/gcc/arm-none-eabi/15.2.1/thumb/v7e-m+fp/hard/crtbegin.o
                [!provide]                        PROVIDE (__fini_array_end = .)
                0x0800a464                        . = ALIGN (0x4)
                0x0800a464                        _siccmram = LOADADDR (.ccmram)

.rel.dyn        0x0800a464        0x0
 .rel.iplt      0x0800a464        0x0 C:/Tools/arm-gnu-toolchain-15.2.rel1-mingw-w64-i686-arm-none-eabi/bin/../lib/gcc/arm-none-eabi/15.2.1/thumb/v7e-m+fp/hard/crtbegin.o

.ccmram         0x10000000        0x0 load address 0x0800a464
                0x10000000                        . = ALIGN (0x4)
                0x10000000                        _sccmram = .
 *(.ccmram)
 *(.ccmram*)
                0x10000000                        . = ALIGN (0x4)
                0x10000000                        _eccmram = .
                0x0800a464                        _sidata = LOADADDR (.data)

.data           0x20000000      0x9ac load address 0x0800a464
                0x20000000                        . = ALIGN (0x4)
                0x20000000                        _sdata = .
 *(.data)
 *(.data*)
 .data.SystemCoreClock
                0x20000000        0x4 cmake/stm32cubemx/CMakeFiles/STM32_Drivers.dir/__/__/Core/Src/system_stm32f4xx.c.obj
                0x20000000                SystemCoreClock
 .data.uwTickPrio
                0x20000004        0x4 cmake/stm32cubemx/CMakeFiles/STM32_Drivers.dir/__/__/Drivers/STM32F4xx_HAL_Driver/Src/stm32f4xx_hal.c.obj
                0x20000004                uwTickPrio
 .data.uwTickFreq
                0x20000008        0x1 cmake/stm32cubemx/CMakeFiles/STM32_Drivers.dir/__/__/Drivers/STM32F4xx_HAL_Driver/Src/stm32f4xx_hal.c.obj
                0x20000008                uwTickFreq
 *fill*         0x20000009        0x3 
 .data.serving_default_keras_tensor0_output_array
                0x2000000c       0x10 CMakeFiles/STM32F407VGT6_TensorFlow-Lite-Micro.dir/X-CUBE-AI/App/hello_world.c.obj
 .data.gemm_0_output_array
                0x2000001c       0x10 CMakeFiles/STM32F407VGT6_TensorFlow-Lite-Micro.dir/X-CUBE-AI/App/hello_world.c.obj
 .data.gemm_1_output_array
                0x2000002c       0x10 CMakeFiles/STM32F407VGT6_TensorFlow-Lite-Micro.dir/X-CUBE-AI/App/hello_world.c.obj
 .data.gemm_2_output_array
                0x2000003c       0x10 CMakeFiles/STM32F407VGT6_TensorFlow-Lite-Micro.dir/X-CUBE-AI/App/hello_world.c.obj
 .data.gemm_3_output_array
                0x2000004c       0x10 CMakeFiles/STM32F407VGT6_TensorFlow-Lite-Micro.dir/X-CUBE-AI/App/hello_world.c.obj
 .data.gemm_0_weights_array
                0x2000005c       0x10 CMakeFiles/STM32F407VGT6_TensorFlow-Lite-Micro.dir/X-CUBE-AI/App/hello_world.c.obj
 .data.gemm_0_bias_array
                0x2000006c       0x10 CMakeFiles/STM32F407VGT6_TensorFlow-Lite-Micro.dir/X-CUBE-AI/App/hello_world.c.obj
 .data.gemm_1_weights_array
                0x2000007c       0x10 CMakeFiles/STM32F407VGT6_TensorFlow-Lite-Micro.dir/X-CUBE-AI/App/hello_world.c.obj
 .data.gemm_1_bias_array
                0x2000008c       0x10 CMakeFiles/STM32F407VGT6_TensorFlow-Lite-Micro.dir/X-CUBE-AI/App/hello_world.c.obj
 .data.gemm_2_weights_array
                0x2000009c       0x10 CMakeFiles/STM32F407VGT6_TensorFlow-Lite-Micro.dir/X-CUBE-AI/App/hello_world.c.obj
 .data.gemm_2_bias_array
                0x200000ac       0x10 CMakeFiles/STM32F407VGT6_TensorFlow-Lite-Micro.dir/X-CUBE-AI/App/hello_world.c.obj
 .data.gemm_3_weights_array
                0x200000bc       0x10 CMakeFiles/STM32F407VGT6_TensorFlow-Lite-Micro.dir/X-CUBE-AI/App/hello_world.c.obj
 .data.gemm_3_bias_array
                0x200000cc       0x10 CMakeFiles/STM32F407VGT6_TensorFlow-Lite-Micro.dir/X-CUBE-AI/App/hello_world.c.obj
 .data.gemm_0_scratch0_array
                0x200000dc       0x10 CMakeFiles/STM32F407VGT6_TensorFlow-Lite-Micro.dir/X-CUBE-AI/App/hello_world.c.obj
 .data.gemm_1_scratch0_array
                0x200000ec       0x10 CMakeFiles/STM32F407VGT6_TensorFlow-Lite-Micro.dir/X-CUBE-AI/App/hello_world.c.obj
 .data.gemm_2_scratch0_array
                0x200000fc       0x10 CMakeFiles/STM32F407VGT6_TensorFlow-Lite-Micro.dir/X-CUBE-AI/App/hello_world.c.obj
 .data.gemm_3_scratch0_array
                0x2000010c       0x10 CMakeFiles/STM32F407VGT6_TensorFlow-Lite-Micro.dir/X-CUBE-AI/App/hello_world.c.obj
 .data.__compound_literal.27
                0x2000011c       0x10 CMakeFiles/STM32F407VGT6_TensorFlow-Lite-Micro.dir/X-CUBE-AI/App/hello_world.c.obj
 .data.__compound_literal.28
                0x2000012c       0x10 CMakeFiles/STM32F407VGT6_TensorFlow-Lite-Micro.dir/X-CUBE-AI/App/hello_world.c.obj
 .data.gemm_0_bias
                0x2000013c       0x1c CMakeFiles/STM32F407VGT6_TensorFlow-Lite-Micro.dir/X-CUBE-AI/App/hello_world.c.obj
 .data.__compound_literal.29
                0x20000158       0x10 CMakeFiles/STM32F407VGT6_TensorFlow-Lite-Micro.dir/X-CUBE-AI/App/hello_world.c.obj
 .data.__compound_literal.30
                0x20000168       0x10 CMakeFiles/STM32F407VGT6_TensorFlow-Lite-Micro.dir/X-CUBE-AI/App/hello_world.c.obj
 .data.gemm_0_output
                0x20000178       0x1c CMakeFiles/STM32F407VGT6_TensorFlow-Lite-Micro.dir/X-CUBE-AI/App/hello_world.c.obj
 .data.__compound_literal.31
                0x20000194       0x10 CMakeFiles/STM32F407VGT6_TensorFlow-Lite-Micro.dir/X-CUBE-AI/App/hello_world.c.obj
 .data.__compound_literal.32
                0x200001a4       0x10 CMakeFiles/STM32F407VGT6_TensorFlow-Lite-Micro.dir/X-CUBE-AI/App/hello_world.c.obj
 .data.gemm_0_scratch0
                0x200001b4       0x1c CMakeFiles/STM32F407VGT6_TensorFlow-Lite-Micro.dir/X-CUBE-AI/App/hello_world.c.obj
 .data.__compound_literal.33
                0x200001d0       0x10 CMakeFiles/STM32F407VGT6_TensorFlow-Lite-Micro.dir/X-CUBE-AI/App/hello_world.c.obj
 .data.__compound_literal.34
                0x200001e0       0x10 CMakeFiles/STM32F407VGT6_TensorFlow-Lite-Micro.dir/X-CUBE-AI/App/hello_world.c.obj
 .data.gemm_0_weights
                0x200001f0       0x1c CMakeFiles/STM32F407VGT6_TensorFlow-Lite-Micro.dir/X-CUBE-AI/App/hello_world.c.obj
 .data.__compound_literal.35
                0x2000020c       0x10 CMakeFiles/STM32F407VGT6_TensorFlow-Lite-Micro.dir/X-CUBE-AI/App/hello_world.c.obj
 .data.__compound_literal.36
                0x2000021c       0x10 CMakeFiles/STM32F407VGT6_TensorFlow-Lite-Micro.dir/X-CUBE-AI/App/hello_world.c.obj
 .data.gemm_1_bias
                0x2000022c       0x1c CMakeFiles/STM32F407VGT6_TensorFlow-Lite-Micro.dir/X-CUBE-AI/App/hello_world.c.obj
 .data.__compound_literal.37
                0x20000248       0x10 CMakeFiles/STM32F407VGT6_TensorFlow-Lite-Micro.dir/X-CUBE-AI/App/hello_world.c.obj
 .data.__compound_literal.38
                0x20000258       0x10 CMakeFiles/STM32F407VGT6_TensorFlow-Lite-Micro.dir/X-CUBE-AI/App/hello_world.c.obj
 .data.gemm_1_output
                0x20000268       0x1c CMakeFiles/STM32F407VGT6_TensorFlow-Lite-Micro.dir/X-CUBE-AI/App/hello_world.c.obj
 .data.__compound_literal.39
                0x20000284       0x10 CMakeFiles/STM32F407VGT6_TensorFlow-Lite-Micro.dir/X-CUBE-AI/App/hello_world.c.obj
 .data.__compound_literal.40
                0x20000294       0x10 CMakeFiles/STM32F407VGT6_TensorFlow-Lite-Micro.dir/X-CUBE-AI/App/hello_world.c.obj
 .data.gemm_1_scratch0
                0x200002a4       0x1c CMakeFiles/STM32F407VGT6_TensorFlow-Lite-Micro.dir/X-CUBE-AI/App/hello_world.c.obj
 .data.__compound_literal.41
                0x200002c0       0x10 CMakeFiles/STM32F407VGT6_TensorFlow-Lite-Micro.dir/X-CUBE-AI/App/hello_world.c.obj
 .data.__compound_literal.42
                0x200002d0       0x10 CMakeFiles/STM32F407VGT6_TensorFlow-Lite-Micro.dir/X-CUBE-AI/App/hello_world.c.obj
 .data.gemm_1_weights
                0x200002e0       0x1c CMakeFiles/STM32F407VGT6_TensorFlow-Lite-Micro.dir/X-CUBE-AI/App/hello_world.c.obj
 .data.__compound_literal.43
                0x200002fc       0x10 CMakeFiles/STM32F407VGT6_TensorFlow-Lite-Micro.dir/X-CUBE-AI/App/hello_world.c.obj
 .data.__compound_literal.44
                0x2000030c       0x10 CMakeFiles/STM32F407VGT6_TensorFlow-Lite-Micro.dir/X-CUBE-AI/App/hello_world.c.obj
 .data.gemm_2_bias
                0x2000031c       0x1c CMakeFiles/STM32F407VGT6_TensorFlow-Lite-Micro.dir/X-CUBE-AI/App/hello_world.c.obj
 .data.__compound_literal.45
                0x20000338       0x10 CMakeFiles/STM32F407VGT6_TensorFlow-Lite-Micro.dir/X-CUBE-AI/App/hello_world.c.obj
 .data.__compound_literal.46
                0x20000348       0x10 CMakeFiles/STM32F407VGT6_TensorFlow-Lite-Micro.dir/X-CUBE-AI/App/hello_world.c.obj
 .data.gemm_2_output
                0x20000358       0x1c CMakeFiles/STM32F407VGT6_TensorFlow-Lite-Micro.dir/X-CUBE-AI/App/hello_world.c.obj
 .data.__compound_literal.47
                0x20000374       0x10 CMakeFiles/STM32F407VGT6_TensorFlow-Lite-Micro.dir/X-CUBE-AI/App/hello_world.c.obj
 .data.__compound_literal.48
                0x20000384       0x10 CMakeFiles/STM32F407VGT6_TensorFlow-Lite-Micro.dir/X-CUBE-AI/App/hello_world.c.obj
 .data.gemm_2_scratch0
                0x20000394       0x1c CMakeFiles/STM32F407VGT6_TensorFlow-Lite-Micro.dir/X-CUBE-AI/App/hello_world.c.obj
 .data.__compound_literal.49
                0x200003b0       0x10 CMakeFiles/STM32F407VGT6_TensorFlow-Lite-Micro.dir/X-CUBE-AI/App/hello_world.c.obj
 .data.__compound_literal.50
                0x200003c0       0x10 CMakeFiles/STM32F407VGT6_TensorFlow-Lite-Micro.dir/X-CUBE-AI/App/hello_world.c.obj
 .data.gemm_2_weights
                0x200003d0       0x1c CMakeFiles/STM32F407VGT6_TensorFlow-Lite-Micro.dir/X-CUBE-AI/App/hello_world.c.obj
 .data.__compound_literal.51
                0x200003ec       0x10 CMakeFiles/STM32F407VGT6_TensorFlow-Lite-Micro.dir/X-CUBE-AI/App/hello_world.c.obj
 .data.__compound_literal.52
                0x200003fc       0x10 CMakeFiles/STM32F407VGT6_TensorFlow-Lite-Micro.dir/X-CUBE-AI/App/hello_world.c.obj
 .data.gemm_3_bias
                0x2000040c       0x1c CMakeFiles/STM32F407VGT6_TensorFlow-Lite-Micro.dir/X-CUBE-AI/App/hello_world.c.obj
 .data.__compound_literal.53
                0x20000428       0x10 CMakeFiles/STM32F407VGT6_TensorFlow-Lite-Micro.dir/X-CUBE-AI/App/hello_world.c.obj
 .data.__compound_literal.54
                0x20000438       0x10 CMakeFiles/STM32F407VGT6_TensorFlow-Lite-Micro.dir/X-CUBE-AI/App/hello_world.c.obj
 .data.gemm_3_output
                0x20000448       0x1c CMakeFiles/STM32F407VGT6_TensorFlow-Lite-Micro.dir/X-CUBE-AI/App/hello_world.c.obj
 .data.__compound_literal.55
                0x20000464       0x10 CMakeFiles/STM32F407VGT6_TensorFlow-Lite-Micro.dir/X-CUBE-AI/App/hello_world.c.obj
 .data.__compound_literal.56
                0x20000474       0x10 CMakeFiles/STM32F407VGT6_TensorFlow-Lite-Micro.dir/X-CUBE-AI/App/hello_world.c.obj
 .data.gemm_3_scratch0
                0x20000484       0x1c CMakeFiles/STM32F407VGT6_TensorFlow-Lite-Micro.dir/X-CUBE-AI/App/hello_world.c.obj
 .data.__compound_literal.57
                0x200004a0       0x10 CMakeFiles/STM32F407VGT6_TensorFlow-Lite-Micro.dir/X-CUBE-AI/App/hello_world.c.obj
 .data.__compound_literal.58
                0x200004b0       0x10 CMakeFiles/STM32F407VGT6_TensorFlow-Lite-Micro.dir/X-CUBE-AI/App/hello_world.c.obj
 .data.gemm_3_weights
                0x200004c0       0x1c CMakeFiles/STM32F407VGT6_TensorFlow-Lite-Micro.dir/X-CUBE-AI/App/hello_world.c.obj
 .data.__compound_literal.59
                0x200004dc       0x10 CMakeFiles/STM32F407VGT6_TensorFlow-Lite-Micro.dir/X-CUBE-AI/App/hello_world.c.obj
 .data.__compound_literal.60
                0x200004ec       0x10 CMakeFiles/STM32F407VGT6_TensorFlow-Lite-Micro.dir/X-CUBE-AI/App/hello_world.c.obj
 .data.serving_default_keras_tensor0_output
                0x200004fc       0x1c CMakeFiles/STM32F407VGT6_TensorFlow-Lite-Micro.dir/X-CUBE-AI/App/hello_world.c.obj
 .data.__compound_literal.61
                0x20000518        0x4 CMakeFiles/STM32F407VGT6_TensorFlow-Lite-Micro.dir/X-CUBE-AI/App/hello_world.c.obj
 .data.__compound_literal.62
                0x2000051c        0x4 CMakeFiles/STM32F407VGT6_TensorFlow-Lite-Micro.dir/X-CUBE-AI/App/hello_world.c.obj
 .data.__compound_literal.63
                0x20000520        0x8 CMakeFiles/STM32F407VGT6_TensorFlow-Lite-Micro.dir/X-CUBE-AI/App/hello_world.c.obj
 .data.__compound_literal.64
                0x20000528        0x4 CMakeFiles/STM32F407VGT6_TensorFlow-Lite-Micro.dir/X-CUBE-AI/App/hello_world.c.obj
 .data.__compound_literal.65
                0x2000052c       0x30 CMakeFiles/STM32F407VGT6_TensorFlow-Lite-Micro.dir/X-CUBE-AI/App/hello_world.c.obj
 .data.gemm_3_layer