D:/edgedownload/STM32F407VGT6_TensorFlow-Lite-Micro/stm32f4_tflm_project/tensorflow/lite/kernels/kernel_util.cpp:355:14:TfLiteStatus tflite::{anonymous}::CalculateActivationRangeQuantizedImpl(TfLiteContext*, TfLiteFusedActivation, int32_t, int32_t, TfLiteTensor*, int32_t*, int32_t*)	24	static
D:/edgedownload/STM32F407VGT6_TensorFlow-Lite-Micro/stm32f4_tflm_project/tensorflow/lite/kernels/kernel_util.cpp:113:21:const TfLiteTensor* tflite::GetInput(const TfLiteContext*, const TfLiteNode*, int)	0	static
D:/edgedownload/STM32F407VGT6_TensorFlow-Lite-Micro/stm32f4_tflm_project/tensorflow/lite/kernels/kernel_util.cpp:118:14:TfLiteStatus tflite::GetInputSafe(const TfLiteContext*, const TfLiteNode*, int, const TfLiteTensor**)	16	static
D:/edgedownload/STM32F407VGT6_TensorFlow-Lite-Micro/stm32f4_tflm_project/tensorflow/lite/kernels/kernel_util.cpp:123:15:TfLiteTensor* tflite::GetVariableInput(TfLiteContext*, const TfLiteNode*, int)	8	static
D:/edgedownload/STM32F407VGT6_TensorFlow-Lite-Micro/stm32f4_tflm_project/tensorflow/lite/kernels/kernel_util.cpp:130:15:TfLiteTensor* tflite::GetOutput(TfLiteContext*, const TfLiteNode*, int)	0	static
D:/edgedownload/STM32F407VGT6_TensorFlow-Lite-Micro/stm32f4_tflm_project/tensorflow/lite/kernels/kernel_util.cpp:140:14:TfLiteStatus tflite::GetOutputSafe(const TfLiteContext*, const TfLiteNode*, int, TfLiteTensor**)	16	static
D:/edgedownload/STM32F407VGT6_TensorFlow-Lite-Micro/stm32f4_tflm_project/tensorflow/lite/kernels/kernel_util.cpp:150:21:const TfLiteTensor* tflite::GetOptionalInputTensor(const TfLiteContext*, const TfLiteNode*, int)	0	static
D:/edgedownload/STM32F407VGT6_TensorFlow-Lite-Micro/stm32f4_tflm_project/tensorflow/lite/kernels/kernel_util.cpp:156:15:TfLiteTensor* tflite::GetTemporary(TfLiteContext*, const TfLiteNode*, int)	0	static
D:/edgedownload/STM32F407VGT6_TensorFlow-Lite-Micro/stm32f4_tflm_project/tensorflow/lite/kernels/kernel_util.cpp:166:14:TfLiteStatus tflite::GetTemporarySafe(const TfLiteContext*, const TfLiteNode*, int, TfLiteTensor**)	16	static
D:/edgedownload/STM32F407VGT6_TensorFlow-Lite-Micro/stm32f4_tflm_project/tensorflow/lite/kernels/kernel_util.cpp:177:21:const TfLiteTensor* tflite::GetIntermediates(TfLiteContext*, const TfLiteNode*, int)	0	static
D:/edgedownload/STM32F407VGT6_TensorFlow-Lite-Micro/stm32f4_tflm_project/tensorflow/lite/kernels/kernel_util.cpp:187:14:TfLiteStatus tflite::GetIntermediatesSafe(const TfLiteContext*, const TfLiteNode*, int, TfLiteTensor**)	16	static
D:/edgedownload/STM32F407VGT6_TensorFlow-Lite-Micro/stm32f4_tflm_project/tensorflow/lite/kernels/kernel_util.cpp:215:14:TfLiteStatus tflite::PopulateConvolutionQuantizationParams(TfLiteContext*, const TfLiteTensor*, const TfLiteTensor*, const TfLiteTensor*, TfLiteTensor*, const TfLiteFusedActivation&, int32_t*, int*, int32_t*, int32_t*, int32_t*, int32_t*, int)	112	static
D:/edgedownload/STM32F407VGT6_TensorFlow-Lite-Micro/stm32f4_tflm_project/tensorflow/lite/kernels/kernel_util.cpp:200:14:TfLiteStatus tflite::PopulateConvolutionQuantizationParams(TfLiteContext*, const TfLiteTensor*, const TfLiteTensor*, const TfLiteTensor*, TfLiteTensor*, const TfLiteFusedActivation&, int32_t*, int*, int32_t*, int32_t*, int32_t*, int32_t*)	48	static
D:/edgedownload/STM32F407VGT6_TensorFlow-Lite-Micro/stm32f4_tflm_project/tensorflow/lite/kernels/kernel_util.cpp:292:14:TfLiteStatus tflite::GetQuantizedConvolutionMultipler(TfLiteContext*, const TfLiteTensor*, const TfLiteTensor*, const TfLiteTensor*, TfLiteTensor*, double*)	32	static
D:/edgedownload/STM32F407VGT6_TensorFlow-Lite-Micro/stm32f4_tflm_project/tensorflow/lite/kernels/kernel_util.cpp:329:14:TfLiteStatus tflite::GetQuantizedConvolutionMultipler(TfLiteContext*, const TfLiteTensor*, const TfLiteTensor*, TfLiteTensor*, double*)	24	static
D:/edgedownload/STM32F407VGT6_TensorFlow-Lite-Micro/stm32f4_tflm_project/tensorflow/lite/kernels/kernel_util.cpp:389:14:TfLiteStatus tflite::CalculateActivationRangeQuantized(TfLiteContext*, TfLiteFusedActivation, TfLiteTensor*, int32_t*, int32_t*)	24	static
D:/edgedownload/STM32F407VGT6_TensorFlow-Lite-Micro/stm32f4_tflm_project/tensorflow/lite/kernels/kernel_util.cpp:413:6:bool tflite::HaveSameShapes(const TfLiteTensor*, const TfLiteTensor*)	8	static
D:/edgedownload/STM32F407VGT6_TensorFlow-Lite-Micro/stm32f4_tflm_project/tensorflow/lite/kernels/kernel_util.cpp:418:14:TfLiteStatus tflite::GetOutputShapeFromInput(TfLiteContext*, const TfLiteTensor*, TfLiteIntArray**)	24	static
D:/edgedownload/STM32F407VGT6_TensorFlow-Lite-Micro/stm32f4_tflm_project/tensorflow/lite/kernels/kernel_util.cpp:441:13:std::string tflite::GetShapeDebugString(const TfLiteIntArray*)	304	static
D:/edgedownload/STM32F407VGT6_TensorFlow-Lite-Micro/stm32f4_tflm_project/tensorflow/lite/kernels/kernel_util.cpp:459:13:std::string tflite::GetTensorDebugString(const TfLiteTensor*)	168	static
D:/edgedownload/STM32F407VGT6_TensorFlow-Lite-Micro/stm32f4_tflm_project/tensorflow/lite/kernels/kernel_util.cpp:465:14:TfLiteStatus tflite::CalculateShapeForBroadcast(TfLiteContext*, const TfLiteTensor*, const TfLiteTensor*, TfLiteIntArray**)	64	static
D:/edgedownload/STM32F407VGT6_TensorFlow-Lite-Micro/stm32f4_tflm_project/tensorflow/lite/kernels/kernel_util.cpp:495:14:TfLiteStatus tflite::CalculateShapeForBroadcast(TfLiteContext*, const TfLiteTensor*, const TfLiteTensor*, const TfLiteTensor*, TfLiteIntArray**)	56	static
D:/edgedownload/STM32F407VGT6_TensorFlow-Lite-Micro/stm32f4_tflm_project/tensorflow/lite/kernels/kernel_util.cpp:530:5:int tflite::TfLiteTypeGetSize(TfLiteType)	0	static
D:/edgedownload/STM32F407VGT6_TensorFlow-Lite-Micro/stm32f4_tflm_project/tensorflow/lite/kernels/kernel_util.cpp:540:5:int tflite::TfLiteTypeGetSizeBits(TfLiteType)	0	static
D:/edgedownload/STM32F407VGT6_TensorFlow-Lite-Micro/stm32f4_tflm_project/tensorflow/lite/kernels/kernel_util.cpp:577:6:bool tflite::IsMobilePlatform()	0	static
D:/edgedownload/STM32F407VGT6_TensorFlow-Lite-Micro/stm32f4_tflm_project/tensorflow/lite/kernels/kernel_util.cpp:587:6:bool tflite::HasUnspecifiedDimension(const TfLiteTensor*)	0	static
