D:/edgedownload/STM32F407VGT6_TensorFlow-Lite-Micro/stm32f4_tflm_project/tensorflow/lite/micro/micro_interpreter_graph.h:103:27:virtual tflite::MicroResourceVariables* tflite::MicroInterpreterGraph::GetResourceVariables()	0	static
D:/edgedownload/STM32F407VGT6_TensorFlow-Lite-Micro/stm32f4_tflm_project/tensorflow/lite/micro/micro_interpreter_graph.cpp:96:1:tflite::MicroInterpreterGraph::~MicroInterpreterGraph()	0	static
D:/edgedownload/STM32F407VGT6_TensorFlow-Lite-Micro/stm32f4_tflm_project/tensorflow/lite/micro/micro_interpreter_graph.cpp:96:1:virtual tflite::MicroInterpreterGraph::~MicroInterpreterGraph()	16	static
D:/edgedownload/STM32F407VGT6_TensorFlow-Lite-Micro/stm32f4_tflm_project/tensorflow/lite/micro/micro_interpreter_graph.cpp:98:14:virtual TfLiteStatus tflite::MicroInterpreterGraph::InitSubgraphs()	48	static
D:/edgedownload/STM32F407VGT6_TensorFlow-Lite-Micro/stm32f4_tflm_project/tensorflow/lite/micro/micro_interpreter_graph.cpp:185:14:virtual TfLiteStatus tflite::MicroInterpreterGraph::ResetSubgraphs()	40	static
D:/edgedownload/STM32F407VGT6_TensorFlow-Lite-Micro/stm32f4_tflm_project/tensorflow/lite/micro/micro_interpreter_graph.cpp:215:14:virtual TfLiteStatus tflite::MicroInterpreterGraph::FreeSubgraphs()	40	static
D:/edgedownload/STM32F407VGT6_TensorFlow-Lite-Micro/stm32f4_tflm_project/tensorflow/lite/micro/micro_interpreter_graph.cpp:136:14:virtual TfLiteStatus tflite::MicroInterpreterGraph::PrepareSubgraphs()	48	static
D:/edgedownload/STM32F407VGT6_TensorFlow-Lite-Micro/stm32f4_tflm_project/tensorflow/lite/micro/micro_interpreter_graph.cpp:245:14:virtual TfLiteStatus tflite::MicroInterpreterGraph::InvokeSubgraph(int)	32	static
D:/edgedownload/STM32F407VGT6_TensorFlow-Lite-Micro/stm32f4_tflm_project/third_party/flatbuffers/include/flatbuffers/vector.h:193:15:flatbuffers::Vector<T, SizeT>::return_type flatbuffers::Vector<T, SizeT>::Get(SizeT) const [with T = long int; SizeT = long unsigned int]	8	static
D:/edgedownload/STM32F407VGT6_TensorFlow-Lite-Micro/stm32f4_tflm_project/third_party/flatbuffers/include/flatbuffers/vector.h:193:15:flatbuffers::Vector<T, SizeT>::return_type flatbuffers::Vector<T, SizeT>::Get(SizeT) const [with T = flatbuffers::Offset<tflite::SubGraph>; SizeT = long unsigned int]	8	static
D:/edgedownload/STM32F407VGT6_TensorFlow-Lite-Micro/stm32f4_tflm_project/tensorflow/lite/micro/micro_interpreter_graph.cpp:394:19:virtual TfLiteEvalTensor* tflite::MicroInterpreterGraph::GetSubgraphOutput(int, int)	8	static
D:/edgedownload/STM32F407VGT6_TensorFlow-Lite-Micro/stm32f4_tflm_project/tensorflow/lite/micro/micro_interpreter_graph.cpp:368:5:virtual int tflite::MicroInterpreterGraph::NumSubgraphs()	0	static
D:/edgedownload/STM32F407VGT6_TensorFlow-Lite-Micro/stm32f4_tflm_project/tensorflow/lite/micro/micro_interpreter_graph.cpp:377:8:virtual size_t tflite::MicroInterpreterGraph::NumSubgraphInputs(int)	8	static
D:/edgedownload/STM32F407VGT6_TensorFlow-Lite-Micro/stm32f4_tflm_project/tensorflow/lite/micro/micro_interpreter_graph.cpp:388:8:virtual size_t tflite::MicroInterpreterGraph::NumSubgraphOutputs(int)	8	static
D:/edgedownload/STM32F407VGT6_TensorFlow-Lite-Micro/stm32f4_tflm_project/tensorflow/lite/micro/micro_interpreter_graph.cpp:381:19:virtual TfLiteEvalTensor* tflite::MicroInterpreterGraph::GetSubgraphInput(int, int)	8	static
D:/edgedownload/STM32F407VGT6_TensorFlow-Lite-Micro/stm32f4_tflm_project/tensorflow/lite/micro/micro_interpreter_graph.cpp:82:1:tflite::MicroInterpreterGraph::MicroInterpreterGraph(TfLiteContext*, const tflite::Model*, tflite::MicroAllocator*, tflite::MicroResourceVariables*)	4	static
D:/edgedownload/STM32F407VGT6_TensorFlow-Lite-Micro/stm32f4_tflm_project/tensorflow/lite/micro/micro_interpreter_graph.cpp:352:14:TfLiteStatus tflite::MicroInterpreterGraph::ResetTensorData(const tflite::Tensor*, TfLiteEvalTensor*)	32	static
D:/edgedownload/STM32F407VGT6_TensorFlow-Lite-Micro/stm32f4_tflm_project/tensorflow/lite/micro/micro_interpreter_graph.cpp:305:14:virtual TfLiteStatus tflite::MicroInterpreterGraph::ResetVariableTensors()	24	static
D:/edgedownload/STM32F407VGT6_TensorFlow-Lite-Micro/stm32f4_tflm_project/tensorflow/lite/micro/micro_interpreter_graph.cpp:324:14:virtual TfLiteStatus tflite::MicroInterpreterGraph::ResetVariableTensor(int, int)	8	static
D:/edgedownload/STM32F407VGT6_TensorFlow-Lite-Micro/stm32f4_tflm_project/tensorflow/lite/micro/micro_interpreter_graph.cpp:372:6:void tflite::MicroInterpreterGraph::SetSubgraphAllocations(tflite::SubgraphAllocations*)	0	static
